
> minicut@1.0.0 test:video-editor
> vitest --run --config vitest.video-editor.config.js


[1m[30m[46m RUN [49m[39m[22m [36mv4.1.5 [39m[90mD:/code/minicut[39m

 [31mтЭп[39m src/video-editor/models/Clip/actions.test.ts [2m([22m[2m2 tests[22m[2m | [22m[31m1 failed[39m[2m)[22m[32m 14[2mms[22m[39m
[31m     [31m├Ч[31m normalizes effect creation attrs[39m[32m 10[2mms[22m[39m
     [32mтЬУ[39m removes and reorders effect refs by DKT node id[32m 1[2mms[22m[39m
 [31mтЭп[39m src/video-editor/render/renderPlan.test.ts [2m([22m[2m10 tests[22m[2m | [22m[31m1 failed[39m[2m)[22m[32m 50[2mms[22m[39m
     [32mтЬУ[39m applies transform before effects and opacity in frame operations[32m 11[2mms[22m[39m
     [32mтЬУ[39m exports look browser params in color correction frame operations[32m 3[2mms[22m[39m
     [32mтЬУ[39m is deterministic for the same registry and time input[32m 2[2mms[22m[39m
     [32mтЬУ[39m compiles text clips into text draw operations without editframe media entries[32m 4[2mms[22m[39m
     [32mтЬУ[39m does not leak effects between clips[32m 2[2mms[22m[39m
     [32mтЬУ[39m evaluates clip-local opacity and transform keyframes in frame operations[32m 5[2mms[22m[39m
     [32mтЬУ[39m applies clip fades to evaluated opacity[32m 1[2mms[22m[39m
     [32mтЬУ[39m exports valid editframe clip structure with timeline mapping[32m 2[2mms[22m[39m
[31m     [31m├Ч[31m excludes muted tracks from frame operations and export source clips[39m[32m 14[2mms[22m[39m
     [32mтЬУ[39m compiles linked video audio clips with audio gain and pan for preview and export[32m 2[2mms[22m[39m
 [32mтЬУ[39m src/dkt-react-sync/components/Path.test.tsx [2m([22m[2m1 test[22m[2m)[22m[32m 219[2mms[22m[39m
 [32mтЬУ[39m src/dkt-react-sync/hooks/useActions.test.tsx [2m([22m[2m2 tests[22m[2m)[22m[32m 242[2mms[22m[39m
 [32mтЬУ[39m src/dkt-react-sync/components/One.test.tsx [2m([22m[2m2 tests[22m[2m)[22m[32m 251[2mms[22m[39m
 [31mтЭп[39m src/video-editor/domain/randomCommandInvariants.test.ts [2m([22m[2m1 test[22m[2m | [22m[31m1 failed[39m[2m)[22m[32m 154[2mms[22m[39m
[31m     [31m├Ч[31m keeps project graph valid across deterministic random command sequences[39m[32m 149[2mms[22m[39m
 [32mтЬУ[39m src/video-editor/render/debugRenderer.test.ts [2m([22m[2m11 tests[22m[2m)[22m[33m 394[2mms[22m[39m
     [33m[2mтЬУ[22m[39m random project time sweep never produces invalid draw calls [33m 379[2mms[22m[39m
 [31mтЭп[39m src/video-editor/render/exportRenderer.test.ts [2m([22m[2m16 tests[22m[2m | [22m[31m4 failed[39m[2m)[22m[32m 70[2mms[22m[39m
[31m     [31m├Ч[31m keeps trailing image frames after a short clip trimmed from a large video source[39m[32m 23[2mms[22m[39m
[31m     [31m├Ч[31m exports 'video' media for 'project' ranges[39m[32m 5[2mms[22m[39m
[31m     [31m├Ч[31m exports 'video' media for 'clip' ranges[39m[32m 4[2mms[22m[39m
     [32mтЬУ[39m exports 'image' media for 'project' ranges[32m 4[2mms[22m[39m
     [32mтЬУ[39m exports 'image' media for 'clip' ranges[32m 2[2mms[22m[39m
     [32mтЬУ[39m exports 'audio' media for 'project' ranges[32m 2[2mms[22m[39m
     [32mтЬУ[39m exports 'audio' media for 'clip' ranges[32m 2[2mms[22m[39m
     [32mтЬУ[39m writes evaluated keyframed scalar values into exported frame samples[32m 2[2mms[22m[39m
     [32mтЬУ[39m writes fade-adjusted opacity into exported frame samples[32m 2[2mms[22m[39m
     [32mтЬУ[39m uses project fps when the export request does not override it[32m 2[2mms[22m[39m
     [32mтЬУ[39m exports linked video audio clips with audio settings in project manifests[32m 2[2mms[22m[39m
     [32mтЬУ[39m records linked audio clip ids in selected video export diagnostics[32m 2[2mms[22m[39m
     [32mтЬУ[39m does not seek realtime video playback while it remains within frame tolerance[32m 0[2mms[22m[39m
     [32mтЬУ[39m paces recorded frames against target export time instead of adding render work time[32m 0[2mms[22m[39m
[31m     [31m├Ч[31m falls back to json manifest when video export is unsupported[39m[32m 7[2mms[22m[39m
     [32mтЬУ[39m throws when video export is unsupported and fallback is disabled[32m 3[2mms[22m[39m
[90mstdout[2m | src/video-editor/p2p/PageP2PManager.test.ts[2m > [22m[2mPageP2PManager[2m > [22m[2mbecomes server when room leader equals local peer
[22m[39m[minicut:p2p] page manager role=server { roomId: [32m'room-1'[39m, peerId: [32m'394fe075-407c-4d4d-b6e5-7f008a2a8a60'[39m }

[90mstdout[2m | src/video-editor/p2p/PageP2PManager.test.ts[2m > [22m[2mPageP2PManager[2m > [22m[2mignores stale leader assignments by epoch
[22m[39m[minicut:p2p] page manager role=client {
  roomId: [32m'room-1'[39m,
  peerId: [32m'bcf8f772-02dc-4e0e-8b0e-d968833e9d2f'[39m,
  serverPeerId: [32m'server-a'[39m
}

[90mstdout[2m | src/video-editor/p2p/PageP2PManager.test.ts[2m > [22m[2mPageP2PManager[2m > [22m[2mbecomes client and relays transport messages over data channel
[22m[39m[minicut:p2p] page manager role=client {
  roomId: [32m'room-1'[39m,
  peerId: [32m'6000daf3-7dcc-49bd-b84d-0104dc2ca3ac'[39m,
  serverPeerId: [32m'remote-server'[39m
}

[90mstdout[2m | src/video-editor/p2p/PageP2PManager.test.ts[2m > [22m[2mPageP2PManager[2m > [22m[2mnormalizes blob frames on the client resource transport without losing message order
[22m[39m[minicut:p2p] page manager role=client {
  roomId: [32m'room-1'[39m,
  peerId: [32m'87337cac-22ed-48df-a504-674b899d5043'[39m,
  serverPeerId: [32m'remote-server'[39m
}

[90mstdout[2m | src/video-editor/p2p/PageP2PManager.test.ts[2m > [22m[2mPageP2PManager[2m > [22m[2mpasses through unframed native binary resource messages
[22m[39m[minicut:p2p] page manager role=client {
  roomId: [32m'room-1'[39m,
  peerId: [32m'2534678e-5123-4763-8c83-c1c4e51382a3'[39m,
  serverPeerId: [32m'remote-server'[39m
}

[90mstdout[2m | src/video-editor/p2p/PageP2PManager.test.ts[2m > [22m[2mPageP2PManager[2m > [22m[2mapplies bufferedAmount backpressure before sending the next resource frame
[22m[39m[minicut:p2p] page manager role=client {
  roomId: [32m'room-1'[39m,
  peerId: [32m'45926bb4-b183-4620-8f2e-3a46de6dc8af'[39m,
  serverPeerId: [32m'remote-server'[39m
}

[90mstdout[2m | src/video-editor/p2p/PageP2PManager.test.ts[2m > [22m[2mPageP2PManager[2m > [22m[2mignores signaling errors after client transport is healthy
[22m[39m[minicut:p2p] page manager role=client {
  roomId: [32m'room-1'[39m,
  peerId: [32m'4ffa9e6c-14fb-42ad-b9fd-eef50cb4809e'[39m,
  serverPeerId: [32m'remote-server'[39m
}

[90mstdout[2m | src/video-editor/p2p/PageP2PManager.test.ts[2m > [22m[2mPageP2PManager[2m > [22m[2mhandles incoming offer in server mode and creates worker proxy bridge
[22m[39m[minicut:p2p] page manager role=server { roomId: [32m'room-1'[39m, peerId: [32m'3e3021f1-3086-4d1b-8cac-78d2a8afa19d'[39m }

[90mstdout[2m | src/video-editor/p2p/PageP2PManager.test.ts[2m > [22m[2mPageP2PManager[2m > [22m[2mannounces server resource transport only after resource data channel opens
[22m[39m[minicut:p2p] page manager role=server { roomId: [32m'room-1'[39m, peerId: [32m'8cafcb09-7651-4d63-9197-8cc4b69dd85d'[39m }

[90mstdout[2m | src/video-editor/p2p/PageP2PManager.test.ts[2m > [22m[2mPageP2PManager[2m > [22m[2mqueues ice candidates that arrive before the remote answer is applied
[22m[39m[minicut:p2p] page manager role=client {
  roomId: [32m'room-1'[39m,
  peerId: [32m'311d015e-fbe5-4156-8594-1e9a50808300'[39m,
  serverPeerId: [32m'remote-server'[39m
}

[90mstdout[2m | src/video-editor/p2p/PageP2PManager.test.ts[2m > [22m[2mPageP2PManager[2m > [22m[2memits timeout error when client connection remains disconnected
[22m[39m[minicut:p2p] page manager role=client {
  roomId: [32m'room-1'[39m,
  peerId: [32m'a4521427-ef1f-4fb4-9f93-3eb1fc874a78'[39m,
  serverPeerId: [32m'remote-server'[39m
}

[90mstdout[2m | src/video-editor/p2p/PageP2PManager.test.ts[2m > [22m[2mPageP2PManager[2m > [22m[2mfalls back to server when signaling fails while role is still undecided
[22m[39m[minicut:p2p] page manager role=server { roomId: [32m'room-1'[39m, peerId: [32m'e3ee525d-e0c4-4d2e-831e-e03031298b76'[39m }

[90mstdout[2m | src/video-editor/p2p/PageP2PManager.test.ts[2m > [22m[2mPageP2PManager[2m > [22m[2mannounces server-leaving before destroy when acting as server
[22m[39m[minicut:p2p] page manager role=server { roomId: [32m'room-1'[39m, peerId: [32m'9caea697-e26b-4952-8dfd-6babb6434d82'[39m }

[90mstdout[2m | src/video-editor/p2p/PageP2PManager.test.ts[2m > [22m[2mPageP2PManager[2m > [22m[2mreplaces existing peer connection when duplicate offer arrives from same remote peer
[22m[39m[minicut:p2p] page manager role=server { roomId: [32m'room-1'[39m, peerId: [32m'b4815211-36d7-442f-9485-5ea52dda2118'[39m }

[90mstdout[2m | src/video-editor/p2p/PageP2PManager.test.ts[2m > [22m[2mPageP2PManager[2m > [22m[2memits session-lost once when leader leaves member set
[22m[39m[minicut:p2p] page manager role=client {
  roomId: [32m'room-1'[39m,
  peerId: [32m'82910f6b-42c1-41b6-83aa-549aa1c3fe9f'[39m,
  serverPeerId: [32m'remote-server'[39m
}

[90mstdout[2m | src/video-editor/p2p/PageP2PManager.test.ts[2m > [22m[2mPageP2PManager[2m > [22m[2mswitches from server role to client role when newer leader epoch is received
[22m[39m[minicut:p2p] page manager role=server { roomId: [32m'room-1'[39m, peerId: [32m'0a7d6204-47ec-421b-a329-4c06d38c2aef'[39m }

[90mstdout[2m | src/video-editor/p2p/PageP2PManager.test.ts[2m > [22m[2mPageP2PManager[2m > [22m[2mswitches from server role to client role when newer leader epoch is received
[22m[39m[minicut:p2p] page manager role=client {
  roomId: [32m'room-1'[39m,
  peerId: [32m'0a7d6204-47ec-421b-a329-4c06d38c2aef'[39m,
  serverPeerId: [32m'remote-server'[39m
}

 [32mтЬУ[39m src/video-editor/p2p/PageP2PManager.test.ts [2m([22m[2m17 tests[22m[2m)[22m[32m 191[2mms[22m[39m
 [32mтЬУ[39m src/video-editor/page/createMiniCutEditorSession.test.ts [2m([22m[2m2 tests[22m[2m)[22m[32m 79[2mms[22m[39m
 [32mтЬУ[39m src/dkt-react-sync/hooks/useAttrs.test.tsx [2m([22m[2m2 tests[22m[2m)[22m[32m 61[2mms[22m[39m
 [32mтЬУ[39m src/video-editor/components/RendererStage.test.tsx [2m([22m[2m1 test[22m[2m)[22m[32m 103[2mms[22m[39m
 [32mтЬУ[39m src/video-editor/render/colorScopes.test.ts [2m([22m[2m7 tests[22m[2m)[22m[32m 40[2mms[22m[39m
 [32mтЬУ[39m src/video-editor/media/resourceTransferManager.test.ts [2m([22m[2m13 tests[22m[2m)[22m[33m 2959[2mms[22m[39m
     [33m[2mтЬУ[22m[39m surfaces partial progress before completion when head and transfer delay are constrained [33m 548[2mms[22m[39m
     [33m[2mтЬУ[22m[39m resumes a partial transfer after client transport reconnect [33m 603[2mms[22m[39m
     [33m[2mтЬУ[22m[39m retries a temporary resource error and resumes downloading [33m 662[2mms[22m[39m
[90mstdout[2m | src/video-editor/p2p/P2PAuthorityAdapter.test.ts[2m > [22m[2mP2PAuthorityAdapter[2m > [22m[2mqueues requests while role is undecided and flushes after server activation
[22m[39m[minicut:p2p] authority role=server { roomId: [32m'room-1'[39m, peerId: [32m'peer-local'[39m }

[90mstdout[2m | src/video-editor/p2p/P2PAuthorityAdapter.test.ts[2m > [22m[2mP2PAuthorityAdapter[2m > [22m[2mroutes authority requests over DataChannel transport in client mode
[22m[39m[minicut:p2p] authority role=client { roomId: [32m'room-1'[39m, peerId: [32m'peer-local'[39m }

[90mstdout[2m | src/video-editor/p2p/P2PAuthorityAdapter.test.ts[2m > [22m[2mP2PAuthorityAdapter[2m > [22m[2mrejects in-flight client requests on session loss and recovers on server role
[22m[39m[minicut:p2p] authority role=client { roomId: [32m'room-1'[39m, peerId: [32m'peer-local'[39m }

node.exe : [90mstderr[2m | src/video-editor/p2p/P2PAuthorityAdapter.test.ts[
2m > [22m[2mP2PAuthorityAdapter[2m > [22m[2mrejects in-flight client reque
sts on session loss and recovers on server role
строка:1 знак:1
+ & "C:\Program Files\nodejs/node.exe" "C:\Program Files\nodejs/node_mo ...
+ ~~~~~~~~~~~~~~~~~~~~~~~~~~~~~~~~~~~~~~~~~~~~~~~~~~~~~~~~~~~~~~~~~~~~~
    + CategoryInfo          : NotSpecified: ([90mstderr[2m... on server role 
   :String) [], RemoteException
    + FullyQualifiedErrorId : NativeCommandError
 
[22m[39m[minicut:p2p] session lost; waiting for role re-assignment { roomId: 
[32m'room-1'[39m, peerId: [32m'peer-local'[39m, reason: [32m'server-gone'
[39m }

[90mstdout[2m | src/video-editor/p2p/P2PAuthorityAdapter.test.ts[2m > [22m[2mP2PAuthorityAdapter[2m > [22m[2mrejects in-flight client requests on session loss and recovers on server role
[22m[39m[minicut:p2p] authority role=server { roomId: [32m'room-1'[39m, peerId: [32m'peer-local'[39m }

[90mstdout[2m | src/video-editor/p2p/P2PAuthorityAdapter.test.ts[2m > [22m[2mP2PAuthorityAdapter[2m > [22m[2mhydrates local authority snapshot when client fails over to server
[22m[39m[minicut:p2p] authority role=client { roomId: [32m'room-1'[39m, peerId: [32m'peer-local'[39m }

[90mstderr[2m | src/video-editor/p2p/P2PAuthorityAdapter.test.ts[2m > [22m
[2mP2PAuthorityAdapter[2m > [22m[2mhydrates local authority snapshot when cl
ient fails over to server
[22m[39m[minicut:p2p] session lost; waiting for role re-assignment { roomId: 
[32m'room-1'[39m, peerId: [32m'peer-local'[39m, reason: [32m'server-gone'
[39m }

[90mstdout[2m | src/video-editor/p2p/P2PAuthorityAdapter.test.ts[2m > [22m[2mP2PAuthorityAdapter[2m > [22m[2mhydrates local authority snapshot when client fails over to server
[22m[39m[minicut:p2p] authority role=server { roomId: [32m'room-1'[39m, peerId: [32m'peer-local'[39m }

[90mstdout[2m | src/video-editor/p2p/P2PAuthorityAdapter.test.ts[2m > [22m[2mP2PAuthorityAdapter[2m > [22m[2mqueues authority calls until the restored server snapshot is ready
[22m[39m[minicut:p2p] authority role=client { roomId: [32m'room-1'[39m, peerId: [32m'peer-local'[39m }

[90mstderr[2m | src/video-editor/p2p/P2PAuthorityAdapter.test.ts[2m > [22m
[2mP2PAuthorityAdapter[2m > [22m[2mqueues authority calls until the restored
 server snapshot is ready
[22m[39m[minicut:p2p] session lost; waiting for role re-assignment { roomId: 
[32m'room-1'[39m, peerId: [32m'peer-local'[39m, reason: [32m'server-gone'
[39m }

[90mstdout[2m | src/video-editor/p2p/P2PAuthorityAdapter.test.ts[2m > [22m[2mP2PAuthorityAdapter[2m > [22m[2mqueues authority calls until the restored server snapshot is ready
[22m[39m[minicut:p2p] authority role=server { roomId: [32m'room-1'[39m, peerId: [32m'peer-local'[39m }

[90mstdout[2m | src/video-editor/p2p/P2PAuthorityAdapter.test.ts[2m > [22m[2mP2PAuthorityAdapter[2m > [22m[2mrestores cached snapshots through the default fallback authority after failover
[22m[39m[minicut:p2p] authority role=client { roomId: [32m'room-default-restore'[39m, peerId: [32m'peer-local'[39m }

[90mstderr[2m | src/video-editor/p2p/P2PAuthorityAdapter.test.ts[2m > [22m
[2mP2PAuthorityAdapter[2m > [22m[2mrestores cached snapshots through the def
ault fallback authority after failover
[22m[39m[minicut:p2p] session lost; waiting for role re-assignment {
  roomId: [32m'room-default-restore'[39m,
  peerId: [32m'peer-local'[39m,
  reason: [32m'server-gone'[39m
}

[90mstdout[2m | src/video-editor/p2p/P2PAuthorityAdapter.test.ts[2m > [22m[2mP2PAuthorityAdapter[2m > [22m[2mrestores cached snapshots through the default fallback authority after failover
[22m[39m[minicut:p2p] authority role=server { roomId: [32m'room-default-restore'[39m, peerId: [32m'peer-local'[39m }

 [31mтЭп[39m src/video-editor/worker/memoryWorker.contract.test.ts [2m([22m[2m4 tests[22m[2m | [22m[31m1 failed[39m[2m)[22m[32m 167[2mms[22m[39m
     [32mтЬУ[39m starts with empty snapshot[32m 4[2mms[22m[39m
     [32mтЬУ[39m dispatches commands and updates snapshots deterministically[32m 15[2mms[22m[39m
     [32mтЬУ[39m notifies patch subscribers and honors unsubscribe[32m 9[2mms[22m[39m
[31m     [31m├Ч[31m replaces snapshots and notifies subscribers[39m[32m 133[2mms[22m[39m
 [32mтЬУ[39m src/video-editor/p2p/P2PAuthorityAdapter.test.ts [2m([22m[2m7 tests[22m[2m)[22m[32m 142[2mms[22m[39m
 [32mтЬУ[39m src/video-editor/worker/workerBoundary.test.ts [2m([22m[2m5 tests[22m[2m)[22m[32m 94[2mms[22m[39m
 [32mтЬУ[39m src/video-editor/node/headlessScenario.test.ts [2m([22m[2m2 tests[22m[2m)[22m[32m 110[2mms[22m[39m
 [31mтЭп[39m src/video-editor/worker/fallbackAuthorityClient.contract.test.ts [2m([22m[2m4 tests[22m[2m | [22m[31m1 failed[39m[2m)[22m[32m 174[2mms[22m[39m
     [32mтЬУ[39m starts with empty snapshot[32m 6[2mms[22m[39m
     [32mтЬУ[39m dispatches commands and updates snapshots deterministically[32m 20[2mms[22m[39m
     [32mтЬУ[39m notifies patch subscribers and honors unsubscribe[32m 11[2mms[22m[39m
[31m     [31m├Ч[31m replaces snapshots and notifies subscribers[39m[32m 131[2mms[22m[39m
[90mstdout[2m | src/video-editor/worker/memoryWorker.test.ts[2m > [22m[2mMemoryWorkerAuthority[2m > [22m[2mstreams project hierarchy to a page DKT replica over openDktTransport
[22m[39mpath_to_send [ [32m'project'[39m ]

[90mstdout[2m | src/video-editor/worker/memoryWorker.test.ts[2m > [22m[2mMemoryWorkerAuthority[2m > [22m[2mstreams project hierarchy to a page DKT replica over openDktTransport
[22m[39mpath_to_send [ [32m'project'[39m, [32m'tracks'[39m ]

[90mstdout[2m | src/video-editor/dkt/runtime/createMiniCutDktRuntime.test.ts[2m > [22m[2mcreateMiniCutDktRuntime[2m > [22m[2mboots transport sync on the session root and resolves scoped dispatch inside that tree
[22m[39mpath_to_send [ [32m'project'[39m ]

[90mstdout[2m | src/video-editor/worker/memoryWorker.test.ts[2m > [22m[2mMemoryWorkerAuthority[2m > [22m[2mstreams project hierarchy to a page DKT replica over openDktTransport
[22m[39mpath_to_send [ [32m'project'[39m, [32m'resources'[39m ]

[90mstdout[2m | src/video-editor/dkt/runtime/createMiniCutDktRuntime.test.ts[2m > [22m[2mcreateMiniCutDktRuntime[2m > [22m[2mboots transport sync on the session root and resolves scoped dispatch inside that tree
[22m[39mpath_to_send [ [32m'project'[39m, [32m'tracks'[39m ]

[90mstdout[2m | src/video-editor/worker/memoryWorker.test.ts[2m > [22m[2mMemoryWorkerAuthority[2m > [22m[2mstreams project hierarchy to a page DKT replica over openDktTransport
[22m[39mpath_to_send [ [32m'project'[39m, [32m'tracks'[39m, [32m'clips'[39m ]

[90mstdout[2m | src/video-editor/dkt/runtime/createMiniCutDktRuntime.test.ts[2m > [22m[2mcreateMiniCutDktRuntime[2m > [22m[2mboots transport sync on the session root and resolves scoped dispatch inside that tree
[22m[39mpath_to_send [ [32m'project'[39m, [32m'resources'[39m ]

[90mstdout[2m | src/video-editor/worker/memoryWorker.test.ts[2m > [22m[2mMemoryWorkerAuthority[2m > [22m[2mstreams project hierarchy to a page DKT replica over openDktTransport
[22m[39mpath_to_send [ [32m'project'[39m, [32m'tracks'[39m, [32m'clips'[39m, [32m'resource'[39m ]

[90mstdout[2m | src/video-editor/dkt/runtime/createMiniCutDktRuntime.test.ts[2m > [22m[2mcreateMiniCutDktRuntime[2m > [22m[2mboots transport sync on the session root and resolves scoped dispatch inside that tree
[22m[39mpath_to_send [ [32m'project'[39m, [32m'tracks'[39m, [32m'clips'[39m ]

[90mstdout[2m | src/video-editor/worker/memoryWorker.test.ts[2m > [22m[2mMemoryWorkerAuthority[2m > [22m[2mstreams project hierarchy to a page DKT replica over openDktTransport
[22m[39mpath_to_send [ [32m'project'[39m, [32m'tracks'[39m, [32m'clips'[39m, [32m'text'[39m ]

[90mstdout[2m | src/video-editor/dkt/runtime/createMiniCutDktRuntime.test.ts[2m > [22m[2mcreateMiniCutDktRuntime[2m > [22m[2mboots transport sync on the session root and resolves scoped dispatch inside that tree
[22m[39mpath_to_send [ [32m'project'[39m, [32m'tracks'[39m, [32m'clips'[39m, [32m'resource'[39m ]

[90mstdout[2m | src/video-editor/worker/memoryWorker.test.ts[2m > [22m[2mMemoryWorkerAuthority[2m > [22m[2mstreams project hierarchy to a page DKT replica over openDktTransport
[22m[39mpath_to_send [ [32m'project'[39m, [32m'tracks'[39m, [32m'clips'[39m, [32m'effects'[39m ]

[90mstdout[2m | src/video-editor/worker/memoryWorker.test.ts[2m > [22m[2mMemoryWorkerAuthority[2m > [22m[2mstreams project hierarchy to a page DKT replica over openDktTransport
[22m[39mpath_to_send [ [32m'effect'[39m ]

[90mstdout[2m | src/video-editor/dkt/runtime/createMiniCutDktRuntime.test.ts[2m > [22m[2mcreateMiniCutDktRuntime[2m > [22m[2mboots transport sync on the session root and resolves scoped dispatch inside that tree
[22m[39mpath_to_send [ [32m'project'[39m, [32m'tracks'[39m, [32m'clips'[39m, [32m'text'[39m ]

[90mstdout[2m | src/video-editor/dkt/runtime/createMiniCutDktRuntime.test.ts[2m > [22m[2mcreateMiniCutDktRuntime[2m > [22m[2mboots transport sync on the session root and resolves scoped dispatch inside that tree
[22m[39mpath_to_send [ [32m'project'[39m, [32m'tracks'[39m, [32m'clips'[39m, [32m'effects'[39m ]

[90mstdout[2m | src/video-editor/dkt/runtime/createMiniCutDktRuntime.test.ts[2m > [22m[2mcreateMiniCutDktRuntime[2m > [22m[2mboots transport sync on the session root and resolves scoped dispatch inside that tree
[22m[39mpath_to_send [ [32m'effect'[39m ]

 [31mтЭп[39m src/video-editor/dkt/runtime/createMiniCutDktRuntime.test.ts [2m([22m[2m11 tests[22m[2m | [22m[31m4 failed[39m[2m)[22m[32m 263[2mms[22m[39m
     [32mтЬУ[39m does not boot while disabled[32m 6[2mms[22m[39m
     [32mтЬУ[39m boots MiniCut DKT app root and dispatches a pure root action[32m 24[2mms[22m[39m
[31m     [31m├Ч[31m boots a DKT session root and dispatches session actions[39m[32m 25[2mms[22m[39m
[31m     [31m├Ч[31m creates an active project with default tracks from the session root action[39m[32m 26[2mms[22m[39m
     [32mтЬУ[39m creates a DKT clip seed and dispatches scoped clip actions[32m 16[2mms[22m[39m
     [32mтЬУ[39m creates DKT text and effect seeds and dispatches attr actions[32m 22[2mms[22m[39m
     [32mтЬУ[39m creates structural project, track, and resource seeds[32m 14[2mms[22m[39m
     [32mтЬУ[39m creates hierarchy children through model-owned DKT actions[32m 36[2mms[22m[39m
[31m     [31m├Ч[31m owns command dispatch state as a DKT root registry snapshot[39m[32m 37[2mms[22m[39m
[31m     [31m├Ч[31m materializes project hierarchy when replacing the registry snapshot directly[39m[32m 26[2mms[22m[39m
     [32mтЬУ[39m boots transport sync on the session root and resolves scoped dispatch inside that tree[32m 26[2mms[22m[39m
(node:20628) PromiseRejectionHandledWarning: Promise rejection was handled asyn
chronously (rejection id: 1)
(Use `node --trace-warnings ...` to show where the warning was created)
 [31mтЭп[39m src/video-editor/app/createVideoEditorHarness.test.ts [2m([22m[2m20 tests[22m[2m | [22m[31m20 failed[39m[2m)[22m[33m 304[2mms[22m[39m
[31m     [31m├Ч[31m does not auto-create an initial project when authority is already a p2p client[39m[32m 69[2mms[22m[39m
[31m     [31m├Ч[31m auto-creates exactly one initial project when authority is server[39m[32m 8[2mms[22m[39m
[31m     [31m├Ч[31m filters unsupported files and imports real media duration from metadata[39m[32m 23[2mms[22m[39m
[31m     [31m├Ч[31m uses one second for images and fallback duration when media metadata fails[39m[32m 10[2mms[22m[39m
[31m     [31m├Ч[31m does not dispatch async media imports after destroy[39m[32m 43[2mms[22m[39m
[31m     [31m├Ч[31m uses injected platform adapters for media duration and object URL lifecycle[39m[32m 8[2mms[22m[39m
[31m     [31m├Ч[31m auto-adds an imported sample only when the timeline is empty[39m[32m 8[2mms[22m[39m
[31m     [31m├Ч[31m scoped clip actions update the requested clip instead of the selected clip[39m[32m 9[2mms[22m[39m
[31m     [31m├Ч[31m uses session activeProjectId over registry activeProjectId when both are valid[39m[32m 8[2mms[22m[39m
[31m     [31m├Ч[31m falls back to registry activeProjectId when session activeProjectId is stale[39m[32m 7[2mms[22m[39m
[31m     [31m├Ч[31m exports the selected clip as a render manifest and revokes its download URL[39m[32m 9[2mms[22m[39m
[31m     [31m├Ч[31m exports the active project as a render manifest[39m[32m 6[2mms[22m[39m
[31m     [31m├Ч[31m requests video-webm format from project export renderer[39m[32m 33[2mms[22m[39m
[31m     [31m├Ч[31m exports p2p resources with resolved transfer URLs without mutating domain state[39m[32m 13[2mms[22m[39m
[31m     [31m├Ч[31m tracks in-point and clamps trim start to keep positive duration[39m[32m 9[2mms[22m[39m
[31m     [31m├Ч[31m splits selected clip at playhead and keeps resulting durations aligned[39m[32m 9[2mms[22m[39m
[31m     [31m├Ч[31m removes a single effect from selected clip[39m[32m 6[2mms[22m[39m
[31m     [31m├Ч[31m wraps cursor in tickPlayback and routes audio clips to the audio track[39m[32m 6[2mms[22m[39m
[31m     [31m├Ч[31m skips dispatching move command when delta is zero[39m[32m 4[2mms[22m[39m
[31m     [31m├Ч[31m forwards project export progress updates to callback[39m[32m 5[2mms[22m[39m
[90mstdout[2m | src/video-editor/p2p/BridgeSignaling.test.ts[2m > [22m[2mcreateDoSignalingFactory[2m > [22m[2mopens ws and sends join on connect
[22m[39m[minicut:signal] WebSocket signaling connected {
  roomId: [32m'test-room'[39m,
  peerId: [32m'peer-a'[39m,
  url: [32m'ws://127.0.0.1:8790/api/signal/test-room'[39m
}

[90mstdout[2m | src/video-editor/p2p/BridgeSignaling.test.ts[2m > [22m[2mcreateDoSignalingFactory[2m > [22m[2mhandles room-state membership and leader assignment
[22m[39m[minicut:signal] WebSocket signaling connected {
  roomId: [32m'room-1'[39m,
  peerId: [32m'peer-a'[39m,
  url: [32m'ws://127.0.0.1:8790/api/signal/room-1'[39m
}

[90mstdout[2m | src/video-editor/p2p/BridgeSignaling.test.ts[2m > [22m[2mcreateDoSignalingFactory[2m > [22m[2memits connected only once across repeated room-state updates
[22m[39m[minicut:signal] WebSocket signaling connected {
  roomId: [32m'room-1'[39m,
  peerId: [32m'peer-a'[39m,
  url: [32m'ws://127.0.0.1:8790/api/signal/room-1'[39m
}

[90mstdout[2m | src/video-editor/p2p/BridgeSignaling.test.ts[2m > [22m[2mcreateDoSignalingFactory[2m > [22m[2mignores stale leader-changed epochs
[22m[39m[minicut:signal] WebSocket signaling connected {
  roomId: [32m'room-1'[39m,
  peerId: [32m'peer-a'[39m,
  url: [32m'ws://127.0.0.1:8790/api/signal/room-1'[39m
}

[90mstdout[2m | src/video-editor/p2p/BridgeSignaling.test.ts[2m > [22m[2mcreateDoSignalingFactory[2m > [22m[2mfilters self and foreign targeted signals
[22m[39m[minicut:signal] WebSocket signaling connected {
  roomId: [32m'room-1'[39m,
  peerId: [32m'peer-a'[39m,
  url: [32m'ws://127.0.0.1:8790/api/signal/room-1'[39m
}

[90mstdout[2m | src/video-editor/p2p/BridgeSignaling.test.ts[2m > [22m[2mcreateDoSignalingFactory[2m > [22m[2mrelays server-leaving messages to the manager
[22m[39m[minicut:signal] WebSocket signaling connected {
  roomId: [32m'room-1'[39m,
  peerId: [32m'peer-a'[39m,
  url: [32m'ws://127.0.0.1:8790/api/signal/room-1'[39m
}

[90mstdout[2m | src/video-editor/p2p/BridgeSignaling.test.ts[2m > [22m[2mcreateDoSignalingFactory[2m > [22m[2msendSignal and sendBye use do wire protocol
[22m[39m[minicut:signal] WebSocket signaling connected {
  roomId: [32m'room-bye'[39m,
  peerId: [32m'peer-a'[39m,
  url: [32m'ws://127.0.0.1:8790/api/signal/room-bye'[39m
}

[90mstdout[2m | src/video-editor/p2p/BridgeSignaling.test.ts[2m > [22m[2mcreateDoSignalingFactory[2m > [22m[2msends signals with the current room id and leader epoch
[22m[39m[minicut:signal] WebSocket signaling connected {
  roomId: [32m'room-epoch'[39m,
  peerId: [32m'peer-a'[39m,
  url: [32m'ws://127.0.0.1:8790/api/signal/room-epoch'[39m
}

[90mstdout[2m | src/video-editor/p2p/BridgeSignaling.test.ts[2m > [22m[2mcreateDoSignalingFactory[2m > [22m[2mignores room-state and signals from another room id
[22m[39m[minicut:signal] WebSocket signaling connected {
  roomId: [32m'room-local'[39m,
  peerId: [32m'peer-a'[39m,
  url: [32m'ws://127.0.0.1:8790/api/signal/room-local'[39m
}

[90mstdout[2m | src/video-editor/p2p/BridgeSignaling.test.ts[2m > [22m[2mcreateDoSignalingFactory[2m > [22m[2mretries when ws closes before room-state
[22m[39m[minicut:signal] WebSocket signaling connected {
  roomId: [32m'room-1'[39m,
  peerId: [32m'peer-a'[39m,
  url: [32m'ws://127.0.0.1:8790/api/signal/room-1'[39m
}

[90mstderr[2m | src/video-editor/p2p/BridgeSignaling.test.ts[2m > [22m[2mc
reateDoSignalingFactory[2m > [22m[2mretries when ws closes before room-state
[22m[39m[minicut:signal] reconnecting WebSocket signaling { roomId: [32m'roo
m-1'[39m, peerId: [32m'peer-a'[39m, retryCount: [33m0[39m }

[90mstdout[2m | src/video-editor/p2p/BridgeSignaling.test.ts[2m > [22m[2mcreateDoSignalingFactory[2m > [22m[2mreconnects when ws closes after room-state
[22m[39m[minicut:signal] WebSocket signaling connected {
  roomId: [32m'room-1'[39m,
  peerId: [32m'peer-a'[39m,
  url: [32m'ws://127.0.0.1:8790/api/signal/room-1'[39m
}

[90mstderr[2m | src/video-editor/p2p/BridgeSignaling.test.ts[2m > [22m[2mc
reateDoSignalingFactory[2m > [22m[2mreconnects when ws closes after room-sta
te
[22m[39m[minicut:signal] reconnecting WebSocket signaling { roomId: [32m'roo
m-1'[39m, peerId: [32m'peer-a'[39m, retryCount: [33m0[39m }

[90mstdout[2m | src/video-editor/p2p/BridgeSignaling.test.ts[2m > [22m[2mcreateDoSignalingFactory[2m > [22m[2memits member-left when room-state excludes known peer
[22m[39m[minicut:signal] WebSocket signaling connected {
  roomId: [32m'room-1'[39m,
  peerId: [32m'peer-a'[39m,
  url: [32m'ws://127.0.0.1:8790/api/signal/room-1'[39m
}

[90mstderr[2m | src/video-editor/p2p/BridgeSignaling.test.ts[2m > [22m[2mc
reateDoSignalingFactory[2m > [22m[2mfires error after retry budget is exhaus
ted
[22m[39m[minicut:signal] reconnecting WebSocket signaling { roomId: [32m'roo
m-1'[39m, peerId: [32m'peer-a'[39m, retryCount: [33m0[39m }

 [32mтЬУ[39m src/dkt-react-sync/components/Many.test.tsx [2m([22m[2m2 tests[22m[2m)[22m[32m 107[2mms[22m[39m
[90mstderr[2m | src/video-editor/p2p/BridgeSignaling.test.ts[2m > [22m[2mc
reateDoSignalingFactory[2m > [22m[2mfires error after retry budget is exhaus
ted
[22m[39m[minicut:signal] reconnecting WebSocket signaling { roomId: [32m'roo
m-1'[39m, peerId: [32m'peer-a'[39m, retryCount: [33m1[39m }

[90mstderr[2m | src/video-editor/p2p/BridgeSignaling.test.ts[2m > [22m[2mc
reateDoSignalingFactory[2m > [22m[2mfires error after retry budget is exhaus
ted
[22m[39m[minicut:signal] reconnecting WebSocket signaling { roomId: [32m'roo
m-1'[39m, peerId: [32m'peer-a'[39m, retryCount: [33m2[39m }

[90mstderr[2m | src/video-editor/p2p/BridgeSignaling.test.ts[2m > [22m[2mc
reateDoSignalingFactory[2m > [22m[2mfires error after retry budget is exhaus
ted
[22m[39m[minicut:signal] reconnecting WebSocket signaling { roomId: [32m'roo
m-1'[39m, peerId: [32m'peer-a'[39m, retryCount: [33m3[39m }
[minicut:signal] WebSocket signaling exhausted retries { roomId: [32m'room-1'
[39m, peerId: [32m'peer-a'[39m }

[90mstderr[2m | src/video-editor/p2p/BridgeSignaling.test.ts[2m > [22m[2mc
reateDoSignalingFactory[2m > [22m[2mdoes not schedule duplicate retries when
 error is followed by close
[22m[39m[minicut:signal] reconnecting WebSocket signaling { roomId: [32m'roo
m-1'[39m, peerId: [32m'peer-a'[39m, retryCount: [33m0[39m }

 [32mтЬУ[39m src/video-editor/p2p/BridgeSignaling.test.ts [2m([22m[2m15 tests[22m[2m)[22m[32m 78[2mms[22m[39m
 [32mтЬУ[39m src/video-editor/domain/validateCommand.test.ts [2m([22m[2m20 tests[22m[2m)[22m[32m 47[2mms[22m[39m
 [32mтЬУ[39m src/video-editor/app/createDktActionRuntime.test.ts [2m([22m[2m3 tests[22m[2m)[22m[32m 24[2mms[22m[39m
[90mstdout[2m | src/video-editor/dkt/runtime/workerModelRuntime.test.ts[2m > [22m[2mcreateMiniCutDktWorkerModelRuntime[2m > [22m[2mtracks model sessions per worker connection
[22m[39mpath_to_send [ [32m'project'[39m ]

[90mstdout[2m | src/video-editor/dkt/runtime/workerModelRuntime.test.ts[2m > [22m[2mcreateMiniCutDktWorkerModelRuntime[2m > [22m[2mtracks model sessions per worker connection
[22m[39mpath_to_send [ [32m'project'[39m, [32m'tracks'[39m ]

[90mstdout[2m | src/video-editor/dkt/runtime/workerModelRuntime.test.ts[2m > [22m[2mcreateMiniCutDktWorkerModelRuntime[2m > [22m[2mtracks model sessions per worker connection
[22m[39mpath_to_send [ [32m'project'[39m, [32m'resources'[39m ]

[90mstdout[2m | src/video-editor/dkt/runtime/workerModelRuntime.test.ts[2m > [22m[2mcreateMiniCutDktWorkerModelRuntime[2m > [22m[2mtracks model sessions per worker connection
[22m[39mpath_to_send [ [32m'project'[39m, [32m'tracks'[39m, [32m'clips'[39m ]

[90mstdout[2m | src/video-editor/dkt/runtime/workerModelRuntime.test.ts[2m > [22m[2mcreateMiniCutDktWorkerModelRuntime[2m > [22m[2mtracks model sessions per worker connection
[22m[39mpath_to_send [ [32m'project'[39m, [32m'tracks'[39m, [32m'clips'[39m, [32m'resource'[39m ]

[90mstdout[2m | src/video-editor/dkt/runtime/workerModelRuntime.test.ts[2m > [22m[2mcreateMiniCutDktWorkerModelRuntime[2m > [22m[2mtracks model sessions per worker connection
[22m[39mpath_to_send [ [32m'project'[39m, [32m'tracks'[39m, [32m'clips'[39m, [32m'text'[39m ]

[90mstdout[2m | src/video-editor/dkt/runtime/workerModelRuntime.test.ts[2m > [22m[2mcreateMiniCutDktWorkerModelRuntime[2m > [22m[2mtracks model sessions per worker connection
[22m[39mpath_to_send [ [32m'project'[39m, [32m'tracks'[39m, [32m'clips'[39m, [32m'effects'[39m ]

[90mstdout[2m | src/video-editor/dkt/runtime/workerModelRuntime.test.ts[2m > [22m[2mcreateMiniCutDktWorkerModelRuntime[2m > [22m[2mtracks model sessions per worker connection
[22m[39mpath_to_send [ [32m'effect'[39m ]

 [32mтЬУ[39m src/video-editor/dkt/runtime/workerModelRuntime.test.ts [2m([22m[2m1 test[22m[2m)[22m[32m 61[2mms[22m[39m
 [32mтЬУ[39m src/video-editor/worker/authorityRuntimeParity.test.ts [2m([22m[2m1 test[22m[2m)[22m[32m 57[2mms[22m[39m
[90mstdout[2m | src/video-editor/tests/video-editor.happy-path.test.tsx[2m > [22m[2mvideo editor harness[2m > [22m[2mruns the happy path: project -> import -> clip -> inspect -> split -> nudge
[22m[39mpath_to_send [ [32m'project'[39m ]

[90mstdout[2m | src/video-editor/tests/video-editor.happy-path.test.tsx[2m > [22m[2mvideo editor harness[2m > [22m[2mruns the happy path: project -> import -> clip -> inspect -> split -> nudge
[22m[39mpath_to_send [ [32m'project'[39m, [32m'tracks'[39m ]

[90mstdout[2m | src/video-editor/tests/video-editor.happy-path.test.tsx[2m > [22m[2mvideo editor harness[2m > [22m[2mruns the happy path: project -> import -> clip -> inspect -> split -> nudge
[22m[39mpath_to_send [ [32m'project'[39m, [32m'resources'[39m ]

[90mstdout[2m | src/video-editor/tests/video-editor.happy-path.test.tsx[2m > [22m[2mvideo editor harness[2m > [22m[2mruns the happy path: project -> import -> clip -> inspect -> split -> nudge
[22m[39mpath_to_send [ [32m'project'[39m, [32m'tracks'[39m, [32m'clips'[39m ]

[90mstdout[2m | src/video-editor/tests/video-editor.happy-path.test.tsx[2m > [22m[2mvideo editor harness[2m > [22m[2mruns the happy path: project -> import -> clip -> inspect -> split -> nudge
[22m[39mpath_to_send [ [32m'project'[39m, [32m'tracks'[39m, [32m'clips'[39m, [32m'resource'[39m ]

[90mstdout[2m | src/video-editor/tests/video-editor.happy-path.test.tsx[2m > [22m[2mvideo editor harness[2m > [22m[2mruns the happy path: project -> import -> clip -> inspect -> split -> nudge
[22m[39mpath_to_send [ [32m'project'[39m, [32m'tracks'[39m, [32m'clips'[39m, [32m'text'[39m ]

[90mstdout[2m | src/video-editor/tests/video-editor.happy-path.test.tsx[2m > [22m[2mvideo editor harness[2m > [22m[2mruns the happy path: project -> import -> clip -> inspect -> split -> nudge
[22m[39mpath_to_send [ [32m'project'[39m, [32m'tracks'[39m, [32m'clips'[39m, [32m'effects'[39m ]

[90mstdout[2m | src/video-editor/tests/video-editor.happy-path.test.tsx[2m > [22m[2mvideo editor harness[2m > [22m[2mruns the happy path: project -> import -> clip -> inspect -> split -> nudge
[22m[39mpath_to_send [ [32m'effect'[39m ]

 [32mтЬУ[39m src/video-editor/render-sync/createDktPageEditorRenderRuntime.test.ts [2m([22m[2m3 tests[22m[2m)[22m[32m 18[2mms[22m[39m
 [32mтЬУ[39m src/video-editor/domain/textEditing.test.ts [2m([22m[2m4 tests[22m[2m)[22m[32m 20[2mms[22m[39m
 [32mтЬУ[39m src/video-editor/domain/timelineInvariants.test.ts [2m([22m[2m4 tests[22m[2m)[22m[32m 24[2mms[22m[39m
 [32mтЬУ[39m src/video-editor/domain/colorEffects.test.ts [2m([22m[2m5 tests[22m[2m)[22m[32m 23[2mms[22m[39m
 [32mтЬУ[39m src/video-editor/dkt/clipActions.test.ts [2m([22m[2m4 tests[22m[2m)[22m[32m 20[2mms[22m[39m
 [32mтЬУ[39m src/video-editor/dkt/runtime/createMiniCutPageSyncRuntime.test.ts [2m([22m[2m3 tests[22m[2m)[22m[32m 18[2mms[22m[39m
 [32mтЬУ[39m src/video-editor/color/framePalette.test.ts [2m([22m[2m3 tests[22m[2m)[22m[32m 15[2mms[22m[39m
 [32mтЬУ[39m src/video-editor/domain/actionCommandBuilders.test.ts [2m([22m[2m6 tests[22m[2m)[22m[32m 17[2mms[22m[39m
 [32mтЬУ[39m src/dkt-react-sync/receiver/ReactSyncReceiver.test.ts [2m([22m[2m4 tests[22m[2m)[22m[32m 19[2mms[22m[39m
 [32mтЬУ[39m src/video-editor/app/sessionRootActions.test.ts [2m([22m[2m4 tests[22m[2m)[22m[32m 18[2mms[22m[39m
 [32mтЬУ[39m src/video-editor/domain/resourceData.test.ts [2m([22m[2m4 tests[22m[2m)[22m[32m 15[2mms[22m[39m
 [32mтЬУ[39m src/video-editor/models/Resource/effects.test.ts [2m([22m[2m2 tests[22m[2m)[22m[32m 12[2mms[22m[39m
 [31mтЭп[39m src/video-editor/worker/memoryWorker.test.ts [2m([22m[2m8 tests[22m[2m | [22m[31m1 failed[39m[2m)[22m[33m 5133[2mms[22m[39m
     [32mтЬУ[39m applies patch envelopes in place while keeping graph indexes consistent[32m 40[2mms[22m[39m
     [32mтЬУ[39m keeps project roots intact after deleting a clip node[32m 13[2mms[22m[39m
     [32mтЬУ[39m does not increment project version when invalid commands throw[32m 12[2mms[22m[39m
     [32mтЬУ[39m applies sequential versions when dispatch calls happen in quick succession[32m 12[2mms[22m[39m
     [32mтЬУ[39m keeps clip-track indexes empty for newly created tracks without clips[32m 7[2mms[22m[39m
     [32mтЬУ[39m removes patch listeners after destroy[32m 9[2mms[22m[39m
     [32mтЬУ[39m applies a mixed command sequence deterministically[32m 12[2mms[22m[39m
[31m     [31m├Ч[31m streams project hierarchy to a page DKT replica over openDktTransport[39m[33m 5016[2mms[22m[39m
 [32mтЬУ[39m src/video-editor/dkt/sessionActions.test.ts [2m([22m[2m3 tests[22m[2m)[22m[32m 12[2mms[22m[39m
 [32mтЬУ[39m src/video-editor/app/runtimeTaskFacade.test.ts [2m([22m[2m3 tests[22m[2m)[22m[32m 14[2mms[22m[39m
 [32mтЬУ[39m src/video-editor/media/resourceTransferScheduler.test.ts [2m([22m[2m4 tests[22m[2m)[22m[32m 13[2mms[22m[39m
 [32mтЬУ[39m src/video-editor/render/colorPipeline.test.ts [2m([22m[2m3 tests[22m[2m)[22m[32m 10[2mms[22m[39m
 [32mтЬУ[39m src/video-editor/render/timing.test.ts [2m([22m[2m4 tests[22m[2m)[22m[32m 9[2mms[22m[39m
 [32mтЬУ[39m src/video-editor/app/roomUrlState.test.ts [2m([22m[2m5 tests[22m[2m)[22m[32m 11[2mms[22m[39m
 [32mтЬУ[39m src/video-editor/models/Project/effects.test.ts [2m([22m[2m2 tests[22m[2m)[22m[32m 11[2mms[22m[39m
 [32mтЬУ[39m src/video-editor/render/previewRenderPlan.test.ts [2m([22m[2m2 tests[22m[2m)[22m[32m 13[2mms[22m[39m
 [32mтЬУ[39m src/video-editor/color/oklch.test.ts [2m([22m[2m3 tests[22m[2m)[22m[32m 13[2mms[22m[39m
 [32mтЬУ[39m src/video-editor/color/looks.test.ts [2m([22m[2m3 tests[22m[2m)[22m[32m 11[2mms[22m[39m
[90mstdout[2m | src/video-editor/tests/video-editor.happy-path.test.tsx[2m > [22m[2mvideo editor harness[2m > [22m[2msplits clip at playhead and updates timeline clip widths from resulting durations
[22m[39mpath_to_send [ [32m'project'[39m ]

[90mstdout[2m | src/video-editor/tests/video-editor.happy-path.test.tsx[2m > [22m[2mvideo editor harness[2m > [22m[2msplits clip at playhead and updates timeline clip widths from resulting durations
[22m[39mpath_to_send [ [32m'project'[39m, [32m'tracks'[39m ]

[90mstdout[2m | src/video-editor/tests/video-editor.happy-path.test.tsx[2m > [22m[2mvideo editor harness[2m > [22m[2msplits clip at playhead and updates timeline clip widths from resulting durations
[22m[39mpath_to_send [ [32m'project'[39m, [32m'resources'[39m ]

[90mstdout[2m | src/video-editor/tests/video-editor.happy-path.test.tsx[2m > [22m[2mvideo editor harness[2m > [22m[2msplits clip at playhead and updates timeline clip widths from resulting durations
[22m[39mpath_to_send [ [32m'project'[39m, [32m'tracks'[39m, [32m'clips'[39m ]

[90mstdout[2m | src/video-editor/tests/video-editor.happy-path.test.tsx[2m > [22m[2mvideo editor harness[2m > [22m[2msplits clip at playhead and updates timeline clip widths from resulting durations
[22m[39mpath_to_send [ [32m'project'[39m, [32m'tracks'[39m, [32m'clips'[39m, [32m'resource'[39m ]

[90mstdout[2m | src/video-editor/tests/video-editor.happy-path.test.tsx[2m > [22m[2mvideo editor harness[2m > [22m[2msplits clip at playhead and updates timeline clip widths from resulting durations
[22m[39mpath_to_send [ [32m'project'[39m, [32m'tracks'[39m, [32m'clips'[39m, [32m'text'[39m ]

[90mstdout[2m | src/video-editor/tests/video-editor.happy-path.test.tsx[2m > [22m[2mvideo editor harness[2m > [22m[2msplits clip at playhead and updates timeline clip widths from resulting durations
[22m[39mpath_to_send [ [32m'project'[39m, [32m'tracks'[39m, [32m'clips'[39m, [32m'effects'[39m ]

[90mstdout[2m | src/video-editor/tests/video-editor.happy-path.test.tsx[2m > [22m[2mvideo editor harness[2m > [22m[2msplits clip at playhead and updates timeline clip widths from resulting durations
[22m[39mpath_to_send [ [32m'effect'[39m ]

 [32mтЬУ[39m src/video-editor/models/Track/actions.test.ts [2m([22m[2m2 tests[22m[2m)[22m[32m 11[2mms[22m[39m
 [32mтЬУ[39m src/dkt-react-sync/shape/ShapeRegistry.test.ts [2m([22m[2m1 test[22m[2m)[22m[32m 15[2mms[22m[39m
 [32mтЬУ[39m src/video-editor/domain/protocolCompatibility.test.ts [2m([22m[2m3 tests[22m[2m)[22m[32m 12[2mms[22m[39m
 [32mтЬУ[39m src/video-editor/domain/protocolVersions.test.ts [2m([22m[2m3 tests[22m[2m)[22m[32m 16[2mms[22m[39m
 [32mтЬУ[39m src/video-editor/render/colorProgram.test.ts [2m([22m[2m2 tests[22m[2m)[22m[32m 11[2mms[22m[39m
 [32mтЬУ[39m src/video-editor/domain/actionRequests.test.ts [2m([22m[2m2 tests[22m[2m)[22m[32m 8[2mms[22m[39m
 [32mтЬУ[39m src/video-editor/components/mediaElementRegistry.test.ts [2m([22m[2m1 test[22m[2m)[22m[32m 11[2mms[22m[39m
 [32mтЬУ[39m src/video-editor/dkt/importTasks.test.ts [2m([22m[2m1 test[22m[2m)[22m[32m 8[2mms[22m[39m
 [32mтЬУ[39m src/video-editor/dkt/timelineActions.test.ts [2m([22m[2m3 tests[22m[2m)[22m[32m 13[2mms[22m[39m
 [32mтЬУ[39m src/video-editor/dkt/effectActions.test.ts [2m([22m[2m1 test[22m[2m)[22m[32m 5[2mms[22m[39m
 [32mтЬУ[39m src/video-editor/dkt/shared/messageTypes.test.ts [2m([22m[2m1 test[22m[2m)[22m[32m 5[2mms[22m[39m
 [32mтЬУ[39m src/video-editor/dkt/textActions.test.ts [2m([22m[2m1 test[22m[2m)[22m[32m 5[2mms[22m[39m
 [32mтЬУ[39m src/video-editor/models/SessionRoot/actions.test.ts [2m([22m[2m1 test[22m[2m)[22m[32m 4[2mms[22m[39m
[90mstdout[2m | src/video-editor/tests/video-editor.happy-path.test.tsx[2m > [22m[2mvideo editor harness[2m > [22m[2mshows project export progress in toolbar while rendering
[22m[39mpath_to_send [ [32m'project'[39m ]

[90mstdout[2m | src/video-editor/tests/video-editor.happy-path.test.tsx[2m > [22m[2mvideo editor harness[2m > [22m[2mshows project export progress in toolbar while rendering
[22m[39mpath_to_send [ [32m'project'[39m, [32m'tracks'[39m ]

[90mstdout[2m | src/video-editor/tests/video-editor.happy-path.test.tsx[2m > [22m[2mvideo editor harness[2m > [22m[2mshows project export progress in toolbar while rendering
[22m[39mpath_to_send [ [32m'project'[39m, [32m'resources'[39m ]

[90mstdout[2m | src/video-editor/tests/video-editor.happy-path.test.tsx[2m > [22m[2mvideo editor harness[2m > [22m[2mshows project export progress in toolbar while rendering
[22m[39mpath_to_send [ [32m'project'[39m, [32m'tracks'[39m, [32m'clips'[39m ]

[90mstdout[2m | src/video-editor/tests/video-editor.happy-path.test.tsx[2m > [22m[2mvideo editor harness[2m > [22m[2mshows project export progress in toolbar while rendering
[22m[39mpath_to_send [ [32m'project'[39m, [32m'tracks'[39m, [32m'clips'[39m, [32m'resource'[39m ]

[90mstdout[2m | src/video-editor/tests/video-editor.happy-path.test.tsx[2m > [22m[2mvideo editor harness[2m > [22m[2mshows project export progress in toolbar while rendering
[22m[39mpath_to_send [ [32m'project'[39m, [32m'tracks'[39m, [32m'clips'[39m, [32m'text'[39m ]

[90mstdout[2m | src/video-editor/tests/video-editor.happy-path.test.tsx[2m > [22m[2mvideo editor harness[2m > [22m[2mshows project export progress in toolbar while rendering
[22m[39mpath_to_send [ [32m'project'[39m, [32m'tracks'[39m, [32m'clips'[39m, [32m'effects'[39m ]

[90mstdout[2m | src/video-editor/tests/video-editor.happy-path.test.tsx[2m > [22m[2mvideo editor harness[2m > [22m[2mshows project export progress in toolbar while rendering
[22m[39mpath_to_send [ [32m'effect'[39m ]

[90mstdout[2m | src/video-editor/tests/video-editor.happy-path.test.tsx[2m > [22m[2mvideo editor harness[2m > [22m[2mresizes a clip from its timeline edges
[22m[39mpath_to_send [ [32m'project'[39m ]

[90mstdout[2m | src/video-editor/tests/video-editor.happy-path.test.tsx[2m > [22m[2mvideo editor harness[2m > [22m[2mresizes a clip from its timeline edges
[22m[39mpath_to_send [ [32m'project'[39m, [32m'tracks'[39m ]

[90mstdout[2m | src/video-editor/tests/video-editor.happy-path.test.tsx[2m > [22m[2mvideo editor harness[2m > [22m[2mresizes a clip from its timeline edges
[22m[39mpath_to_send [ [32m'project'[39m, [32m'resources'[39m ]

[90mstdout[2m | src/video-editor/tests/video-editor.happy-path.test.tsx[2m > [22m[2mvideo editor harness[2m > [22m[2mresizes a clip from its timeline edges
[22m[39mpath_to_send [ [32m'project'[39m, [32m'tracks'[39m, [32m'clips'[39m ]

[90mstdout[2m | src/video-editor/tests/video-editor.happy-path.test.tsx[2m > [22m[2mvideo editor harness[2m > [22m[2mresizes a clip from its timeline edges
[22m[39mpath_to_send [ [32m'project'[39m, [32m'tracks'[39m, [32m'clips'[39m, [32m'resource'[39m ]

[90mstdout[2m | src/video-editor/tests/video-editor.happy-path.test.tsx[2m > [22m[2mvideo editor harness[2m > [22m[2mresizes a clip from its timeline edges
[22m[39mpath_to_send [ [32m'project'[39m, [32m'tracks'[39m, [32m'clips'[39m, [32m'text'[39m ]

[90mstdout[2m | src/video-editor/tests/video-editor.happy-path.test.tsx[2m > [22m[2mvideo editor harness[2m > [22m[2mresizes a clip from its timeline edges
[22m[39mpath_to_send [ [32m'project'[39m, [32m'tracks'[39m, [32m'clips'[39m, [32m'effects'[39m ]

[90mstdout[2m | src/video-editor/tests/video-editor.happy-path.test.tsx[2m > [22m[2mvideo editor harness[2m > [22m[2mresizes a clip from its timeline edges
[22m[39mpath_to_send [ [32m'effect'[39m ]

[90mstdout[2m | src/video-editor/tests/video-editor.happy-path.test.tsx[2m > [22m[2mvideo editor harness[2m > [22m[2mdeletes selected clips through the timeline clip actions
[22m[39mpath_to_send [ [32m'project'[39m ]

[90mstdout[2m | src/video-editor/tests/video-editor.happy-path.test.tsx[2m > [22m[2mvideo editor harness[2m > [22m[2mdeletes selected clips through the timeline clip actions
[22m[39mpath_to_send [ [32m'project'[39m, [32m'tracks'[39m ]

[90mstdout[2m | src/video-editor/tests/video-editor.happy-path.test.tsx[2m > [22m[2mvideo editor harness[2m > [22m[2mdeletes selected clips through the timeline clip actions
[22m[39mpath_to_send [ [32m'project'[39m, [32m'resources'[39m ]

[90mstdout[2m | src/video-editor/tests/video-editor.happy-path.test.tsx[2m > [22m[2mvideo editor harness[2m > [22m[2mdeletes selected clips through the timeline clip actions
[22m[39mpath_to_send [ [32m'project'[39m, [32m'tracks'[39m, [32m'clips'[39m ]

[90mstdout[2m | src/video-editor/tests/video-editor.happy-path.test.tsx[2m > [22m[2mvideo editor harness[2m > [22m[2mdeletes selected clips through the timeline clip actions
[22m[39mpath_to_send [ [32m'project'[39m, [32m'tracks'[39m, [32m'clips'[39m, [32m'resource'[39m ]

[90mstdout[2m | src/video-editor/tests/video-editor.happy-path.test.tsx[2m > [22m[2mvideo editor harness[2m > [22m[2mdeletes selected clips through the timeline clip actions
[22m[39mpath_to_send [ [32m'project'[39m, [32m'tracks'[39m, [32m'clips'[39m, [32m'text'[39m ]

[90mstdout[2m | src/video-editor/tests/video-editor.happy-path.test.tsx[2m > [22m[2mvideo editor harness[2m > [22m[2mdeletes selected clips through the timeline clip actions
[22m[39mpath_to_send [ [32m'project'[39m, [32m'tracks'[39m, [32m'clips'[39m, [32m'effects'[39m ]

[90mstdout[2m | src/video-editor/tests/video-editor.happy-path.test.tsx[2m > [22m[2mvideo editor harness[2m > [22m[2mdeletes selected clips through the timeline clip actions
[22m[39mpath_to_send [ [32m'effect'[39m ]

[90mstdout[2m | src/video-editor/tests/video-editor.happy-path.test.tsx[2m > [22m[2mvideo editor harness[2m > [22m[2mapplies clip color to timeline accent and renderer frame
[22m[39mpath_to_send [ [32m'project'[39m ]

[90mstdout[2m | src/video-editor/tests/video-editor.happy-path.test.tsx[2m > [22m[2mvideo editor harness[2m > [22m[2mapplies clip color to timeline accent and renderer frame
[22m[39mpath_to_send [ [32m'project'[39m, [32m'tracks'[39m ]

[90mstdout[2m | src/video-editor/tests/video-editor.happy-path.test.tsx[2m > [22m[2mvideo editor harness[2m > [22m[2mapplies clip color to timeline accent and renderer frame
[22m[39mpath_to_send [ [32m'project'[39m, [32m'resources'[39m ]

[90mstdout[2m | src/video-editor/tests/video-editor.happy-path.test.tsx[2m > [22m[2mvideo editor harness[2m > [22m[2mapplies clip color to timeline accent and renderer frame
[22m[39mpath_to_send [ [32m'project'[39m, [32m'tracks'[39m, [32m'clips'[39m ]

[90mstdout[2m | src/video-editor/tests/video-editor.happy-path.test.tsx[2m > [22m[2mvideo editor harness[2m > [22m[2mapplies clip color to timeline accent and renderer frame
[22m[39mpath_to_send [ [32m'project'[39m, [32m'tracks'[39m, [32m'clips'[39m, [32m'resource'[39m ]

[90mstdout[2m | src/video-editor/tests/video-editor.happy-path.test.tsx[2m > [22m[2mvideo editor harness[2m > [22m[2mapplies clip color to timeline accent and renderer frame
[22m[39mpath_to_send [ [32m'project'[39m, [32m'tracks'[39m, [32m'clips'[39m, [32m'text'[39m ]

[90mstdout[2m | src/video-editor/tests/video-editor.happy-path.test.tsx[2m > [22m[2mvideo editor harness[2m > [22m[2mapplies clip color to timeline accent and renderer frame
[22m[39mpath_to_send [ [32m'project'[39m, [32m'tracks'[39m, [32m'clips'[39m, [32m'effects'[39m ]

[90mstdout[2m | src/video-editor/tests/video-editor.happy-path.test.tsx[2m > [22m[2mvideo editor harness[2m > [22m[2mapplies clip color to timeline accent and renderer frame
[22m[39mpath_to_send [ [32m'effect'[39m ]

[90mstdout[2m | src/video-editor/tests/video-editor.happy-path.test.tsx[2m > [22m[2mvideo editor harness[2m > [22m[2madds and edits primary color correction from the color inspector
[22m[39mpath_to_send [ [32m'project'[39m ]

[90mstdout[2m | src/video-editor/tests/video-editor.happy-path.test.tsx[2m > [22m[2mvideo editor harness[2m > [22m[2madds and edits primary color correction from the color inspector
[22m[39mpath_to_send [ [32m'project'[39m, [32m'tracks'[39m ]

[90mstdout[2m | src/video-editor/tests/video-editor.happy-path.test.tsx[2m > [22m[2mvideo editor harness[2m > [22m[2madds and edits primary color correction from the color inspector
[22m[39mpath_to_send [ [32m'project'[39m, [32m'resources'[39m ]

[90mstdout[2m | src/video-editor/tests/video-editor.happy-path.test.tsx[2m > [22m[2mvideo editor harness[2m > [22m[2madds and edits primary color correction from the color inspector
[22m[39mpath_to_send [ [32m'project'[39m, [32m'tracks'[39m, [32m'clips'[39m ]

[90mstdout[2m | src/video-editor/tests/video-editor.happy-path.test.tsx[2m > [22m[2mvideo editor harness[2m > [22m[2madds and edits primary color correction from the color inspector
[22m[39mpath_to_send [ [32m'project'[39m, [32m'tracks'[39m, [32m'clips'[39m, [32m'resource'[39m ]

[90mstdout[2m | src/video-editor/tests/video-editor.happy-path.test.tsx[2m > [22m[2mvideo editor harness[2m > [22m[2madds and edits primary color correction from the color inspector
[22m[39mpath_to_send [ [32m'project'[39m, [32m'tracks'[39m, [32m'clips'[39m, [32m'text'[39m ]

[90mstdout[2m | src/video-editor/tests/video-editor.happy-path.test.tsx[2m > [22m[2mvideo editor harness[2m > [22m[2madds and edits primary color correction from the color inspector
[22m[39mpath_to_send [ [32m'project'[39m, [32m'tracks'[39m, [32m'clips'[39m, [32m'effects'[39m ]

[90mstdout[2m | src/video-editor/tests/video-editor.happy-path.test.tsx[2m > [22m[2mvideo editor harness[2m > [22m[2madds and edits primary color correction from the color inspector
[22m[39mpath_to_send [ [32m'effect'[39m ]

[90mstdout[2m | src/video-editor/tests/video-editor.happy-path.test.tsx[2m > [22m[2mvideo editor harness[2m > [22m[2madds a text clip and edits text content from the inspector
[22m[39mpath_to_send [ [32m'project'[39m ]

[90mstdout[2m | src/video-editor/tests/video-editor.happy-path.test.tsx[2m > [22m[2mvideo editor harness[2m > [22m[2madds a text clip and edits text content from the inspector
[22m[39mpath_to_send [ [32m'project'[39m, [32m'tracks'[39m ]

[90mstdout[2m | src/video-editor/tests/video-editor.happy-path.test.tsx[2m > [22m[2mvideo editor harness[2m > [22m[2madds a text clip and edits text content from the inspector
[22m[39mpath_to_send [ [32m'project'[39m, [32m'resources'[39m ]

[90mstdout[2m | src/video-editor/tests/video-editor.happy-path.test.tsx[2m > [22m[2mvideo editor harness[2m > [22m[2madds a text clip and edits text content from the inspector
[22m[39mpath_to_send [ [32m'project'[39m, [32m'tracks'[39m, [32m'clips'[39m ]

[90mstdout[2m | src/video-editor/tests/video-editor.happy-path.test.tsx[2m > [22m[2mvideo editor harness[2m > [22m[2madds a text clip and edits text content from the inspector
[22m[39mpath_to_send [ [32m'project'[39m, [32m'tracks'[39m, [32m'clips'[39m, [32m'resource'[39m ]

[90mstdout[2m | src/video-editor/tests/video-editor.happy-path.test.tsx[2m > [22m[2mvideo editor harness[2m > [22m[2madds a text clip and edits text content from the inspector
[22m[39mpath_to_send [ [32m'project'[39m, [32m'tracks'[39m, [32m'clips'[39m, [32m'text'[39m ]

[90mstdout[2m | src/video-editor/tests/video-editor.happy-path.test.tsx[2m > [22m[2mvideo editor harness[2m > [22m[2madds a text clip and edits text content from the inspector
[22m[39mpath_to_send [ [32m'project'[39m, [32m'tracks'[39m, [32m'clips'[39m, [32m'effects'[39m ]

[90mstdout[2m | src/video-editor/tests/video-editor.happy-path.test.tsx[2m > [22m[2mvideo editor harness[2m > [22m[2madds a text clip and edits text content from the inspector
[22m[39mpath_to_send [ [32m'effect'[39m ]

[90mstdout[2m | src/video-editor/tests/video-editor.happy-path.test.tsx[2m > [22m[2mvideo editor harness[2m > [22m[2minterpolates keyframed opacity and transform values in the renderer
[22m[39mpath_to_send [ [32m'project'[39m ]

[90mstdout[2m | src/video-editor/tests/video-editor.happy-path.test.tsx[2m > [22m[2mvideo editor harness[2m > [22m[2minterpolates keyframed opacity and transform values in the renderer
[22m[39mpath_to_send [ [32m'project'[39m, [32m'tracks'[39m ]

[90mstdout[2m | src/video-editor/tests/video-editor.happy-path.test.tsx[2m > [22m[2mvideo editor harness[2m > [22m[2minterpolates keyframed opacity and transform values in the renderer
[22m[39mpath_to_send [ [32m'project'[39m, [32m'resources'[39m ]

[90mstdout[2m | src/video-editor/tests/video-editor.happy-path.test.tsx[2m > [22m[2mvideo editor harness[2m > [22m[2minterpolates keyframed opacity and transform values in the renderer
[22m[39mpath_to_send [ [32m'project'[39m, [32m'tracks'[39m, [32m'clips'[39m ]

[90mstdout[2m | src/video-editor/tests/video-editor.happy-path.test.tsx[2m > [22m[2mvideo editor harness[2m > [22m[2minterpolates keyframed opacity and transform values in the renderer
[22m[39mpath_to_send [ [32m'project'[39m, [32m'tracks'[39m, [32m'clips'[39m, [32m'resource'[39m ]

[90mstdout[2m | src/video-editor/tests/video-editor.happy-path.test.tsx[2m > [22m[2mvideo editor harness[2m > [22m[2minterpolates keyframed opacity and transform values in the renderer
[22m[39mpath_to_send [ [32m'project'[39m, [32m'tracks'[39m, [32m'clips'[39m, [32m'text'[39m ]

[90mstdout[2m | src/video-editor/tests/video-editor.happy-path.test.tsx[2m > [22m[2mvideo editor harness[2m > [22m[2minterpolates keyframed opacity and transform values in the renderer
[22m[39mpath_to_send [ [32m'project'[39m, [32m'tracks'[39m, [32m'clips'[39m, [32m'effects'[39m ]

[90mstdout[2m | src/video-editor/tests/video-editor.happy-path.test.tsx[2m > [22m[2mvideo editor harness[2m > [22m[2minterpolates keyframed opacity and transform values in the renderer
[22m[39mpath_to_send [ [32m'effect'[39m ]

[90mstdout[2m | src/video-editor/tests/video-editor.happy-path.test.tsx[2m > [22m[2mvideo editor harness[2m > [22m[2medits clip fade in and fade out controls and previews faded opacity
[22m[39mpath_to_send [ [32m'project'[39m ]

[90mstdout[2m | src/video-editor/tests/video-editor.happy-path.test.tsx[2m > [22m[2mvideo editor harness[2m > [22m[2medits clip fade in and fade out controls and previews faded opacity
[22m[39mpath_to_send [ [32m'project'[39m, [32m'tracks'[39m ]

[90mstdout[2m | src/video-editor/tests/video-editor.happy-path.test.tsx[2m > [22m[2mvideo editor harness[2m > [22m[2medits clip fade in and fade out controls and previews faded opacity
[22m[39mpath_to_send [ [32m'project'[39m, [32m'resources'[39m ]

[90mstdout[2m | src/video-editor/tests/video-editor.happy-path.test.tsx[2m > [22m[2mvideo editor harness[2m > [22m[2medits clip fade in and fade out controls and previews faded opacity
[22m[39mpath_to_send [ [32m'project'[39m, [32m'tracks'[39m, [32m'clips'[39m ]

[90mstdout[2m | src/video-editor/tests/video-editor.happy-path.test.tsx[2m > [22m[2mvideo editor harness[2m > [22m[2medits clip fade in and fade out controls and previews faded opacity
[22m[39mpath_to_send [ [32m'project'[39m, [32m'tracks'[39m, [32m'clips'[39m, [32m'resource'[39m ]

[90mstdout[2m | src/video-editor/tests/video-editor.happy-path.test.tsx[2m > [22m[2mvideo editor harness[2m > [22m[2medits clip fade in and fade out controls and previews faded opacity
[22m[39mpath_to_send [ [32m'project'[39m, [32m'tracks'[39m, [32m'clips'[39m, [32m'text'[39m ]

[90mstdout[2m | src/video-editor/tests/video-editor.happy-path.test.tsx[2m > [22m[2mvideo editor harness[2m > [22m[2medits clip fade in and fade out controls and previews faded opacity
[22m[39mpath_to_send [ [32m'project'[39m, [32m'tracks'[39m, [32m'clips'[39m, [32m'effects'[39m ]

[90mstdout[2m | src/video-editor/tests/video-editor.happy-path.test.tsx[2m > [22m[2mvideo editor harness[2m > [22m[2medits clip fade in and fade out controls and previews faded opacity
[22m[39mpath_to_send [ [32m'effect'[39m ]

[90mstdout[2m | src/video-editor/tests/video-editor.happy-path.test.tsx[2m > [22m[2mvideo editor harness[2m > [22m[2mapplies every color preset button in inspector
[22m[39mpath_to_send [ [32m'project'[39m ]

[90mstdout[2m | src/video-editor/tests/video-editor.happy-path.test.tsx[2m > [22m[2mvideo editor harness[2m > [22m[2mapplies every color preset button in inspector
[22m[39mpath_to_send [ [32m'project'[39m, [32m'tracks'[39m ]

[90mstdout[2m | src/video-editor/tests/video-editor.happy-path.test.tsx[2m > [22m[2mvideo editor harness[2m > [22m[2mapplies every color preset button in inspector
[22m[39mpath_to_send [ [32m'project'[39m, [32m'resources'[39m ]

[90mstdout[2m | src/video-editor/tests/video-editor.happy-path.test.tsx[2m > [22m[2mvideo editor harness[2m > [22m[2mapplies every color preset button in inspector
[22m[39mpath_to_send [ [32m'project'[39m, [32m'tracks'[39m, [32m'clips'[39m ]

[90mstdout[2m | src/video-editor/tests/video-editor.happy-path.test.tsx[2m > [22m[2mvideo editor harness[2m > [22m[2mapplies every color preset button in inspector
[22m[39mpath_to_send [ [32m'project'[39m, [32m'tracks'[39m, [32m'clips'[39m, [32m'resource'[39m ]

[90mstdout[2m | src/video-editor/tests/video-editor.happy-path.test.tsx[2m > [22m[2mvideo editor harness[2m > [22m[2mapplies every color preset button in inspector
[22m[39mpath_to_send [ [32m'project'[39m, [32m'tracks'[39m, [32m'clips'[39m, [32m'text'[39m ]

[90mstdout[2m | src/video-editor/tests/video-editor.happy-path.test.tsx[2m > [22m[2mvideo editor harness[2m > [22m[2mapplies every color preset button in inspector
[22m[39mpath_to_send [ [32m'project'[39m, [32m'tracks'[39m, [32m'clips'[39m, [32m'effects'[39m ]

[90mstdout[2m | src/video-editor/tests/video-editor.happy-path.test.tsx[2m > [22m[2mvideo editor harness[2m > [22m[2mapplies every color preset button in inspector
[22m[39mpath_to_send [ [32m'effect'[39m ]

[90mstdout[2m | src/video-editor/tests/video-editor.happy-path.test.tsx[2m > [22m[2mvideo editor harness[2m > [22m[2medits clip name, direct color input, and every transform input
[22m[39mpath_to_send [ [32m'project'[39m ]

[90mstdout[2m | src/video-editor/tests/video-editor.happy-path.test.tsx[2m > [22m[2mvideo editor harness[2m > [22m[2medits clip name, direct color input, and every transform input
[22m[39mpath_to_send [ [32m'project'[39m, [32m'tracks'[39m ]

[90mstdout[2m | src/video-editor/tests/video-editor.happy-path.test.tsx[2m > [22m[2mvideo editor harness[2m > [22m[2medits clip name, direct color input, and every transform input
[22m[39mpath_to_send [ [32m'project'[39m, [32m'resources'[39m ]

[90mstdout[2m | src/video-editor/tests/video-editor.happy-path.test.tsx[2m > [22m[2mvideo editor harness[2m > [22m[2medits clip name, direct color input, and every transform input
[22m[39mpath_to_send [ [32m'project'[39m, [32m'tracks'[39m, [32m'clips'[39m ]

[90mstdout[2m | src/video-editor/tests/video-editor.happy-path.test.tsx[2m > [22m[2mvideo editor harness[2m > [22m[2medits clip name, direct color input, and every transform input
[22m[39mpath_to_send [ [32m'project'[39m, [32m'tracks'[39m, [32m'clips'[39m, [32m'resource'[39m ]

[90mstdout[2m | src/video-editor/tests/video-editor.happy-path.test.tsx[2m > [22m[2mvideo editor harness[2m > [22m[2medits clip name, direct color input, and every transform input
[22m[39mpath_to_send [ [32m'project'[39m, [32m'tracks'[39m, [32m'clips'[39m, [32m'text'[39m ]

[90mstdout[2m | src/video-editor/tests/video-editor.happy-path.test.tsx[2m > [22m[2mvideo editor harness[2m > [22m[2medits clip name, direct color input, and every transform input
[22m[39mpath_to_send [ [32m'project'[39m, [32m'tracks'[39m, [32m'clips'[39m, [32m'effects'[39m ]

[90mstdout[2m | src/video-editor/tests/video-editor.happy-path.test.tsx[2m > [22m[2mvideo editor harness[2m > [22m[2medits clip name, direct color input, and every transform input
[22m[39mpath_to_send [ [32m'effect'[39m ]

[90mstdout[2m | src/video-editor/tests/video-editor.happy-path.test.tsx[2m > [22m[2mvideo editor harness[2m > [22m[2mkeeps projects isolated when switching active project
[22m[39mpath_to_send [ [32m'project'[39m ]

[90mstdout[2m | src/video-editor/tests/video-editor.happy-path.test.tsx[2m > [22m[2mvideo editor harness[2m > [22m[2mkeeps projects isolated when switching active project
[22m[39mpath_to_send [ [32m'project'[39m, [32m'tracks'[39m ]

[90mstdout[2m | src/video-editor/tests/video-editor.happy-path.test.tsx[2m > [22m[2mvideo editor harness[2m > [22m[2mkeeps projects isolated when switching active project
[22m[39mpath_to_send [ [32m'project'[39m, [32m'resources'[39m ]

[90mstdout[2m | src/video-editor/tests/video-editor.happy-path.test.tsx[2m > [22m[2mvideo editor harness[2m > [22m[2mkeeps projects isolated when switching active project
[22m[39mpath_to_send [ [32m'project'[39m, [32m'tracks'[39m, [32m'clips'[39m ]

[90mstdout[2m | src/video-editor/tests/video-editor.happy-path.test.tsx[2m > [22m[2mvideo editor harness[2m > [22m[2mkeeps projects isolated when switching active project
[22m[39mpath_to_send [ [32m'project'[39m, [32m'tracks'[39m, [32m'clips'[39m, [32m'resource'[39m ]

[90mstdout[2m | src/video-editor/tests/video-editor.happy-path.test.tsx[2m > [22m[2mvideo editor harness[2m > [22m[2mkeeps projects isolated when switching active project
[22m[39mpath_to_send [ [32m'project'[39m, [32m'tracks'[39m, [32m'clips'[39m, [32m'text'[39m ]

[90mstdout[2m | src/video-editor/tests/video-editor.happy-path.test.tsx[2m > [22m[2mvideo editor harness[2m > [22m[2mkeeps projects isolated when switching active project
[22m[39mpath_to_send [ [32m'project'[39m, [32m'tracks'[39m, [32m'clips'[39m, [32m'effects'[39m ]

[90mstdout[2m | src/video-editor/tests/video-editor.happy-path.test.tsx[2m > [22m[2mvideo editor harness[2m > [22m[2mkeeps projects isolated when switching active project
[22m[39mpath_to_send [ [32m'effect'[39m ]

[90mstdout[2m | src/video-editor/tests/video-editor.happy-path.test.tsx[2m > [22m[2mvideo editor harness[2m > [22m[2mshows project items in dropdown after opening switcher
[22m[39mpath_to_send [ [32m'project'[39m ]

[90mstdout[2m | src/video-editor/tests/video-editor.happy-path.test.tsx[2m > [22m[2mvideo editor harness[2m > [22m[2mshows project items in dropdown after opening switcher
[22m[39mpath_to_send [ [32m'project'[39m, [32m'tracks'[39m ]

[90mstdout[2m | src/video-editor/tests/video-editor.happy-path.test.tsx[2m > [22m[2mvideo editor harness[2m > [22m[2mshows project items in dropdown after opening switcher
[22m[39mpath_to_send [ [32m'project'[39m, [32m'resources'[39m ]

[90mstdout[2m | src/video-editor/tests/video-editor.happy-path.test.tsx[2m > [22m[2mvideo editor harness[2m > [22m[2mshows project items in dropdown after opening switcher
[22m[39mpath_to_send [ [32m'project'[39m, [32m'tracks'[39m, [32m'clips'[39m ]

[90mstdout[2m | src/video-editor/tests/video-editor.happy-path.test.tsx[2m > [22m[2mvideo editor harness[2m > [22m[2mshows project items in dropdown after opening switcher
[22m[39mpath_to_send [ [32m'project'[39m, [32m'tracks'[39m, [32m'clips'[39m, [32m'resource'[39m ]

[90mstdout[2m | src/video-editor/tests/video-editor.happy-path.test.tsx[2m > [22m[2mvideo editor harness[2m > [22m[2mshows project items in dropdown after opening switcher
[22m[39mpath_to_send [ [32m'project'[39m, [32m'tracks'[39m, [32m'clips'[39m, [32m'text'[39m ]

[90mstdout[2m | src/video-editor/tests/video-editor.happy-path.test.tsx[2m > [22m[2mvideo editor harness[2m > [22m[2mshows project items in dropdown after opening switcher
[22m[39mpath_to_send [ [32m'project'[39m, [32m'tracks'[39m, [32m'clips'[39m, [32m'effects'[39m ]

[90mstdout[2m | src/video-editor/tests/video-editor.happy-path.test.tsx[2m > [22m[2mvideo editor harness[2m > [22m[2mshows project items in dropdown after opening switcher
[22m[39mpath_to_send [ [32m'effect'[39m ]

[90mstdout[2m | src/video-editor/tests/video-editor.happy-path.test.tsx[2m > [22m[2mvideo editor harness[2m > [22m[2mcovers toolbar export, media controls, and timeline tool toggles
[22m[39mpath_to_send [ [32m'project'[39m ]

[90mstdout[2m | src/video-editor/tests/video-editor.happy-path.test.tsx[2m > [22m[2mvideo editor harness[2m > [22m[2mcovers toolbar export, media controls, and timeline tool toggles
[22m[39mpath_to_send [ [32m'project'[39m, [32m'tracks'[39m ]

[90mstdout[2m | src/video-editor/tests/video-editor.happy-path.test.tsx[2m > [22m[2mvideo editor harness[2m > [22m[2mcovers toolbar export, media controls, and timeline tool toggles
[22m[39mpath_to_send [ [32m'project'[39m, [32m'resources'[39m ]

[90mstdout[2m | src/video-editor/tests/video-editor.happy-path.test.tsx[2m > [22m[2mvideo editor harness[2m > [22m[2mcovers toolbar export, media controls, and timeline tool toggles
[22m[39mpath_to_send [ [32m'project'[39m, [32m'tracks'[39m, [32m'clips'[39m ]

[90mstdout[2m | src/video-editor/tests/video-editor.happy-path.test.tsx[2m > [22m[2mvideo editor harness[2m > [22m[2mcovers toolbar export, media controls, and timeline tool toggles
[22m[39mpath_to_send [ [32m'project'[39m, [32m'tracks'[39m, [32m'clips'[39m, [32m'resource'[39m ]

[90mstdout[2m | src/video-editor/tests/video-editor.happy-path.test.tsx[2m > [22m[2mvideo editor harness[2m > [22m[2mcovers toolbar export, media controls, and timeline tool toggles
[22m[39mpath_to_send [ [32m'project'[39m, [32m'tracks'[39m, [32m'clips'[39m, [32m'text'[39m ]

[90mstdout[2m | src/video-editor/tests/video-editor.happy-path.test.tsx[2m > [22m[2mvideo editor harness[2m > [22m[2mcovers toolbar export, media controls, and timeline tool toggles
[22m[39mpath_to_send [ [32m'project'[39m, [32m'tracks'[39m, [32m'clips'[39m, [32m'effects'[39m ]

[90mstdout[2m | src/video-editor/tests/video-editor.happy-path.test.tsx[2m > [22m[2mvideo editor harness[2m > [22m[2mcovers toolbar export, media controls, and timeline tool toggles
[22m[39mpath_to_send [ [32m'effect'[39m ]

[90mstdout[2m | src/video-editor/tests/video-editor.happy-path.test.tsx[2m > [22m[2mvideo editor harness[2m > [22m[2mswitches inspector tabs for clip editing modes
[22m[39mpath_to_send [ [32m'project'[39m ]

[90mstdout[2m | src/video-editor/tests/video-editor.happy-path.test.tsx[2m > [22m[2mvideo editor harness[2m > [22m[2mswitches inspector tabs for clip editing modes
[22m[39mpath_to_send [ [32m'project'[39m, [32m'tracks'[39m ]

[90mstdout[2m | src/video-editor/tests/video-editor.happy-path.test.tsx[2m > [22m[2mvideo editor harness[2m > [22m[2mswitches inspector tabs for clip editing modes
[22m[39mpath_to_send [ [32m'project'[39m, [32m'resources'[39m ]

[90mstdout[2m | src/video-editor/tests/video-editor.happy-path.test.tsx[2m > [22m[2mvideo editor harness[2m > [22m[2mswitches inspector tabs for clip editing modes
[22m[39mpath_to_send [ [32m'project'[39m, [32m'tracks'[39m, [32m'clips'[39m ]

[90mstdout[2m | src/video-editor/tests/video-editor.happy-path.test.tsx[2m > [22m[2mvideo editor harness[2m > [22m[2mswitches inspector tabs for clip editing modes
[22m[39mpath_to_send [ [32m'project'[39m, [32m'tracks'[39m, [32m'clips'[39m, [32m'resource'[39m ]

[90mstdout[2m | src/video-editor/tests/video-editor.happy-path.test.tsx[2m > [22m[2mvideo editor harness[2m > [22m[2mswitches inspector tabs for clip editing modes
[22m[39mpath_to_send [ [32m'project'[39m, [32m'tracks'[39m, [32m'clips'[39m, [32m'text'[39m ]

[90mstdout[2m | src/video-editor/tests/video-editor.happy-path.test.tsx[2m > [22m[2mvideo editor harness[2m > [22m[2mswitches inspector tabs for clip editing modes
[22m[39mpath_to_send [ [32m'project'[39m, [32m'tracks'[39m, [32m'clips'[39m, [32m'effects'[39m ]

[90mstdout[2m | src/video-editor/tests/video-editor.happy-path.test.tsx[2m > [22m[2mvideo editor harness[2m > [22m[2mswitches inspector tabs for clip editing modes
[22m[39mpath_to_send [ [32m'effect'[39m ]

[90mstdout[2m | src/video-editor/tests/video-editor.happy-path.test.tsx[2m > [22m[2mvideo editor harness[2m > [22m[2mcontrols cursor from the timeline and syncs preview state
[22m[39mpath_to_send [ [32m'project'[39m ]

[90mstdout[2m | src/video-editor/tests/video-editor.happy-path.test.tsx[2m > [22m[2mvideo editor harness[2m > [22m[2mcontrols cursor from the timeline and syncs preview state
[22m[39mpath_to_send [ [32m'project'[39m, [32m'tracks'[39m ]

[90mstdout[2m | src/video-editor/tests/video-editor.happy-path.test.tsx[2m > [22m[2mvideo editor harness[2m > [22m[2mcontrols cursor from the timeline and syncs preview state
[22m[39mpath_to_send [ [32m'project'[39m, [32m'resources'[39m ]

[90mstdout[2m | src/video-editor/tests/video-editor.happy-path.test.tsx[2m > [22m[2mvideo editor harness[2m > [22m[2mcontrols cursor from the timeline and syncs preview state
[22m[39mpath_to_send [ [32m'project'[39m, [32m'tracks'[39m, [32m'clips'[39m ]

[90mstdout[2m | src/video-editor/tests/video-editor.happy-path.test.tsx[2m > [22m[2mvideo editor harness[2m > [22m[2mcontrols cursor from the timeline and syncs preview state
[22m[39mpath_to_send [ [32m'project'[39m, [32m'tracks'[39m, [32m'clips'[39m, [32m'resource'[39m ]

[90mstdout[2m | src/video-editor/tests/video-editor.happy-path.test.tsx[2m > [22m[2mvideo editor harness[2m > [22m[2mcontrols cursor from the timeline and syncs preview state
[22m[39mpath_to_send [ [32m'project'[39m, [32m'tracks'[39m, [32m'clips'[39m, [32m'text'[39m ]

[90mstdout[2m | src/video-editor/tests/video-editor.happy-path.test.tsx[2m > [22m[2mvideo editor harness[2m > [22m[2mcontrols cursor from the timeline and syncs preview state
[22m[39mpath_to_send [ [32m'project'[39m, [32m'tracks'[39m, [32m'clips'[39m, [32m'effects'[39m ]

[90mstdout[2m | src/video-editor/tests/video-editor.happy-path.test.tsx[2m > [22m[2mvideo editor harness[2m > [22m[2mcontrols cursor from the timeline and syncs preview state
[22m[39mpath_to_send [ [32m'effect'[39m ]

[90mstdout[2m | src/video-editor/tests/video-editor.happy-path.test.tsx[2m > [22m[2mvideo editor harness[2m > [22m[2mhandles empty timeline and renders a large number of clips without UI breakage
[22m[39mpath_to_send [ [32m'project'[39m ]

[90mstdout[2m | src/video-editor/tests/video-editor.happy-path.test.tsx[2m > [22m[2mvideo editor harness[2m > [22m[2mhandles empty timeline and renders a large number of clips without UI breakage
[22m[39mpath_to_send [ [32m'project'[39m, [32m'tracks'[39m ]

[90mstdout[2m | src/video-editor/tests/video-editor.happy-path.test.tsx[2m > [22m[2mvideo editor harness[2m > [22m[2mhandles empty timeline and renders a large number of clips without UI breakage
[22m[39mpath_to_send [ [32m'project'[39m, [32m'resources'[39m ]

[90mstdout[2m | src/video-editor/tests/video-editor.happy-path.test.tsx[2m > [22m[2mvideo editor harness[2m > [22m[2mhandles empty timeline and renders a large number of clips without UI breakage
[22m[39mpath_to_send [ [32m'project'[39m, [32m'tracks'[39m, [32m'clips'[39m ]

[90mstdout[2m | src/video-editor/tests/video-editor.happy-path.test.tsx[2m > [22m[2mvideo editor harness[2m > [22m[2mhandles empty timeline and renders a large number of clips without UI breakage
[22m[39mpath_to_send [ [32m'project'[39m, [32m'tracks'[39m, [32m'clips'[39m, [32m'resource'[39m ]

[90mstdout[2m | src/video-editor/tests/video-editor.happy-path.test.tsx[2m > [22m[2mvideo editor harness[2m > [22m[2mhandles empty timeline and renders a large number of clips without UI breakage
[22m[39mpath_to_send [ [32m'project'[39m, [32m'tracks'[39m, [32m'clips'[39m, [32m'text'[39m ]

[90mstdout[2m | src/video-editor/tests/video-editor.happy-path.test.tsx[2m > [22m[2mvideo editor harness[2m > [22m[2mhandles empty timeline and renders a large number of clips without UI breakage
[22m[39mpath_to_send [ [32m'project'[39m, [32m'tracks'[39m, [32m'clips'[39m, [32m'effects'[39m ]

[90mstdout[2m | src/video-editor/tests/video-editor.happy-path.test.tsx[2m > [22m[2mvideo editor harness[2m > [22m[2mhandles empty timeline and renders a large number of clips without UI breakage
[22m[39mpath_to_send [ [32m'effect'[39m ]

 [31mтЭп[39m src/video-editor/tests/video-editor.happy-path.test.tsx [2m([22m[2m18 tests[22m[2m | [22m[31m18 failed[39m[2m)[22m[33m 91233[2mms[22m[39m
[31m     [31m├Ч[31m runs the happy path: project -> import -> clip -> inspect -> split -> nudge[39m[33m 5042[2mms[22m[39m
[31m     [31m├Ч[31m splits clip at playhead and updates timeline clip widths from resulting durations[39m[33m 5519[2mms[22m[39m
[31m     [31m├Ч[31m shows project export progress in toolbar while rendering[39m[33m 5020[2mms[22m[39m
[31m     [31m├Ч[31m resizes a clip from its timeline edges[39m[33m 5010[2mms[22m[39m
[31m     [31m├Ч[31m deletes selected clips through the timeline clip actions[39m[33m 5006[2mms[22m[39m
[31m     [31m├Ч[31m applies clip color to timeline accent and renderer frame[39m[33m 5165[2mms[22m[39m
[31m     [31m├Ч[31m adds and edits primary color correction from the color inspector[39m[33m 5012[2mms[22m[39m
[31m     [31m├Ч[31m adds a text clip and edits text content from the inspector[39m[33m 5113[2mms[22m[39m
[31m     [31m├Ч[31m interpolates keyframed opacity and transform values in the renderer[39m[33m 5010[2mms[22m[39m
[31m     [31m├Ч[31m edits clip fade in and fade out controls and previews faded opacity[39m[33m 5006[2mms[22m[39m
[31m     [31m├Ч[31m applies every color preset button in inspector[39m[33m 5114[2mms[22m[39m
[31m     [31m├Ч[31m edits clip name, direct color input, and every transform input[39m[33m 5016[2mms[22m[39m
[31m     [31m├Ч[31m keeps projects isolated when switching active project[39m[33m 5020[2mms[22m[39m
[31m     [31m├Ч[31m shows project items in dropdown after opening switcher[39m[33m 5020[2mms[22m[39m
[31m     [31m├Ч[31m covers toolbar export, media controls, and timeline tool toggles[39m[33m 5014[2mms[22m[39m
[31m     [31m├Ч[31m switches inspector tabs for clip editing modes[39m[33m 5016[2mms[22m[39m
[31m     [31m├Ч[31m controls cursor from the timeline and syncs preview state[39m[33m 5007[2mms[22m[39m
[31m     [31m├Ч[31m handles empty timeline and renders a large number of clips without UI breakage[39m[33m 5116[2mms[22m[39m

[31mтОптОптОптОптОптОп[39m[1m[41m Failed Tests 52 [49m[22m[31mтОптОптОпт
ОптОптОптОп[39m

[41m[1m FAIL [22m[49m src/video-editor/app/createVideoEditorHarness.test.ts
[2m > [22mcreateVideoEditorHarness actions[2m > [22mdoes not auto-create an
 initial project when authority is already a p2p client
[31m[1mTypeError[22m: Cannot read properties of undefined (reading 'get')[3
9m
[36m [2mтЭп[22m src/video-editor/app/createVideoEditorHarness.test.ts:[2m89
:41[22m[39m
    [90m 87|[39m   [35mtry[39m {
    [90m 88|[39m    [35mawait[39m [34msettleHarness[39m()
    [90m 89|[39m    expect(Object.keys(harness.projects$.get().projects)).toH
aveLength(тАж
    [90m   |[39m                                         [31m^[39m
    [90m 90|[39m    [34mexpect[39m(harness[33m.[39msession$[33m.[39mact
iveProjectId[33m.[39m[35mget[39m())[33m.[39m[34mtoBeNull[39m()
    [90m 91|[39m   } [35mfinally[39m {

[31m[2mтОптОптОптОптОптОптОптОптОптОптОптОптОптОптОптОптОптОптОптОптОптОптОп[
1/52]тОп[22m[39m

[41m[1m FAIL [22m[49m src/video-editor/app/createVideoEditorHarness.test.ts
[2m > [22mcreateVideoEditorHarness actions[2m > [22mauto-creates exactly on
e initial project when authority is server
[31m[1mTypeError[22m: Cannot read properties of undefined (reading 'get')[3
9m
[36m [2mтЭп[22m src/video-editor/app/createVideoEditorHarness.test.ts:[2m10
3:41[22m[39m
    [90m101|[39m   [35mtry[39m {
    [90m102|[39m    [35mawait[39m [34msettleHarness[39m()
    [90m103|[39m    expect(Object.keys(harness.projects$.get().projects)).toH
aveLength(тАж
    [90m   |[39m                                         [31m^[39m
    [90m104|[39m    [34mexpect[39m(harness[33m.[39msession$[33m.[39mact
iveProjectId[33m.[39m[35mget[39m())[33m.[39mnot[33m.[39m[34mtoBeNull[
39m()
    [90m105|[39m   } [35mfinally[39m {

[31m[2mтОптОптОптОптОптОптОптОптОптОптОптОптОптОптОптОптОптОптОптОптОптОптОп[
2/52]тОп[22m[39m

[41m[1m FAIL [22m[49m src/video-editor/app/createVideoEditorHarness.test.ts
[2m > [22mcreateVideoEditorHarness actions[2m > [22mfilters unsupported fil
es and imports real media duration from metadata
[31m[1mAssertionError[22m: expected "revokeObjectURL" to be called with argu
ments: [ 'blob:clip.webm' ][90m

Number of calls: [1m0[22m
[31m[39m
[36m [2mтЭп[22m src/video-editor/app/createVideoEditorHarness.test.ts:[2m14
1:28[22m[39m
    [90m139|[39m   } [35mfinally[39m {
    [90m140|[39m    harness[33m.[39m[34mdestroy[39m()
    [90m141|[39m    [34mexpect[39m(revokeObjectURL)[33m.[39m[34mtoHaveBe
enCalledWith[39m([32m'blob:clip.webm'[39m)
    [90m   |[39m                            [31m^[39m
    [90m142|[39m    createElement[33m.[39m[34mmockRestore[39m()
    [90m143|[39m    createObjectURL[33m.[39m[34mmockRestore[39m()

[31m[2mтОптОптОптОптОптОптОптОптОптОптОптОптОптОптОптОптОптОптОптОптОптОптОп[
3/52]тОп[22m[39m

[41m[1m FAIL [22m[49m src/video-editor/app/createVideoEditorHarness.test.ts
[2m > [22mcreateVideoEditorHarness actions[2m > [22muses one second for ima
ges and fallback duration when media metadata fails
[31m[1mAssertionError[22m: expected "revokeObjectURL" to be called with argu
ments: [ 'blob:still.png' ][90m

Number of calls: [1m0[22m
[31m[39m
[36m [2mтЭп[22m src/video-editor/app/createVideoEditorHarness.test.ts:[2m17
6:28[22m[39m
    [90m174|[39m   } [35mfinally[39m {
    [90m175|[39m    harness[33m.[39m[34mdestroy[39m()
    [90m176|[39m    [34mexpect[39m(revokeObjectURL)[33m.[39m[34mtoHaveBe
enCalledWith[39m([32m'blob:still.png'[39m)
    [90m   |[39m                            [31m^[39m
    [90m177|[39m    [34mexpect[39m(revokeObjectURL)[33m.[39m[34mtoHaveBe
enCalledWith[39m([32m'blob:bad.wav'[39m)
    [90m178|[39m    createElement[33m.[39m[34mmockRestore[39m()

[31m[2mтОптОптОптОптОптОптОптОптОптОптОптОптОптОптОптОптОптОптОптОптОптОптОп[
4/52]тОп[22m[39m

[41m[1m FAIL [22m[49m src/video-editor/app/createVideoEditorHarness.test.ts
[2m > [22mcreateVideoEditorHarness actions[2m > [22mdoes not dispatch async
 media imports after destroy
[31m[1mTypeError[22m: Cannot read properties of undefined (reading 'importFi
les')[39m
[36m [2mтЭп[22m src/video-editor/app/createVideoEditorHarness.test.ts:[2m19
8:20[22m[39m
    [90m196|[39m   [35mtry[39m {
    [90m197|[39m    [35mawait[39m [34msettleHarness[39m()
    [90m198|[39m    harness.actions.importFiles([new File(['video'], 'late.we
bm', { typтАж
    [90m   |[39m                    [31m^[39m
    [90m199|[39m    harness[33m.[39m[34mdestroy[39m()
    [90m200|[39m    [35mawait[39m [34msettleHarness[39m()

[31m[2mтОптОптОптОптОптОптОптОптОптОптОптОптОптОптОптОптОптОптОптОптОптОптОп[
5/52]тОп[22m[39m

[41m[1m FAIL [22m[49m src/video-editor/app/createVideoEditorHarness.test.ts
[2m > [22mcreateVideoEditorHarness actions[2m > [22muses injected platform 
adapters for media duration and object URL lifecycle
[31m[1mAssertionError[22m: expected "vi.fn()" to be called with arguments: [
 'custom:clip.webm' ][90m

Number of calls: [1m0[22m
[31m[39m
[36m [2mтЭп[22m src/video-editor/app/createVideoEditorHarness.test.ts:[2m27
4:28[22m[39m
    [90m272|[39m   } [35mfinally[39m {
    [90m273|[39m    harness[33m.[39m[34mdestroy[39m()
    [90m274|[39m    [34mexpect[39m(revokeObjectUrl)[33m.[39m[34mtoHaveBe
enCalledWith[39m([32m'custom:clip.webm'[39m)
    [90m   |[39m                            [31m^[39m
    [90m275|[39m   }
    [90m276|[39m  })

[31m[2mтОптОптОптОптОптОптОптОптОптОптОптОптОптОптОптОптОптОптОптОптОптОптОп[
6/52]тОп[22m[39m

[41m[1m FAIL [22m[49m src/video-editor/app/createVideoEditorHarness.test.ts
[2m > [22mcreateVideoEditorHarness actions[2m > [22mauto-adds an imported s
ample only when the timeline is empty
[31m[1mTypeError[22m: Cannot read properties of undefined (reading 'createPr
oject')[39m
[36m [2mтЭп[22m src/video-editor/app/createVideoEditorHarness.test.ts:[2m28
4:20[22m[39m
    [90m282|[39m   [35mtry[39m {
    [90m283|[39m    [35mawait[39m [34msettleHarness[39m()
    [90m284|[39m    harness[33m.[39mactions[33m.[39m[34mcreateProject[3
9m()
    [90m   |[39m                    [31m^[39m
    [90m285|[39m    [35mawait[39m [34msettleHarness[39m()
    [90m286|[39m

[31m[2mтОптОптОптОптОптОптОптОптОптОптОптОптОптОптОптОптОптОптОптОптОптОптОп[
7/52]тОп[22m[39m

[41m[1m FAIL [22m[49m src/video-editor/app/createVideoEditorHarness.test.ts
[2m > [22mcreateVideoEditorHarness actions[2m > [22mscoped clip actions upd
ate the requested clip instead of the selected clip
[31m[1mTypeError[22m: Cannot read properties of undefined (reading 'createPr
oject')[39m
[36m [2mтЭп[22m src/video-editor/app/createVideoEditorHarness.test.ts:[2m31
8:20[22m[39m
    [90m316|[39m   [35mtry[39m {
    [90m317|[39m    [35mawait[39m [34msettleHarness[39m()
    [90m318|[39m    harness[33m.[39mactions[33m.[39m[34mcreateProject[3
9m()
    [90m   |[39m                    [31m^[39m
    [90m319|[39m    [35mawait[39m [34msettleHarness[39m()
    [90m320|[39m    harness[33m.[39mactions[33m.[39m[34mimportSampleReso
urce[39m()

[31m[2mтОптОптОптОптОптОптОптОптОптОптОптОптОптОптОптОптОптОптОптОптОптОптОп[
8/52]тОп[22m[39m

[41m[1m FAIL [22m[49m src/video-editor/app/createVideoEditorHarness.test.ts
[2m > [22mcreateVideoEditorHarness actions[2m > [22muses session activeProj
ectId over registry activeProjectId when both are valid
[31m[1mTypeError[22m: Cannot read properties of undefined (reading 'createPr
oject')[39m
[36m [2mтЭп[22m src/video-editor/app/createVideoEditorHarness.test.ts:[2m35
7:20[22m[39m
    [90m355|[39m   [35mtry[39m {
    [90m356|[39m    [35mawait[39m [34msettleHarness[39m()
    [90m357|[39m    harness[33m.[39mactions[33m.[39m[34mcreateProject[3
9m([32m'Session preferred'[39m)
    [90m   |[39m                    [31m^[39m
    [90m358|[39m    [35mawait[39m [34msettleHarness[39m()
    [90m359|[39m    harness[33m.[39mactions[33m.[39m[34mcreateProject[3
9m([32m'Registry fallback'[39m)

[31m[2mтОптОптОптОптОптОптОптОптОптОптОптОптОптОптОптОптОптОптОптОптОптОптОп[
9/52]тОп[22m[39m

[41m[1m FAIL [22m[49m src/video-editor/app/createVideoEditorHarness.test.ts
[2m > [22mcreateVideoEditorHarness actions[2m > [22mfalls back to registry 
activeProjectId when session activeProjectId is stale
[31m[1mTypeError[22m: Cannot read properties of undefined (reading 'createPr
oject')[39m
[36m [2mтЭп[22m src/video-editor/app/createVideoEditorHarness.test.ts:[2m38
9:20[22m[39m
    [90m387|[39m   [35mtry[39m {
    [90m388|[39m    [35mawait[39m [34msettleHarness[39m()
    [90m389|[39m    harness[33m.[39mactions[33m.[39m[34mcreateProject[3
9m([32m'Fallback project'[39m)
    [90m   |[39m                    [31m^[39m
    [90m390|[39m    [35mawait[39m [34msettleHarness[39m()
    [90m391|[39m

[31m[2mтОптОптОптОптОптОптОптОптОптОптОптОптОптОптОптОптОптОптОптОптОптОп[10/
52]тОп[22m[39m

[41m[1m FAIL [22m[49m src/video-editor/app/createVideoEditorHarness.test.ts
[2m > [22mcreateVideoEditorHarness actions[2m > [22mexports the selected cl
ip as a render manifest and revokes its download URL
[31m[1mAssertionError[22m: expected "revokeObjectURL" to be called with argu
ments: [ 'blob:export-manifest' ][90m

Number of calls: [1m0[22m
[31m[39m
[36m [2mтЭп[22m src/video-editor/app/createVideoEditorHarness.test.ts:[2m43
0:28[22m[39m
    [90m428|[39m   } [35mfinally[39m {
    [90m429|[39m    harness[33m.[39m[34mdestroy[39m()
    [90m430|[39m    [34mexpect[39m(revokeObjectURL)[33m.[39m[34mtoHaveBe
enCalledWith[39m([32m'blob:export-manifest'[39m)
    [90m   |[39m                            [31m^[39m
    [90m431|[39m    createObjectURL[33m.[39m[34mmockRestore[39m()
    [90m432|[39m    revokeObjectURL[33m.[39m[34mmockRestore[39m()

[31m[2mтОптОптОптОптОптОптОптОптОптОптОптОптОптОптОптОптОптОптОптОптОптОп[11/
52]тОп[22m[39m

[41m[1m FAIL [22m[49m src/video-editor/app/createVideoEditorHarness.test.ts
[2m > [22mcreateVideoEditorHarness actions[2m > [22mexports the active proj
ect as a render manifest
[31m[1mAssertionError[22m: expected "revokeObjectURL" to be called with argu
ments: [ 'blob:project-export' ][90m

Number of calls: [1m0[22m
[31m[39m
[36m [2mтЭп[22m src/video-editor/app/createVideoEditorHarness.test.ts:[2m45
8:28[22m[39m
    [90m456|[39m   } [35mfinally[39m {
    [90m457|[39m    harness[33m.[39m[34mdestroy[39m()
    [90m458|[39m    [34mexpect[39m(revokeObjectURL)[33m.[39m[34mtoHaveBe
enCalledWith[39m([32m'blob:project-export'[39m)
    [90m   |[39m                            [31m^[39m
    [90m459|[39m    createObjectURL[33m.[39m[34mmockRestore[39m()
    [90m460|[39m    revokeObjectURL[33m.[39m[34mmockRestore[39m()

[31m[2mтОптОптОптОптОптОптОптОптОптОптОптОптОптОптОптОптОптОптОптОптОптОп[12/
52]тОп[22m[39m

[41m[1m FAIL [22m[49m src/video-editor/app/createVideoEditorHarness.test.ts
[2m > [22mcreateVideoEditorHarness actions[2m > [22mrequests video-webm for
mat from project export renderer
[31m[1mAssertionError[22m: expected "revokeObjectURL" to be called with argu
ments: [ 'blob:project-video-export' ][90m

Number of calls: [1m0[22m
[31m[39m
[36m [2mтЭп[22m src/video-editor/app/createVideoEditorHarness.test.ts:[2m50
8:28[22m[39m
    [90m506|[39m   } [35mfinally[39m {
    [90m507|[39m    harness[33m.[39m[34mdestroy[39m()
    [90m508|[39m    expect(revokeObjectURL).toHaveBeenCalledWith('blob:projec
t-video-exтАж
    [90m   |[39m                            [31m^[39m
    [90m509|[39m    createObjectURL[33m.[39m[34mmockRestore[39m()
    [90m510|[39m    revokeObjectURL[33m.[39m[34mmockRestore[39m()

[31m[2mтОптОптОптОптОптОптОптОптОптОптОптОптОптОптОптОптОптОптОптОптОптОп[13/
52]тОп[22m[39m

[41m[1m FAIL [22m[49m src/video-editor/app/createVideoEditorHarness.test.ts
[2m > [22mcreateVideoEditorHarness actions[2m > [22mexports p2p resources w
ith resolved transfer URLs without mutating domain state
[31m[1mAssertionError[22m: expected "revokeObjectURL" to be called with argu
ments: [ 'blob:p2p-clip.webm' ][90m

Number of calls: [1m0[22m
[31m[39m
[36m [2mтЭп[22m src/video-editor/app/createVideoEditorHarness.test.ts:[2m59
1:28[22m[39m
    [90m589|[39m   } [35mfinally[39m {
    [90m590|[39m    harness[33m.[39m[34mdestroy[39m()
    [90m591|[39m    [34mexpect[39m(revokeObjectURL)[33m.[39m[34mtoHaveBe
enCalledWith[39m([32m'blob:p2p-clip.webm'[39m)
    [90m   |[39m                            [31m^[39m
    [90m592|[39m    [34mexpect[39m(revokeObjectURL)[33m.[39m[34mtoHaveBe
enCalledWith[39m([32m'blob:p2p-export'[39m)
    [90m593|[39m    createElement[33m.[39m[34mmockRestore[39m()

[31m[2mтОптОптОптОптОптОптОптОптОптОптОптОптОптОптОптОптОптОптОптОптОптОп[14/
52]тОп[22m[39m

[41m[1m FAIL [22m[49m src/video-editor/app/createVideoEditorHarness.test.ts
[2m > [22mcreateVideoEditorHarness actions[2m > [22mtracks in-point and cla
mps trim start to keep positive duration
[31m[1mTypeError[22m: Cannot read properties of undefined (reading 'createPr
oject')[39m
[36m [2mтЭп[22m src/video-editor/app/createVideoEditorHarness.test.ts:[2m60
5:20[22m[39m
    [90m603|[39m   [35mtry[39m {
    [90m604|[39m    [35mawait[39m [34msettleHarness[39m()
    [90m605|[39m    harness[33m.[39mactions[33m.[39m[34mcreateProject[3
9m()
    [90m   |[39m                    [31m^[39m
    [90m606|[39m    [35mawait[39m [34msettleHarness[39m()
    [90m607|[39m    harness[33m.[39mactions[33m.[39m[34mimportSampleReso
urce[39m()

[31m[2mтОптОптОптОптОптОптОптОптОптОптОптОптОптОптОптОптОптОптОптОптОптОп[15/
52]тОп[22m[39m

[41m[1m FAIL [22m[49m src/video-editor/app/createVideoEditorHarness.test.ts
[2m > [22mcreateVideoEditorHarness actions[2m > [22msplits selected clip at
 playhead and keeps resulting durations aligned
[31m[1mTypeError[22m: Cannot read properties of undefined (reading 'createPr
oject')[39m
[36m [2mтЭп[22m src/video-editor/app/createVideoEditorHarness.test.ts:[2m63
4:20[22m[39m
    [90m632|[39m   [35mtry[39m {
    [90m633|[39m    [35mawait[39m [34msettleHarness[39m()
    [90m634|[39m    harness[33m.[39mactions[33m.[39m[34mcreateProject[3
9m()
    [90m   |[39m                    [31m^[39m
    [90m635|[39m    [35mawait[39m [34msettleHarness[39m()
    [90m636|[39m    harness[33m.[39mactions[33m.[39m[34mimportSampleReso
urce[39m()

[31m[2mтОптОптОптОптОптОптОптОптОптОптОптОптОптОптОптОптОптОптОптОптОптОп[16/
52]тОп[22m[39m

[41m[1m FAIL [22m[49m src/video-editor/app/createVideoEditorHarness.test.ts
[2m > [22mcreateVideoEditorHarness actions[2m > [22mremoves a single effect
 from selected clip
[31m[1mTypeError[22m: Cannot read properties of undefined (reading 'createPr
oject')[39m
[36m [2mтЭп[22m src/video-editor/app/createVideoEditorHarness.test.ts:[2m67
3:20[22m[39m
    [90m671|[39m   [35mtry[39m {
    [90m672|[39m    [35mawait[39m [34msettleHarness[39m()
    [90m673|[39m    harness[33m.[39mactions[33m.[39m[34mcreateProject[3
9m()
    [90m   |[39m                    [31m^[39m
    [90m674|[39m    [35mawait[39m [34msettleHarness[39m()
    [90m675|[39m    harness[33m.[39mactions[33m.[39m[34mimportSampleReso
urce[39m()

[31m[2mтОптОптОптОптОптОптОптОптОптОптОптОптОптОптОптОптОптОптОптОптОптОп[17/
52]тОп[22m[39m

[41m[1m FAIL [22m[49m src/video-editor/app/createVideoEditorHarness.test.ts
[2m > [22mcreateVideoEditorHarness actions[2m > [22mwraps cursor in tickPla
yback and routes audio clips to the audio track
[31m[1mTypeError[22m: Cannot read properties of undefined (reading 'createPr
oject')[39m
[36m [2mтЭп[22m src/video-editor/app/createVideoEditorHarness.test.ts:[2m70
9:20[22m[39m
    [90m707|[39m   [35mtry[39m {
    [90m708|[39m    [35mawait[39m [34msettleHarness[39m()
    [90m709|[39m    harness[33m.[39mactions[33m.[39m[34mcreateProject[3
9m()
    [90m   |[39m                    [31m^[39m
    [90m710|[39m    [35mawait[39m [34msettleHarness[39m()
    [90m711|[39m    [35mconst[39m projectId [33m=[39m [33mString[39m(ha
rness[33m.[39msession$[33m.[39mactiveProjectId[33m.[39m[35mget[39m())

[31m[2mтОптОптОптОптОптОптОптОптОптОптОптОптОптОптОптОптОптОптОптОптОптОп[18/
52]тОп[22m[39m

[41m[1m FAIL [22m[49m src/video-editor/app/createVideoEditorHarness.test.ts
[2m > [22mcreateVideoEditorHarness actions[2m > [22mskips dispatching move 
command when delta is zero
[31m[1mAssertionError[22m: expected [Function] to not throw an error but 'Ty
peError: Cannot read properties of тАж' was thrown[39m

[32m- Expected:[39m
undefined

[31m+ Received:[39m
"TypeError: Cannot read properties of undefined (reading 'moveClipById')"

[36m [2mтЭп[22m src/video-editor/app/createVideoEditorHarness.test.ts:[2m75
1:67[22m[39m
    [90m749|[39m
    [90m750|[39m   [35mtry[39m {
    [90m751|[39m    expect(() => harness.actions.moveClipById('clip:noop', 0)
).not.toThтАж
    [90m   |[39m                                                             
      [31m^[39m
    [90m752|[39m    [34mexpect[39m(dispatch)[33m.[39mnot[33m.[39m[34mt
oHaveBeenCalled[39m()
    [90m753|[39m   } [35mfinally[39m {

[31m[2mтОптОптОптОптОптОптОптОптОптОптОптОптОптОптОптОптОптОптОптОптОптОп[19/
52]тОп[22m[39m

[41m[1m FAIL [22m[49m src/video-editor/app/createVideoEditorHarness.test.ts
[2m > [22mcreateVideoEditorHarness actions[2m > [22mforwards project export
 progress updates to callback
[31m[1mTypeError[22m: Cannot read properties of undefined (reading 'queuePro
jectExport')[39m
[36m [2mтЭп[22m src/video-editor/app/createVideoEditorHarness.test.ts:[2m79
3:26[22m[39m
    [90m791|[39m   [35mtry[39m {
    [90m792|[39m    [35mawait[39m [34msettleHarness[39m()
    [90m793|[39m    [35mawait[39m harness[33m.[39mactions[33m.[39m[34m
queueProjectExport[39m((event) [33m=>[39m {
    [90m   |[39m                          [31m^[39m
    [90m794|[39m     progressEvents[33m.[39m[34mpush[39m(event)
    [90m795|[39m    })

[31m[2mтОптОптОптОптОптОптОптОптОптОптОптОптОптОптОптОптОптОптОптОптОптОп[20/
52]тОп[22m[39m

[41m[1m FAIL [22m[49m src/video-editor/domain/randomCommandInvariants.test.
ts[2m > [22mrandom command invariants[2m > [22mkeeps project graph valid ac
ross deterministic random command sequences
[31m[1mAssertionError[22m: 9DomToLaoEdS references missing T0l2EzqMi4eP: exp
ected undefined to be truthy[39m

[32m- Expected:[39m
true

[31m+ Received:[39m
undefined

[36m [2mтЭп[22m assertProjectInvariants src/video-editor/domain/randomComman
dInvariants.test.ts:[2m67:86[22m[39m
    [90m 65|[39m   [35mfor[39m ([35mconst[39m relValue [35mof[39m [33m
Object[39m[33m.[39m[34mvalues[39m(entity[33m.[39mrels)) {
    [90m 66|[39m    [35mfor[39m ([35mconst[39m relId [35mof[39m [34mas
Ids[39m(relValue)) {
    [90m 67|[39m     expect(registry.entitiesById[relId], `${entity.id} refer
ences missтАж
    [90m   |[39m                                                             
                         [31m^[39m
    [90m 68|[39m    }
    [90m 69|[39m   }
[90m [2mтЭп[22m src/video-editor/domain/randomCommandInvariants.test.ts:[2m
198:4[22m[39m

[31m[2mтОптОптОптОптОптОптОптОптОптОптОптОптОптОптОптОптОптОптОптОптОптОп[21/
52]тОп[22m[39m

[41m[1m FAIL [22m[49m src/video-editor/render/exportRenderer.test.ts[2m > 
[22mmanifest export renderer[2m > [22mkeeps trailing image frames after a sh
ort clip trimmed from a large video source
[31m[1mAssertionError[22m: expected 120 to be 3 // Object.is equality[39m

[32m- Expected[39m
[31m+ Received[39m

[32m- 3[39m
[31m+ 120[39m

[36m [2mтЭп[22m src/video-editor/render/exportRenderer.test.ts:[2m83:27[22
m[39m
    [90m 81|[39m   })
    [90m 82|[39m
    [90m 83|[39m   [34mexpect[39m(result[33m.[39mduration)[33m.[39m[34
mtoBe[39m([34m3[39m)
    [90m   |[39m                           [31m^[39m
    [90m 84|[39m   [34mexpect[39m(result[33m.[39mmanifest[33m.[39mframe
s)[33m.[39m[34mtoHaveLength[39m([34m6[39m)
    [90m 85|[39m   [34mexpect[39m(result[33m.[39mmanifest[33m.[39mframe
s[[34m0[39m][33m.[39moperations[[34m0[39m])[33m.[39m[34mtoMatchObject
[39m({

[31m[2mтОптОптОптОптОптОптОптОптОптОптОптОптОптОптОптОптОптОптОптОптОптОп[22/
52]тОп[22m[39m

[41m[1m FAIL [22m[49m src/video-editor/render/exportRenderer.test.ts[2m > 
[22mmanifest export renderer[2m > [22mexports 'video' media for 'project' ra
nges
[41m[1m FAIL [22m[49m src/video-editor/render/exportRenderer.test.ts[2m > 
[22mmanifest export renderer[2m > [22mexports 'video' media for 'clip' range
s
[31m[1mAssertionError[22m: expected [ { type: 'ef-video', тАж(5) }, тАж(1) ]
 to have a length of 1 but got 2[39m

[32m- Expected[39m
[31m+ Received[39m

[32m- 1[39m
[31m+ 2[39m

[36m [2mтЭп[22m src/video-editor/render/exportRenderer.test.ts:[2m110:33[2
2m[39m
    [90m108|[39m   [34mexpect[39m(result[33m.[39mduration)[33m.[39m[34
mtoBe[39m([34m2[39m)
    [90m109|[39m   [34mexpect[39m(result[33m.[39mframeCount)[33m.[39m[
34mtoBe[39m([34m4[39m)
    [90m110|[39m   [34mexpect[39m(result[33m.[39mmanifest[33m.[39mclips
)[33m.[39m[34mtoHaveLength[39m([34m1[39m)
    [90m   |[39m                                 [31m^[39m
    [90m111|[39m   expect(result.manifest.clips[0]).toMatchObject({ type: edi
tframeTypeтАж
    [90m112|[39m   [34mexpect[39m(result[33m.[39mmanifest[33m.[39mframe
s)[33m.[39m[34mtoHaveLength[39m([34m4[39m)

[31m[2mтОптОптОптОптОптОптОптОптОптОптОптОптОптОптОптОптОптОптОптОптОптОп[23/
52]тОп[22m[39m

[41m[1m FAIL [22m[49m src/video-editor/render/exportRenderer.test.ts[2m > 
[22mbrowser video export renderer[2m > [22mfalls back to json manifest when 
video export is unsupported
[31m[1mAssertionError[22m: expected [ 'qwywkFwxUyS4', 'pWtUmVnxV1Tp' ] to de
eply equal [ 'qwywkFwxUyS4' ][39m

[32m- Expected[39m
[31m+ Received[39m

[2m  [[22m
[2m    "qwywkFwxUyS4",[22m
[31m+   "pWtUmVnxV1Tp",[39m
[2m  ][22m

[36m [2mтЭп[22m src/video-editor/render/exportRenderer.test.ts:[2m272:47[2
2m[39m
    [90m270|[39m    fallbackReason[33m:[39m [32m'webcodecs-video-unsupport
ed'[39m[33m,[39m
    [90m271|[39m   })
    [90m272|[39m   [34mexpect[39m(result[33m.[39mdiagnostics[33m?.[39mr
esolvedClipIds)[33m.[39m[34mtoEqual[39m([clipId])
    [90m   |[39m                                               [31m^[39m
    [90m273|[39m   [34mexpect[39m(result[33m.[39mmanifest[33m.[39mdiagn
ostics)[33m.[39m[34mtoEqual[39m(result[33m.[39mdiagnostics)
    [90m274|[39m   expect(await result.blob.text()).toContain('webcodecs-vide
o-unsupporтАж

[31m[2mтОптОптОптОптОптОптОптОптОптОптОптОптОптОптОптОптОптОптОптОптОптОп[24/
52]тОп[22m[39m

[41m[1m FAIL [22m[49m src/video-editor/render/renderPlan.test.ts[2m > [22
mrender plan compiler[2m > [22mexcludes muted tracks from frame operations an
d export source clips
[31m[1mAssertionError[22m: expected [ { clipId: 'pe5qHAu7sqv2', тАж(7) } ] t
o deeply equal [][39m

[32m- Expected[39m
[31m+ Received[39m

[32m- [][39m
[31m+ [[39m
[31m+   {[39m
[31m+     "clipId": "pe5qHAu7sqv2",[39m
[31m+     "duration": 4,[39m
[31m+     "localTime": 0.5,[39m
[31m+     "operations": [[39m
[31m+       {[39m
[31m+         "type": "transform",[39m
[31m+         "value": {[39m
[31m+           "rotation": 0,[39m
[31m+           "scale": 1,[39m
[31m+           "x": 0,[39m
[31m+           "y": 0,[39m
[31m+         },[39m
[31m+       },[39m
[31m+       {[39m
[31m+         "type": "opacity",[39m
[31m+         "value": 1,[39m
[31m+       },[39m
[31m+       {[39m
[31m+         "type": "audio",[39m
[31m+         "value": {[39m
[31m+           "gain": 1,[39m
[31m+           "pan": 0,[39m
[31m+         },[39m
[31m+       },[39m
[31m+     ],[39m
[31m+     "resourceId": "yaFA7fSDBLtY",[39m
[31m+     "resourceKind": "audio",[39m
[31m+     "sourceTime": 0.5,[39m
[31m+     "start": 0,[39m
[31m+   },[39m
[31m+ ][39m

[36m [2mтЭп[22m src/video-editor/render/renderPlan.test.ts:[2m202:60[22m[
39m
    [90m200|[39m   registry[33m.[39mentitiesById[[33mString[39m(videoTrac
k[33m?.[39mid)][33m.[39mattrs[33m.[39mmuted [33m=[39m [35mtrue[39m
    [90m201|[39m
    [90m202|[39m   [34mexpect[39m([34mcompileFrameOperations[39m(registry
[33m,[39m projectId[33m,[39m [34m0.5[39m))[33m.[39m[34mtoEqual[39m([]
)
    [90m   |[39m                                                            
[31m^[39m
    [90m203|[39m   [34mexpect[39m([34mcompileEditframeClips[39m(registry
[33m,[39m projectId))[33m.[39m[34mtoEqual[39m([])
    [90m204|[39m  })

[31m[2mтОптОптОптОптОптОптОптОптОптОптОптОптОптОптОптОптОптОптОптОптОптОп[25/
52]тОп[22m[39m

[41m[1m FAIL [22m[49m src/video-editor/tests/video-editor.happy-path.test.t
sx[2m > [22mvideo editor harness[2m > [22mruns the happy path: project -> i
mport -> clip -> inspect -> split -> nudge
[31m[1mError[22m: Test timed out in 5000ms.
If this is a long-running test, pass a timeout value as the last argument or co
nfigure it globally with "testTimeout".[39m
[36m [2mтЭп[22m src/video-editor/tests/video-editor.happy-path.test.tsx:[2m
83:2[22m[39m
    [90m 81|[39m
    [90m 82|[39m describe('video editor harness', () =[37m[41m[1m>[22m[4
9m[39m [33m{[39m
    [90m 83|[39m  it('runs the happy path: project -> import -> clip -> inspe
ct -> spliтАж
    [90m   |[39m  [31m^[39m
    [90m 84|[39m   [35mconst[39m { harness[33m,[39m user[33m,[39m unmou
nt } [33m=[39m [34mrenderVideoEditor[39m()
    [90m 85|[39m

[31m[2mтОптОптОптОптОптОптОптОптОптОптОптОптОптОптОптОптОптОптОптОптОптОп[26/
52]тОп[22m[39m

[41m[1m FAIL [22m[49m src/video-editor/tests/video-editor.happy-path.test.t
sx[2m > [22mvideo editor harness[2m > [22msplits clip at playhead and updat
es timeline clip widths from resulting durations
[41m[1m FAIL [22m[49m src/video-editor/tests/video-editor.happy-path.test.t
sx[2m > [22mvideo editor harness[2m > [22mapplies clip color to timeline ac
cent and renderer frame
[41m[1m FAIL [22m[49m src/video-editor/tests/video-editor.happy-path.test.t
sx[2m > [22mvideo editor harness[2m > [22madds a text clip and edits text c
ontent from the inspector
[41m[1m FAIL [22m[49m src/video-editor/tests/video-editor.happy-path.test.t
sx[2m > [22mvideo editor harness[2m > [22mapplies every color preset button
 in inspector
[41m[1m FAIL [22m[49m src/video-editor/tests/video-editor.happy-path.test.t
sx[2m > [22mvideo editor harness[2m > [22mhandles empty timeline and render
s a large number of clips without UI breakage
[31m[1mAssertionError[22m[39m: expected 0 to be greater than 0

Ignored nodes: comments, script, style
[36m<html>[39m
  [36m<head />[39m
  [36m<body>[39m
    [36m<div>[39m
      [36m<div[39m
        [33mclass[39m=[32m"ve-shell"[39m
      [36m>[39m
        [36m<header[39m
          [33mclass[39m=[32m"ve-toolbar"[39m
        [36m>[39m
          [36m<div[39m
            [33mclass[39m=[32m"ve-toolbar__left"[39m
          [36m>[39m
            [36m<div[39m
              [33maria-hidden[39m=[32m"true"[39m
              [33mclass[39m=[32m"ve-toolbar__mark"[39m
            [36m>[39m
              [0mM[0m
            [36m</div>[39m
            [36m<div[39m
              [33mclass[39m=[32m"ve-toolbar__brand"[39m
            [36m>[39m
              [36m<h1>[39m
                [0mminicut[0m
              [36m</h1>[39m
              [36m<p>[39m
                [0mVideo workspace[0m
              [36m</p>[39m
            [36m</div>[39m
            [36m<div[39m
              [33maria-label[39m=[32m"Projects"[39m
              [33mclass[39m=[32m"ve-project-dropdown"[39m
            [36m>[39m
              [36m<button[39m
                [33maria-expanded[39m=[32m"true"[39m
                [33maria-haspopup[39m=[32m"menu"[39m
                [33mclass[39m=[32m"ve-button ve-button--secondary ve-button-
-sm ve-project-dropdown__trigger"[39m
                [33mtype[39m=[32m"button"[39m
              [36m>[39m
                [36m<span>[39m
                  [0mNo project[0m
                [36m</span>[39m
                [36m<svg[39m
                  [33maria-hidden[39m=[32m"true"[39m
                  [33mclass[39m=[32m"lucide lucide-chevron-down ve-project-d
ropdown__chevron"[39m
                  [33mfill[39m=[32m"none"[39m
                  [33mheight[39m=[32m"14"[39m
                  [33mstroke[39m=[32m"currentColor"[39m
                  [33mstroke-linecap[39m=[32m"round"[39m
                  [33mstroke-linejoin[39m=[32m"round"[39m
                  [33mstroke-width[39m=[32m"2"[39m
                  [33mviewBox[39m=[32m"0 0 24 24"[39m
                  [33mwidth[39m=[32m"14"[39m
                  [33mxmlns[39m=[32m"http://www.w3.org/2000/svg"[39m
                [36m>[39m
                  [36m<path[39m
                    [33md[39m=[32m"m6 9 6 6 6-6"[39m
                  [36m/>[39m
                [36m</svg>[39m
              [36m</button>[39m
              [36m<div[39m
                [33mclass[39m=[32m"ve-project-dropdown__menu is-open"[39m
              [36m>[39m
                [36m<div[39m
                  [33mclass[39m=[32m"ve-project-dropdown__header"[39m
                [36m>[39m
                  [36m<span>[39m
                    [0mProjects[0m
                  [36m</span>[39m
                  [36m<button[39m
                    [33maria-label[39m=[32m"New project"[39m
                    [33mclass[39m=[32m"ve-button ve-button--default ve-butto
n--sm ve-icon-button ve-icon-button--with-label ve-project-dropdown__new"[39m
                    [33mtitle[39m=[32m"New project"[39m
                    [33mtype[39m=[32m"button"[39m
                  [36m>[39m
                    [36m<svg[39m
                      [33maria-hidden[39m=[32m"true"[39m
                      [33mclass[39m=[32m"lucide lucide-plus"[39m
                      [33mfill[39m=[32m"none"[39m
                      [33mheight[39m=[32m"16"[39m
                      [33mstroke[39m=[32m"currentColor"[39m
                      [33mstroke-linecap[39m=[32m"round"[39m
                      [33mstroke-linejoin[39m=[32m"round"[39m
                      [33mstroke-width[39m=[32m"2"[39m
                      [33mviewBox[39m=[32m"0 0 24 24"[39m
                      [33mwidth[39m=[32m"16"[39m
                      [33mxmlns[39m=[32m"http://www.w3.org/2000/svg"[39m
                    [36m>[39m
                      [36m<path[39m
                        [33md[39m=[32m"M5 12h14"[39m
                      [36m/>[39m
                      [36m<path[39m
                        [33md[39m=[32m"M12 5v14"[39m
                      [36m/>[39m
                    [36m</svg>[39m
                    [36m<span>[39m
                      [0mNew project[0m
                    [36m</span>[39m
                  [36m</button>[39m
                [36m</div>[39m
                [36m<p[39m
                  [33mclass[39m=[32m"ve-empty ve-project-dropdown__empty"[3
9m
                [36m>[39m
                  [0mNo projects yet.[0m
                [36m</p>[39m
              [36m</div>[39m
            [36m</div>[39m
            [36m<button[39m
              [33maria-label[39m=[32m"New project"[39m
              [33mclass[39m=[32m"ve-button ve-button--ghost ve-button--sm ve
-icon-button ve-icon-button--with-label"[39m
              [33mtitle[39m=[32m"New project"[39m
              [33mtype[39m=[32m"button"[39m
            [36m>[39m
              [36m<svg[39m
                [33maria-hidden[39m=[32m"true"[39m
                [33mclass[39m=[32m"lucide lucide-folder-plus"[39m
                [33mfill[39m=[32m"none"[39m
                [33mheight[39m=[32m"16"[39m
                [33mstroke[39m=[32m"currentColor"[39m
                [33mstroke-linecap[39m=[32m"round"[39m
                [33mstroke-linejoin[39m=[32m"round"[39m
                [33mstroke-width[39m=[32m"2"[39m
                [33mviewBox[39m=[32m"0 0 24 24"[39m
                [33mwidth[39m=[32m"16"[39m
                [33mxmlns[39m=[32m"http://www.w3.org/2000/svg"[39m
              [36m>[39m
                [36m<path[39m
                  [33md[39m=[32m"M12 10v6"[39m
                [36m/>[39m
                [36m<path[39m
                  [33md[39m=[32m"M9 13h6"[39m
                [36m/>[39m
                [36m<path[39m
                  [33md[39m=[32m"M20 20a2 2 0 0 0 2-2V8a2 2 0 0 0-2-2h-7.9a2
 2 0 0 1-1.69-.9L9.6 3.9A2 2 0 0 0 7.93 3H4a2 2 0 0 0-2 2v13a2 2 0 0 0 2 2Z"[3
9m
                [36m/>[39m
              [36m</svg>[39m
              [36m<span>[39m
                [0mNew[0m
              [36m</span>[39m
            [36m</button>[39m
          [36m</div>[39m
          [36m<div[39m
            [33mclass[39m=[32m"ve-toolbar__actions"[39m
          [36m>[39m
            [36m<button[39m
              [33maria-label[39m=[32m"Export project"[39m
              [33mclass[39m=[32m"ve-button ve-button--default ve-button--sm 
ve-icon-button ve-icon-button--with-label"[39m
              [33mdisabled[39m=[32m""[39m
              [33mtitle[39m=[32m"Export project"[39m
              [33mtype[39m=[32m"button"[39m
            [36m>[39m
              [36m<svg[39m
                [33maria-hidden[39m=[32m"true"[39m
                [33mclass[39m=[32m"luc...
[36m [2mтЭп[22m timeout src/video-editor/tests/video-editor.happy-path.test.
tsx:[2m10:111[22m[39m
    [90m  8|[39m  [35mawait[39m user[33m.[39m[34mclick[39m([34mwithin
[39m(projectsRegion)[33m.[39m[34mgetByRole[39m([32m'button'[39m))
    [90m  9|[39m  await user.click(within(projectsRegion).getByRole('button',
 { name: 'тАж
    [90m 10|[39m  await waitFor(() => expect(within(projectsRegion).queryAllB
yRole('butтАж
    [90m   |[39m                                                             
                                                  [31m^[39m
    [90m 11|[39m  if (!/Project \d+/i.test(projectsRegion.querySelector('.ve-
project-drтАж
    [90m 12|[39m   const projectButton = within(projectsRegion).queryByRole('
button', {тАж
[90m [2mтЭп[22m runWithExpensiveErrorDiagnosticsDisabled node_modules/@testi
ng-library/dom/dist/config.js:[2m47:12[22m[39m
[90m [2mтЭп[22m checkCallback node_modules/@testing-library/dom/dist/wait-fo
r.js:[2m124:77[22m[39m
[90m [2mтЭп[22m Timeout.checkRealTimersCallback node_modules/@testing-librar
y/dom/dist/wait-for.js:[2m118:16[22m[39m

[31m[2mтОптОптОптОптОптОптОптОптОптОптОптОптОптОптОптОптОптОптОптОптОптОп[27/
52]тОп[22m[39m

[41m[1m FAIL [22m[49m src/video-editor/tests/video-editor.happy-path.test.t
sx[2m > [22mvideo editor harness[2m > [22mshows project export progress in 
toolbar while rendering
[31m[1mError[22m: Test timed out in 5000ms.
If this is a long-running test, pass a timeout value as the last argument or co
nfigure it globally with "testTimeout".[39m
[36m [2mтЭп[22m src/video-editor/tests/video-editor.happy-path.test.tsx:[2m
171:2[22m[39m
    [90m169|[39m  }[33m,[39m [34m10000[39m)
    [90m170|[39m
    [90m171|[39m  it('shows project export progress in toolbar while renderin
g', async тАж
    [90m   |[39m  [31m^[39m
    [90m172|[39m   [35mconst[39m exportDeferred [33m=[39m createDeferred
[33m<[39m[33mExportRenderResult[39m[33m>[39m()
    [90m173|[39m   [35mconst[39m exportRenderer [33m=[39m {

[31m[2mтОптОптОптОптОптОптОптОптОптОптОптОптОптОптОптОптОптОптОптОптОптОп[28/
52]тОп[22m[39m

[41m[1m FAIL [22m[49m src/video-editor/tests/video-editor.happy-path.test.t
sx[2m > [22mvideo editor harness[2m > [22mresizes a clip from its timeline 
edges
[31m[1mError[22m: Test timed out in 5000ms.
If this is a long-running test, pass a timeout value as the last argument or co
nfigure it globally with "testTimeout".[39m
[36m [2mтЭп[22m src/video-editor/tests/video-editor.happy-path.test.tsx:[2m
195:2[22m[39m
    [90m193|[39m  })
    [90m194|[39m
    [90m195|[39m  [34mit[39m([32m'resizes a clip from its timeline edges'
[39m[33m,[39m [35masync[39m () [33m=>[39m {
    [90m   |[39m  [31m^[39m
    [90m196|[39m   [35mconst[39m { harness[33m,[39m user[33m,[39m unmou
nt } [33m=[39m [34mrenderVideoEditor[39m()
    [90m197|[39m

[31m[2mтОптОптОптОптОптОптОптОптОптОптОптОптОптОптОптОптОптОптОптОптОптОп[29/
52]тОп[22m[39m

[41m[1m FAIL [22m[49m src/video-editor/tests/video-editor.happy-path.test.t
sx[2m > [22mvideo editor harness[2m > [22mdeletes selected clips through th
e timeline clip actions
[31m[1mError[22m: Test timed out in 5000ms.
If this is a long-running test, pass a timeout value as the last argument or co
nfigure it globally with "testTimeout".[39m
[36m [2mтЭп[22m src/video-editor/tests/video-editor.happy-path.test.tsx:[2m
224:2[22m[39m
    [90m222|[39m  })
    [90m223|[39m
    [90m224|[39m  it('deletes selected clips through the timeline clip action
s', async тАж
    [90m   |[39m  [31m^[39m
    [90m225|[39m   [35mconst[39m { harness[33m,[39m user[33m,[39m unmou
nt } [33m=[39m [34mrenderVideoEditor[39m()
    [90m226|[39m

[31m[2mтОптОптОптОптОптОптОптОптОптОптОптОптОптОптОптОптОптОптОптОптОптОп[30/
52]тОп[22m[39m

[41m[1m FAIL [22m[49m src/video-editor/tests/video-editor.happy-path.test.t
sx[2m > [22mvideo editor harness[2m > [22madds and edits primary color corr
ection from the color inspector
[31m[1mError[22m: Test timed out in 5000ms.
If this is a long-running test, pass a timeout value as the last argument or co
nfigure it globally with "testTimeout".[39m
[36m [2mтЭп[22m src/video-editor/tests/video-editor.happy-path.test.tsx:[2m
266:2[22m[39m
    [90m264|[39m  }[33m,[39m [34m10000[39m)
    [90m265|[39m
    [90m266|[39m  it('adds and edits primary color correction from the color 
inspector'тАж
    [90m   |[39m  [31m^[39m
    [90m267|[39m   [35mconst[39m { harness[33m,[39m user[33m,[39m unmou
nt } [33m=[39m [34mrenderVideoEditor[39m()
    [90m268|[39m

[31m[2mтОптОптОптОптОптОптОптОптОптОптОптОптОптОптОптОптОптОптОптОптОптОп[31/
52]тОп[22m[39m

[41m[1m FAIL [22m[49m src/video-editor/tests/video-editor.happy-path.test.t
sx[2m > [22mvideo editor harness[2m > [22minterpolates keyframed opacity an
d transform values in the renderer
[31m[1mError[22m: Test timed out in 5000ms.
If this is a long-running test, pass a timeout value as the last argument or co
nfigure it globally with "testTimeout".[39m
[36m [2mтЭп[22m src/video-editor/tests/video-editor.happy-path.test.tsx:[2m
462:2[22m[39m
    [90m460|[39m  }[33m,[39m [34m15000[39m)
    [90m461|[39m
    [90m462|[39m  it('interpolates keyframed opacity and transform values in 
the renderтАж
    [90m   |[39m  [31m^[39m
    [90m463|[39m   [35mconst[39m { harness[33m,[39m user[33m,[39m unmou
nt } [33m=[39m [34mrenderVideoEditor[39m()
    [90m464|[39m

[31m[2mтОптОптОптОптОптОптОптОптОптОптОптОптОптОптОптОптОптОптОптОптОптОп[32/
52]тОп[22m[39m

[41m[1m FAIL [22m[49m src/video-editor/tests/video-editor.happy-path.test.t
sx[2m > [22mvideo editor harness[2m > [22medits clip fade in and fade out c
ontrols and previews faded opacity
[31m[1mError[22m: Test timed out in 5000ms.
If this is a long-running test, pass a timeout value as the last argument or co
nfigure it globally with "testTimeout".[39m
[36m [2mтЭп[22m src/video-editor/tests/video-editor.happy-path.test.tsx:[2m
494:2[22m[39m
    [90m492|[39m  })
    [90m493|[39m
    [90m494|[39m  it('edits clip fade in and fade out controls and previews f
aded opaciтАж
    [90m   |[39m  [31m^[39m
    [90m495|[39m   [35mconst[39m { harness[33m,[39m user[33m,[39m unmou
nt } [33m=[39m [34mrenderVideoEditor[39m()
    [90m496|[39m

[31m[2mтОптОптОптОптОптОптОптОптОптОптОптОптОптОптОптОптОптОптОптОптОптОп[33/
52]тОп[22m[39m

[41m[1m FAIL [22m[49m src/video-editor/tests/video-editor.happy-path.test.t
sx[2m > [22mvideo editor harness[2m > [22medits clip name, direct color inp
ut, and every transform input
[31m[1mError[22m: Test timed out in 5000ms.
If this is a long-running test, pass a timeout value as the last argument or co
nfigure it globally with "testTimeout".[39m
[36m [2mтЭп[22m src/video-editor/tests/video-editor.happy-path.test.tsx:[2m
553:2[22m[39m
    [90m551|[39m  }[33m,[39m [34m10000[39m)
    [90m552|[39m
    [90m553|[39m  it('edits clip name, direct color input, and every transfor
m input', тАж
    [90m   |[39m  [31m^[39m
    [90m554|[39m   [35mconst[39m { harness[33m,[39m user[33m,[39m unmou
nt } [33m=[39m [34mrenderVideoEditor[39m()
    [90m555|[39m

[31m[2mтОптОптОптОптОптОптОптОптОптОптОптОптОптОптОптОптОптОптОптОптОптОп[34/
52]тОп[22m[39m

[41m[1m FAIL [22m[49m src/video-editor/tests/video-editor.happy-path.test.t
sx[2m > [22mvideo editor harness[2m > [22mkeeps projects isolated when swit
ching active project
[31m[1mError[22m: Test timed out in 5000ms.
If this is a long-running test, pass a timeout value as the last argument or co
nfigure it globally with "testTimeout".[39m
[36m [2mтЭп[22m src/video-editor/tests/video-editor.happy-path.test.tsx:[2m
590:2[22m[39m
    [90m588|[39m  })
    [90m589|[39m
    [90m590|[39m  it('keeps projects isolated when switching active project',
 async () тАж
    [90m   |[39m  [31m^[39m
    [90m591|[39m   [35mconst[39m { harness[33m,[39m user[33m,[39m unmou
nt } [33m=[39m [34mrenderVideoEditor[39m()
    [90m592|[39m

[31m[2mтОптОптОптОптОптОптОптОптОптОптОптОптОптОптОптОптОптОптОптОптОптОп[35/
52]тОп[22m[39m

[41m[1m FAIL [22m[49m src/video-editor/tests/video-editor.happy-path.test.t
sx[2m > [22mvideo editor harness[2m > [22mshows project items in dropdown a
fter opening switcher
[31m[1mError[22m: Test timed out in 5000ms.
If this is a long-running test, pass a timeout value as the last argument or co
nfigure it globally with "testTimeout".[39m
[36m [2mтЭп[22m src/video-editor/tests/video-editor.happy-path.test.tsx:[2m
618:2[22m[39m
    [90m616|[39m  })
    [90m617|[39m
    [90m618|[39m  it('shows project items in dropdown after opening switcher'
, async ()тАж
    [90m   |[39m  [31m^[39m
    [90m619|[39m   [35mconst[39m { harness[33m,[39m user[33m,[39m unmou
nt } [33m=[39m [34mrenderVideoEditor[39m()
    [90m620|[39m

[31m[2mтОптОптОптОптОптОптОптОптОптОптОптОптОптОптОптОптОптОптОптОптОптОп[36/
52]тОп[22m[39m

[41m[1m FAIL [22m[49m src/video-editor/tests/video-editor.happy-path.test.t
sx[2m > [22mvideo editor harness[2m > [22mcovers toolbar export, media cont
rols, and timeline tool toggles
[31m[1mError[22m: Test timed out in 5000ms.
If this is a long-running test, pass a timeout value as the last argument or co
nfigure it globally with "testTimeout".[39m
[36m [2mтЭп[22m src/video-editor/tests/video-editor.happy-path.test.tsx:[2m
636:2[22m[39m
    [90m634|[39m  })
    [90m635|[39m
    [90m636|[39m  it('covers toolbar export, media controls, and timeline too
l toggles'тАж
    [90m   |[39m  [31m^[39m
    [90m637|[39m   [35mconst[39m { harness[33m,[39m user[33m,[39m unmou
nt } [33m=[39m [34mrenderVideoEditor[39m()
    [90m638|[39m

[31m[2mтОптОптОптОптОптОптОптОптОптОптОптОптОптОптОптОптОптОптОптОптОптОп[37/
52]тОп[22m[39m

[41m[1m FAIL [22m[49m src/video-editor/tests/video-editor.happy-path.test.t
sx[2m > [22mvideo editor harness[2m > [22mswitches inspector tabs for clip 
editing modes
[31m[1mError[22m: Test timed out in 5000ms.
If this is a long-running test, pass a timeout value as the last argument or co
nfigure it globally with "testTimeout".[39m
[36m [2mтЭп[22m src/video-editor/tests/video-editor.happy-path.test.tsx:[2m
704:2[22m[39m
    [90m702|[39m  })
    [90m703|[39m
    [90m704|[39m  [34mit[39m([32m'switches inspector tabs for clip editing
 modes'[39m[33m,[39m [35masync[39m () [33m=>[39m {
    [90m   |[39m  [31m^[39m
    [90m705|[39m   [35mconst[39m { harness[33m,[39m user[33m,[39m unmou
nt } [33m=[39m [34mrenderVideoEditor[39m()
    [90m706|[39m

[31m[2mтОптОптОптОптОптОптОптОптОптОптОптОптОптОптОптОптОптОптОптОптОптОп[38/
52]тОп[22m[39m

[41m[1m FAIL [22m[49m src/video-editor/tests/video-editor.happy-path.test.t
sx[2m > [22mvideo editor harness[2m > [22mcontrols cursor from the timeline
 and syncs preview state
[31m[1mError[22m: Test timed out in 5000ms.
If this is a long-running test, pass a timeout value as the last argument or co
nfigure it globally with "testTimeout".[39m
[36m [2mтЭп[22m src/video-editor/tests/video-editor.happy-path.test.tsx:[2m
734:2[22m[39m
    [90m732|[39m  })
    [90m733|[39m
    [90m734|[39m  it('controls cursor from the timeline and syncs preview sta
te', asyncтАж
    [90m   |[39m  [31m^[39m
    [90m735|[39m   [35mconst[39m { harness[33m,[39m user[33m,[39m unmou
nt } [33m=[39m [34mrenderVideoEditor[39m()
    [90m736|[39m

[31m[2mтОптОптОптОптОптОптОптОптОптОптОптОптОптОптОптОптОптОптОптОптОптОп[39/
52]тОп[22m[39m

[41m[1m FAIL [22m[49m src/video-editor/worker/fallbackAuthorityClient.contr
act.test.ts[2m > [22mFallbackAuthorityClient authority contract[2m > [22mre
places snapshots and notifies subscribers
[41m[1m FAIL [22m[49m src/video-editor/worker/memoryWorker.contract.test.ts
[2m > [22mMemoryWorkerAuthority authority contract[2m > [22mreplaces snapsh
ots and notifies subscribers
[31m[1mReferenceError[22m: createPreviewStructureFromRegistry is not defined
[39m
[36m [2mтЭп[22m syncSessionDerivedState src/video-editor/dkt/runtime/createM
iniCutDktRuntime.ts:[2m898:21[22m[39m
    [90m896|[39m    [33m:[39m [35mnull[39m
    [90m897|[39m   const snapshot = await createRegistryFromModelTree(app.app
Model, actтАж
    [90m898|[39m   const structure = createPreviewStructureFromRegistry(snaps
hot, activтАж
    [90m   |[39m                     [31m^[39m
    [90m899|[39m   [35mawait[39m sessionRoot[33m.[39m[34mdispatch[39m(
[32m'syncPreviewModel'[39m[33m,[39m { structure })
    [90m900|[39m  }
[90m [2mтЭп[22m materializeRegistryHierarchy src/video-editor/dkt/runtime/cr
eateMiniCutDktRuntime.ts:[2m1132:4[22m[39m
[90m [2mтЭп[22m Object.replaceRegistryState src/video-editor/dkt/runtime/cre
ateMiniCutDktRuntime.ts:[2m771:3[22m[39m
[90m [2mтЭп[22m src/video-editor/worker/authorityClient.contract.ts:[2m80:5
[22m[39m

[31m[2mтОптОптОптОптОптОптОптОптОптОптОптОптОптОптОптОптОптОптОптОптОптОп[40/
52]тОп[22m[39m

[41m[1m FAIL [22m[49m src/video-editor/worker/memoryWorker.test.ts[2m > [
22mMemoryWorkerAuthority[2m > [22mstreams project hierarchy to a page DKT rep
lica over openDktTransport
[31m[1mError[22m: Test timed out in 5000ms.
If this is a long-running test, pass a timeout value as the last argument or co
nfigure it globally with "testTimeout".[39m
[36m [2mтЭп[22m src/video-editor/worker/memoryWorker.test.ts:[2m247:2[22m
[39m
    [90m245|[39m  })
    [90m246|[39m
    [90m247|[39m  it('streams project hierarchy to a page DKT replica over op
enDktTransтАж
    [90m   |[39m  [31m^[39m
    [90m248|[39m   [35mconst[39m worker [33m=[39m [35mnew[39m [33mMemo
ryWorkerAuthority[39m()
    [90m249|[39m   const pageRuntime = createMiniCutPageSyncRuntime({ transpo
rt: workerтАж

[31m[2mтОптОптОптОптОптОптОптОптОптОптОптОптОптОптОптОптОптОптОптОптОптОп[41/
52]тОп[22m[39m

[41m[1m FAIL [22m[49m src/video-editor/dkt/runtime/createMiniCutDktRuntime.
test.ts[2m > [22mcreateMiniCutDktRuntime[2m > [22mboots a DKT session root 
and dispatches session actions
[31m[1mReferenceError[22m: createPreviewStructureFromRegistry is not defined
[39m
[36m [2mтЭп[22m syncSessionDerivedState src/video-editor/dkt/runtime/createM
iniCutDktRuntime.ts:[2m898:21[22m[39m
    [90m896|[39m    [33m:[39m [35mnull[39m
    [90m897|[39m   const snapshot = await createRegistryFromModelTree(app.app
Model, actтАж
    [90m898|[39m   const structure = createPreviewStructureFromRegistry(snaps
hot, activтАж
    [90m   |[39m                     [31m^[39m
    [90m899|[39m   [35mawait[39m sessionRoot[33m.[39m[34mdispatch[39m(
[32m'syncPreviewModel'[39m[33m,[39m { structure })
    [90m900|[39m  }
[90m [2mтЭп[22m Object.dispatchSessionAction src/video-editor/dkt/runtime/cr
eateMiniCutDktRuntime.ts:[2m754:3[22m[39m
[90m [2mтЭп[22m src/video-editor/dkt/runtime/createMiniCutDktRuntime.test.ts
:[2m165:3[22m[39m

[31m[2mтОптОптОптОптОптОптОптОптОптОптОптОптОптОптОптОптОптОптОптОптОптОп[42/
52]тОп[22m[39m

[41m[1m FAIL [22m[49m src/video-editor/dkt/runtime/createMiniCutDktRuntime.
test.ts[2m > [22mcreateMiniCutDktRuntime[2m > [22mcreates an active project
 with default tracks from the session root action
[31m[1mReferenceError[22m: createPreviewStructureFromRegistry is not defined
[39m
[36m [2mтЭп[22m syncSessionDerivedState src/video-editor/dkt/runtime/createM
iniCutDktRuntime.ts:[2m898:21[22m[39m
    [90m896|[39m    [33m:[39m [35mnull[39m
    [90m897|[39m   const snapshot = await createRegistryFromModelTree(app.app
Model, actтАж
    [90m898|[39m   const structure = createPreviewStructureFromRegistry(snaps
hot, activтАж
    [90m   |[39m                     [31m^[39m
    [90m899|[39m   [35mawait[39m sessionRoot[33m.[39m[34mdispatch[39m(
[32m'syncPreviewModel'[39m[33m,[39m { structure })
    [90m900|[39m  }
[90m [2mтЭп[22m Object.dispatchSessionAction src/video-editor/dkt/runtime/cr
eateMiniCutDktRuntime.ts:[2m754:3[22m[39m
[90m [2mтЭп[22m src/video-editor/dkt/runtime/createMiniCutDktRuntime.test.ts
:[2m176:3[22m[39m

[31m[2mтОптОптОптОптОптОптОптОптОптОптОптОптОптОптОптОптОптОптОптОптОптОп[43/
52]тОп[22m[39m

[41m[1m FAIL [22m[49m src/video-editor/dkt/runtime/createMiniCutDktRuntime.
test.ts[2m > [22mcreateMiniCutDktRuntime[2m > [22mowns command dispatch sta
te as a DKT root registry snapshot
[31m[1mReferenceError[22m: createPreviewStructureFromRegistry is not defined
[39m
[36m [2mтЭп[22m syncSessionDerivedState src/video-editor/dkt/runtime/createM
iniCutDktRuntime.ts:[2m898:21[22m[39m
    [90m896|[39m    [33m:[39m [35mnull[39m
    [90m897|[39m   const snapshot = await createRegistryFromModelTree(app.app
Model, actтАж
    [90m898|[39m   const structure = createPreviewStructureFromRegistry(snaps
hot, activтАж
    [90m   |[39m                     [31m^[39m
    [90m899|[39m   [35mawait[39m sessionRoot[33m.[39m[34mdispatch[39m(
[32m'syncPreviewModel'[39m[33m,[39m { structure })
    [90m900|[39m  }
[90m [2mтЭп[22m materializeRegistryHierarchy src/video-editor/dkt/runtime/cr
eateMiniCutDktRuntime.ts:[2m1132:4[22m[39m
[90m [2mтЭп[22m Object.dispatchCommand src/video-editor/dkt/runtime/createMi
niCutDktRuntime.ts:[2m791:3[22m[39m
[90m [2mтЭп[22m src/video-editor/dkt/runtime/createMiniCutDktRuntime.test.ts
:[2m341:18[22m[39m

[31m[2mтОптОптОптОптОптОптОптОптОптОптОптОптОптОптОптОптОптОптОптОптОптОп[44/
52]тОп[22m[39m

[41m[1m FAIL [22m[49m src/video-editor/dkt/runtime/createMiniCutDktRuntime.
test.ts[2m > [22mcreateMiniCutDktRuntime[2m > [22mmaterializes project hier
archy when replacing the registry snapshot directly
[31m[1mReferenceError[22m: createPreviewStructureFromRegistry is not defined
[39m
[36m [2mтЭп[22m syncSessionDerivedState src/video-editor/dkt/runtime/createM
iniCutDktRuntime.ts:[2m898:21[22m[39m
    [90m896|[39m    [33m:[39m [35mnull[39m
    [90m897|[39m   const snapshot = await createRegistryFromModelTree(app.app
Model, actтАж
    [90m898|[39m   const structure = createPreviewStructureFromRegistry(snaps
hot, activтАж
    [90m   |[39m                     [31m^[39m
    [90m899|[39m   [35mawait[39m sessionRoot[33m.[39m[34mdispatch[39m(
[32m'syncPreviewModel'[39m[33m,[39m { structure })
    [90m900|[39m  }
[90m [2mтЭп[22m materializeRegistryHierarchy src/video-editor/dkt/runtime/cr
eateMiniCutDktRuntime.ts:[2m1132:4[22m[39m
[90m [2mтЭп[22m Object.replaceRegistryState src/video-editor/dkt/runtime/cre
ateMiniCutDktRuntime.ts:[2m771:3[22m[39m
[90m [2mтЭп[22m src/video-editor/dkt/runtime/createMiniCutDktRuntime.test.ts
:[2m384:3[22m[39m

[31m[2mтОптОптОптОптОптОптОптОптОптОптОптОптОптОптОптОптОптОптОптОптОптОп[45/
52]тОп[22m[39m

[41m[1m FAIL [22m[49m src/video-editor/models/Clip/actions.test.ts[2m > [
22mClip model structural actions[2m > [22mnormalizes effect creation attrs
[31m[1mAssertionError[22m: expected { тАж(7) } to be null[39m

[32m- Expected:[39m
null

[31m+ Received:[39m
{
  "amount": null,
  "color": null,
  "enabled": true,
  "kind": "blur",
  "name": "Effect",
  "params": null,
  "sourceEffectId": "dkt-effect:blur:motvnunc:1",
}

[36m [2mтЭп[22m src/video-editor/models/Clip/actions.test.ts:[2m19:58[22m
[39m
    [90m 17|[39m    amount[33m:[39m [34m0.2[39m[33m,[39m
    [90m 18|[39m   })
    [90m 19|[39m   [34mexpect[39m([34mnormalizeEffectCreationAttrs[39m({ 
kind[33m:[39m [32m'blur'[39m }))[33m.[39m[34mtoBeNull[39m()
    [90m   |[39m                                                          [3
1m^[39m
    [90m 20|[39m  })
    [90m 21|[39m

[31m[2mтОптОптОптОптОптОптОптОптОптОптОптОптОптОптОптОптОптОптОптОптОптОп[46/
52]тОп[22m[39m

[31mтОптОптОптОптОптОп[39m[1m[41m Unhandled Errors [49m[22m[31mтОптОптОп
тОптОптОп[39m
[31m[1m
Vitest caught 78 unhandled errors during the test run.
This might cause false positive tests. Resolve unhandled errors to make sure yo
ur tests are not affected.[22m[39m

[31mтОптОптОптОп[39m[1m[41m Unhandled Rejection [49m[22m[31mтОптОптОптОп
тОп[39m
[31m[1mReferenceError[22m: createPreviewStructureFromRegistry is not defined
[39m
[36m [2mтЭп[22m syncSessionDerivedState src/video-editor/dkt/runtime/createM
iniCutDktRuntime.ts:[2m898:21[22m[39m
    [90m896|[39m    [33m:[39m [35mnull[39m
    [90m897|[39m   const snapshot = await createRegistryFromModelTree(app.app
Model, actтАж
    [90m898|[39m   const structure = createPreviewStructureFromRegistry(snaps
hot, activтАж
    [90m   |[39m                     [31m^[39m
    [90m899|[39m   [35mawait[39m sessionRoot[33m.[39m[34mdispatch[39m(
[32m'syncPreviewModel'[39m[33m,[39m { structure })
    [90m900|[39m  }
[90m [2mтЭп[22m processTicksAndRejections node:internal/process/task_queues:
[2m104:5[22m[39m
[90m [2mтЭп[22m materializeRegistryHierarchy src/video-editor/dkt/runtime/cr
eateMiniCutDktRuntime.ts:[2m1132:4[22m[39m
[90m [2mтЭп[22m Object.replaceRegistryState src/video-editor/dkt/runtime/cre
ateMiniCutDktRuntime.ts:[2m771:3[22m[39m

[31mThis error originated in "[1msrc/video-editor/app/createVideoEditorHarnes
s.test.ts[22m" test file. It doesn't mean the error was thrown inside the file
 itself, but while it was running.[39m
[31mThe latest test that might've caused the error is "[1mdoes not auto-creat
e an initial project when authority is already a p2p client[22m". It might mea
n one of the following:
- The error was thrown, while Vitest was running this test.
- If the error occurred after the test had been completed, this was the last do
cumented test before it was thrown.[39m

[31mтОптОптОптОп[39m[1m[41m Unhandled Rejection [49m[22m[31mтОптОптОптОп
тОп[39m
[31m[1mReferenceError[22m: createPreviewStructureFromRegistry is not defined
[39m
[36m [2mтЭп[22m syncSessionDerivedState src/video-editor/dkt/runtime/createM
iniCutDktRuntime.ts:[2m898:21[22m[39m
    [90m896|[39m    [33m:[39m [35mnull[39m
    [90m897|[39m   const snapshot = await createRegistryFromModelTree(app.app
Model, actтАж
    [90m898|[39m   const structure = createPreviewStructureFromRegistry(snaps
hot, activтАж
    [90m   |[39m                     [31m^[39m
    [90m899|[39m   [35mawait[39m sessionRoot[33m.[39m[34mdispatch[39m(
[32m'syncPreviewModel'[39m[33m,[39m { structure })
    [90m900|[39m  }
[90m [2mтЭп[22m materializeRegistryHierarchy src/video-editor/dkt/runtime/cr
eateMiniCutDktRuntime.ts:[2m1132:4[22m[39m
[90m [2mтЭп[22m Object.replaceRegistryState src/video-editor/dkt/runtime/cre
ateMiniCutDktRuntime.ts:[2m771:3[22m[39m

[31mThis error originated in "[1msrc/video-editor/app/createVideoEditorHarnes
s.test.ts[22m" test file. It doesn't mean the error was thrown inside the file
 itself, but while it was running.[39m
[31mThe latest test that might've caused the error is "[1mauto-creates exactl
y one initial project when authority is server[22m". It might mean one of the 
following:
- The error was thrown, while Vitest was running this test.
- If the error occurred after the test had been completed, this was the last do
cumented test before it was thrown.[39m

[31mтОптОптОптОп[39m[1m[41m Unhandled Rejection [49m[22m[31mтОптОптОптОп
тОп[39m
[31m[1mReferenceError[22m: createPreviewStructureFromRegistry is not defined
[39m
[36m [2mтЭп[22m syncSessionDerivedState src/video-editor/dkt/runtime/createM
iniCutDktRuntime.ts:[2m898:21[22m[39m
    [90m896|[39m    [33m:[39m [35mnull[39m
    [90m897|[39m   const snapshot = await createRegistryFromModelTree(app.app
Model, actтАж
    [90m898|[39m   const structure = createPreviewStructureFromRegistry(snaps
hot, activтАж
    [90m   |[39m                     [31m^[39m
    [90m899|[39m   [35mawait[39m sessionRoot[33m.[39m[34mdispatch[39m(
[32m'syncPreviewModel'[39m[33m,[39m { structure })
    [90m900|[39m  }
[90m [2mтЭп[22m materializeRegistryHierarchy src/video-editor/dkt/runtime/cr
eateMiniCutDktRuntime.ts:[2m1132:4[22m[39m
[90m [2mтЭп[22m Object.replaceRegistryState src/video-editor/dkt/runtime/cre
ateMiniCutDktRuntime.ts:[2m771:3[22m[39m

[31mThis error originated in "[1msrc/video-editor/app/createVideoEditorHarnes
s.test.ts[22m" test file. It doesn't mean the error was thrown inside the file
 itself, but while it was running.[39m
[31mThe latest test that might've caused the error is "[1mfilters unsupported
 files and imports real media duration from metadata[22m". It might mean one o
f the following:
- The error was thrown, while Vitest was running this test.
- If the error occurred after the test had been completed, this was the last do
cumented test before it was thrown.[39m

[31mтОптОптОптОп[39m[1m[41m Unhandled Rejection [49m[22m[31mтОптОптОптОп
тОп[39m
[31m[1mReferenceError[22m: createPreviewStructureFromRegistry is not defined
[39m
[36m [2mтЭп[22m syncSessionDerivedState src/video-editor/dkt/runtime/createM
iniCutDktRuntime.ts:[2m898:21[22m[39m
    [90m896|[39m    [33m:[39m [35mnull[39m
    [90m897|[39m   const snapshot = await createRegistryFromModelTree(app.app
Model, actтАж
    [90m898|[39m   const structure = createPreviewStructureFromRegistry(snaps
hot, activтАж
    [90m   |[39m                     [31m^[39m
    [90m899|[39m   [35mawait[39m sessionRoot[33m.[39m[34mdispatch[39m(
[32m'syncPreviewModel'[39m[33m,[39m { structure })
    [90m900|[39m  }
[90m [2mтЭп[22m materializeRegistryHierarchy src/video-editor/dkt/runtime/cr
eateMiniCutDktRuntime.ts:[2m1132:4[22m[39m
[90m [2mтЭп[22m Object.replaceRegistryState src/video-editor/dkt/runtime/cre
ateMiniCutDktRuntime.ts:[2m771:3[22m[39m

[31mThis error originated in "[1msrc/video-editor/app/createVideoEditorHarnes
s.test.ts[22m" test file. It doesn't mean the error was thrown inside the file
 itself, but while it was running.[39m
[31mThe latest test that might've caused the error is "[1muses one second for
 images and fallback duration when media metadata fails[22m". It might mean on
e of the following:
- The error was thrown, while Vitest was running this test.
- If the error occurred after the test had been completed, this was the last do
cumented test before it was thrown.[39m

[31mтОптОптОптОп[39m[1m[41m Unhandled Rejection [49m[22m[31mтОптОптОптОп
тОп[39m
[31m[1mReferenceError[22m: createPreviewStructureFromRegistry is not defined
[39m
[36m [2mтЭп[22m syncSessionDerivedState src/video-editor/dkt/runtime/createM
iniCutDktRuntime.ts:[2m898:21[22m[39m
    [90m896|[39m    [33m:[39m [35mnull[39m
    [90m897|[39m   const snapshot = await createRegistryFromModelTree(app.app
Model, actтАж
    [90m898|[39m   const structure = createPreviewStructureFromRegistry(snaps
hot, activтАж
    [90m   |[39m                     [31m^[39m
    [90m899|[39m   [35mawait[39m sessionRoot[33m.[39m[34mdispatch[39m(
[32m'syncPreviewModel'[39m[33m,[39m { structure })
    [90m900|[39m  }
[90m [2mтЭп[22m processTicksAndRejections node:internal/process/task_queues:
[2m104:5[22m[39m
[90m [2mтЭп[22m materializeRegistryHierarchy src/video-editor/dkt/runtime/cr
eateMiniCutDktRuntime.ts:[2m1132:4[22m[39m
[90m [2mтЭп[22m Object.replaceRegistryState src/video-editor/dkt/runtime/cre
ateMiniCutDktRuntime.ts:[2m771:3[22m[39m

[31mThis error originated in "[1msrc/video-editor/worker/memoryWorker.contrac
t.test.ts[22m" test file. It doesn't mean the error was thrown inside the file
 itself, but while it was running.[39m

[31mтОптОптОптОп[39m[1m[41m Unhandled Rejection [49m[22m[31mтОптОптОптОп
тОп[39m
[31m[1mReferenceError[22m: createPreviewStructureFromRegistry is not defined
[39m
[36m [2mтЭп[22m syncSessionDerivedState src/video-editor/dkt/runtime/createM
iniCutDktRuntime.ts:[2m898:21[22m[39m
    [90m896|[39m    [33m:[39m [35mnull[39m
    [90m897|[39m   const snapshot = await createRegistryFromModelTree(app.app
Model, actтАж
    [90m898|[39m   const structure = createPreviewStructureFromRegistry(snaps
hot, activтАж
    [90m   |[39m                     [31m^[39m
    [90m899|[39m   [35mawait[39m sessionRoot[33m.[39m[34mdispatch[39m(
[32m'syncPreviewModel'[39m[33m,[39m { structure })
    [90m900|[39m  }
[90m [2mтЭп[22m processTicksAndRejections node:internal/process/task_queues:
[2m104:5[22m[39m
[90m [2mтЭп[22m materializeRegistryHierarchy src/video-editor/dkt/runtime/cr
eateMiniCutDktRuntime.ts:[2m1132:4[22m[39m
[90m [2mтЭп[22m Object.replaceRegistryState src/video-editor/dkt/runtime/cre
ateMiniCutDktRuntime.ts:[2m771:3[22m[39m

[31mThis error originated in "[1msrc/video-editor/worker/memoryWorker.contrac
t.test.ts[22m" test file. It doesn't mean the error was thrown inside the file
 itself, but while it was running.[39m

[31mтОптОптОптОп[39m[1m[41m Unhandled Rejection [49m[22m[31mтОптОптОптОп
тОп[39m
[31m[1mReferenceError[22m: createPreviewStructureFromRegistry is not defined
[39m
[36m [2mтЭп[22m syncSessionDerivedState src/video-editor/dkt/runtime/createM
iniCutDktRuntime.ts:[2m898:21[22m[39m
    [90m896|[39m    [33m:[39m [35mnull[39m
    [90m897|[39m   const snapshot = await createRegistryFromModelTree(app.app
Model, actтАж
    [90m898|[39m   const structure = createPreviewStructureFromRegistry(snaps
hot, activтАж
    [90m   |[39m                     [31m^[39m
    [90m899|[39m   [35mawait[39m sessionRoot[33m.[39m[34mdispatch[39m(
[32m'syncPreviewModel'[39m[33m,[39m { structure })
    [90m900|[39m  }
[90m [2mтЭп[22m processTicksAndRejections node:internal/process/task_queues:
[2m104:5[22m[39m
[90m [2mтЭп[22m materializeRegistryHierarchy src/video-editor/dkt/runtime/cr
eateMiniCutDktRuntime.ts:[2m1132:4[22m[39m
[90m [2mтЭп[22m Object.replaceRegistryState src/video-editor/dkt/runtime/cre
ateMiniCutDktRuntime.ts:[2m771:3[22m[39m

[31mThis error originated in "[1msrc/video-editor/worker/memoryWorker.contrac
t.test.ts[22m" test file. It doesn't mean the error was thrown inside the file
 itself, but while it was running.[39m

[31mтОптОптОптОп[39m[1m[41m Unhandled Rejection [49m[22m[31mтОптОптОптОп
тОп[39m
[31m[1mReferenceError[22m: createPreviewStructureFromRegistry is not defined
[39m
[36m [2mтЭп[22m syncSessionDerivedState src/video-editor/dkt/runtime/createM
iniCutDktRuntime.ts:[2m898:21[22m[39m
    [90m896|[39m    [33m:[39m [35mnull[39m
    [90m897|[39m   const snapshot = await createRegistryFromModelTree(app.app
Model, actтАж
    [90m898|[39m   const structure = createPreviewStructureFromRegistry(snaps
hot, activтАж
    [90m   |[39m                     [31m^[39m
    [90m899|[39m   [35mawait[39m sessionRoot[33m.[39m[34mdispatch[39m(
[32m'syncPreviewModel'[39m[33m,[39m { structure })
    [90m900|[39m  }
[90m [2mтЭп[22m processTicksAndRejections node:internal/process/task_queues:
[2m104:5[22m[39m
[90m [2mтЭп[22m materializeRegistryHierarchy src/video-editor/dkt/runtime/cr
eateMiniCutDktRuntime.ts:[2m1132:4[22m[39m
[90m [2mтЭп[22m Object.replaceRegistryState src/video-editor/dkt/runtime/cre
ateMiniCutDktRuntime.ts:[2m771:3[22m[39m

[31mThis error originated in "[1msrc/video-editor/worker/workerBoundary.test.
ts[22m" test file. It doesn't mean the error was thrown inside the file itself
, but while it was running.[39m

[31mтОптОптОптОп[39m[1m[41m Unhandled Rejection [49m[22m[31mтОптОптОптОп
тОп[39m
[31m[1mReferenceError[22m: createPreviewStructureFromRegistry is not defined
[39m
[36m [2mтЭп[22m syncSessionDerivedState src/video-editor/dkt/runtime/createM
iniCutDktRuntime.ts:[2m898:21[22m[39m
    [90m896|[39m    [33m:[39m [35mnull[39m
    [90m897|[39m   const snapshot = await createRegistryFromModelTree(app.app
Model, actтАж
    [90m898|[39m   const structure = createPreviewStructureFromRegistry(snaps
hot, activтАж
    [90m   |[39m                     [31m^[39m
    [90m899|[39m   [35mawait[39m sessionRoot[33m.[39m[34mdispatch[39m(
[32m'syncPreviewModel'[39m[33m,[39m { structure })
    [90m900|[39m  }
[90m [2mтЭп[22m processTicksAndRejections node:internal/process/task_queues:
[2m104:5[22m[39m
[90m [2mтЭп[22m materializeRegistryHierarchy src/video-editor/dkt/runtime/cr
eateMiniCutDktRuntime.ts:[2m1132:4[22m[39m
[90m [2mтЭп[22m Object.replaceRegistryState src/video-editor/dkt/runtime/cre
ateMiniCutDktRuntime.ts:[2m771:3[22m[39m

[31mThis error originated in "[1msrc/video-editor/worker/workerBoundary.test.
ts[22m" test file. It doesn't mean the error was thrown inside the file itself
, but while it was running.[39m

[31mтОптОптОптОп[39m[1m[41m Unhandled Rejection [49m[22m[31mтОптОптОптОп
тОп[39m
[31m[1mReferenceError[22m: createPreviewStructureFromRegistry is not defined
[39m
[36m [2mтЭп[22m syncSessionDerivedState src/video-editor/dkt/runtime/createM
iniCutDktRuntime.ts:[2m898:21[22m[39m
    [90m896|[39m    [33m:[39m [35mnull[39m
    [90m897|[39m   const snapshot = await createRegistryFromModelTree(app.app
Model, actтАж
    [90m898|[39m   const structure = createPreviewStructureFromRegistry(snaps
hot, activтАж
    [90m   |[39m                     [31m^[39m
    [90m899|[39m   [35mawait[39m sessionRoot[33m.[39m[34mdispatch[39m(
[32m'syncPreviewModel'[39m[33m,[39m { structure })
    [90m900|[39m  }
[90m [2mтЭп[22m processTicksAndRejections node:internal/process/task_queues:
[2m104:5[22m[39m
[90m [2mтЭп[22m materializeRegistryHierarchy src/video-editor/dkt/runtime/cr
eateMiniCutDktRuntime.ts:[2m1132:4[22m[39m
[90m [2mтЭп[22m Object.replaceRegistryState src/video-editor/dkt/runtime/cre
ateMiniCutDktRuntime.ts:[2m771:3[22m[39m

[31mThis error originated in "[1msrc/video-editor/worker/workerBoundary.test.
ts[22m" test file. It doesn't mean the error was thrown inside the file itself
, but while it was running.[39m

[31mтОптОптОптОп[39m[1m[41m Unhandled Rejection [49m[22m[31mтОптОптОптОп
тОп[39m
[31m[1mReferenceError[22m: createPreviewStructureFromRegistry is not defined
[39m
[36m [2mтЭп[22m syncSessionDerivedState src/video-editor/dkt/runtime/createM
iniCutDktRuntime.ts:[2m898:21[22m[39m
    [90m896|[39m    [33m:[39m [35mnull[39m
    [90m897|[39m   const snapshot = await createRegistryFromModelTree(app.app
Model, actтАж
    [90m898|[39m   const structure = createPreviewStructureFromRegistry(snaps
hot, activтАж
    [90m   |[39m                     [31m^[39m
    [90m899|[39m   [35mawait[39m sessionRoot[33m.[39m[34mdispatch[39m(
[32m'syncPreviewModel'[39m[33m,[39m { structure })
    [90m900|[39m  }
[90m [2mтЭп[22m processTicksAndRejections node:internal/process/task_queues:
[2m104:5[22m[39m
[90m [2mтЭп[22m materializeRegistryHierarchy src/video-editor/dkt/runtime/cr
eateMiniCutDktRuntime.ts:[2m1132:4[22m[39m
[90m [2mтЭп[22m Object.replaceRegistryState src/video-editor/dkt/runtime/cre
ateMiniCutDktRuntime.ts:[2m771:3[22m[39m

[31mThis error originated in "[1msrc/video-editor/worker/workerBoundary.test.
ts[22m" test file. It doesn't mean the error was thrown inside the file itself
, but while it was running.[39m

[31mтОптОптОптОп[39m[1m[41m Unhandled Rejection [49m[22m[31mтОптОптОптОп
тОп[39m
[31m[1mReferenceError[22m: createPreviewStructureFromRegistry is not defined
[39m
[36m [2mтЭп[22m syncSessionDerivedState src/video-editor/dkt/runtime/createM
iniCutDktRuntime.ts:[2m898:21[22m[39m
    [90m896|[39m    [33m:[39m [35mnull[39m
    [90m897|[39m   const snapshot = await createRegistryFromModelTree(app.app
Model, actтАж
    [90m898|[39m   const structure = createPreviewStructureFromRegistry(snaps
hot, activтАж
    [90m   |[39m                     [31m^[39m
    [90m899|[39m   [35mawait[39m sessionRoot[33m.[39m[34mdispatch[39m(
[32m'syncPreviewModel'[39m[33m,[39m { structure })
    [90m900|[39m  }
[90m [2mтЭп[22m materializeRegistryHierarchy src/video-editor/dkt/runtime/cr
eateMiniCutDktRuntime.ts:[2m1132:4[22m[39m
[90m [2mтЭп[22m Object.replaceRegistryState src/video-editor/dkt/runtime/cre
ateMiniCutDktRuntime.ts:[2m771:3[22m[39m

[31mThis error originated in "[1msrc/video-editor/app/createVideoEditorHarnes
s.test.ts[22m" test file. It doesn't mean the error was thrown inside the file
 itself, but while it was running.[39m
[31mThe latest test that might've caused the error is "[1mdoes not dispatch a
sync media imports after destroy[22m". It might mean one of the following:
- The error was thrown, while Vitest was running this test.
- If the error occurred after the test had been completed, this was the last do
cumented test before it was thrown.[39m

[31mтОптОптОптОп[39m[1m[41m Unhandled Rejection [49m[22m[31mтОптОптОптОп
тОп[39m
[31m[1mReferenceError[22m: createPreviewStructureFromRegistry is not defined
[39m
[36m [2mтЭп[22m syncSessionDerivedState src/video-editor/dkt/runtime/createM
iniCutDktRuntime.ts:[2m898:21[22m[39m
    [90m896|[39m    [33m:[39m [35mnull[39m
    [90m897|[39m   const snapshot = await createRegistryFromModelTree(app.app
Model, actтАж
    [90m898|[39m   const structure = createPreviewStructureFromRegistry(snaps
hot, activтАж
    [90m   |[39m                     [31m^[39m
    [90m899|[39m   [35mawait[39m sessionRoot[33m.[39m[34mdispatch[39m(
[32m'syncPreviewModel'[39m[33m,[39m { structure })
    [90m900|[39m  }
[90m [2mтЭп[22m processTicksAndRejections node:internal/process/task_queues:
[2m104:5[22m[39m
[90m [2mтЭп[22m materializeRegistryHierarchy src/video-editor/dkt/runtime/cr
eateMiniCutDktRuntime.ts:[2m1132:4[22m[39m
[90m [2mтЭп[22m Object.replaceRegistryState src/video-editor/dkt/runtime/cre
ateMiniCutDktRuntime.ts:[2m771:3[22m[39m

[31mThis error originated in "[1msrc/video-editor/node/headlessScenario.test.
ts[22m" test file. It doesn't mean the error was thrown inside the file itself
, but while it was running.[39m

[31mтОптОптОптОп[39m[1m[41m Unhandled Rejection [49m[22m[31mтОптОптОптОп
тОп[39m
[31m[1mReferenceError[22m: createPreviewStructureFromRegistry is not defined
[39m
[36m [2mтЭп[22m syncSessionDerivedState src/video-editor/dkt/runtime/createM
iniCutDktRuntime.ts:[2m898:21[22m[39m
    [90m896|[39m    [33m:[39m [35mnull[39m
    [90m897|[39m   const snapshot = await createRegistryFromModelTree(app.app
Model, actтАж
    [90m898|[39m   const structure = createPreviewStructureFromRegistry(snaps
hot, activтАж
    [90m   |[39m                     [31m^[39m
    [90m899|[39m   [35mawait[39m sessionRoot[33m.[39m[34mdispatch[39m(
[32m'syncPreviewModel'[39m[33m,[39m { structure })
    [90m900|[39m  }
[90m [2mтЭп[22m processTicksAndRejections node:internal/process/task_queues:
[2m104:5[22m[39m
[90m [2mтЭп[22m materializeRegistryHierarchy src/video-editor/dkt/runtime/cr
eateMiniCutDktRuntime.ts:[2m1132:4[22m[39m
[90m [2mтЭп[22m Object.replaceRegistryState src/video-editor/dkt/runtime/cre
ateMiniCutDktRuntime.ts:[2m771:3[22m[39m

[31mThis error originated in "[1msrc/video-editor/node/headlessScenario.test.
ts[22m" test file. It doesn't mean the error was thrown inside the file itself
, but while it was running.[39m

[31mтОптОптОптОп[39m[1m[41m Unhandled Rejection [49m[22m[31mтОптОптОптОп
тОп[39m
[31m[1mReferenceError[22m: createPreviewStructureFromRegistry is not defined
[39m
[36m [2mтЭп[22m syncSessionDerivedState src/video-editor/dkt/runtime/createM
iniCutDktRuntime.ts:[2m898:21[22m[39m
    [90m896|[39m    [33m:[39m [35mnull[39m
    [90m897|[39m   const snapshot = await createRegistryFromModelTree(app.app
Model, actтАж
    [90m898|[39m   const structure = createPreviewStructureFromRegistry(snaps
hot, activтАж
    [90m   |[39m                     [31m^[39m
    [90m899|[39m   [35mawait[39m sessionRoot[33m.[39m[34mdispatch[39m(
[32m'syncPreviewModel'[39m[33m,[39m { structure })
    [90m900|[39m  }
[90m [2mтЭп[22m processTicksAndRejections node:internal/process/task_queues:
[2m104:5[22m[39m
[90m [2mтЭп[22m materializeRegistryHierarchy src/video-editor/dkt/runtime/cr
eateMiniCutDktRuntime.ts:[2m1132:4[22m[39m
[90m [2mтЭп[22m Object.replaceRegistryState src/video-editor/dkt/runtime/cre
ateMiniCutDktRuntime.ts:[2m771:3[22m[39m

[31mThis error originated in "[1msrc/video-editor/worker/fallbackAuthorityCli
ent.contract.test.ts[22m" test file. It doesn't mean the error was thrown insi
de the file itself, but while it was running.[39m

[31mтОптОптОптОп[39m[1m[41m Unhandled Rejection [49m[22m[31mтОптОптОптОп
тОп[39m
[31m[1mReferenceError[22m: createPreviewStructureFromRegistry is not defined
[39m
[36m [2mтЭп[22m syncSessionDerivedState src/video-editor/dkt/runtime/createM
iniCutDktRuntime.ts:[2m898:21[22m[39m
    [90m896|[39m    [33m:[39m [35mnull[39m
    [90m897|[39m   const snapshot = await createRegistryFromModelTree(app.app
Model, actтАж
    [90m898|[39m   const structure = createPreviewStructureFromRegistry(snaps
hot, activтАж
    [90m   |[39m                     [31m^[39m
    [90m899|[39m   [35mawait[39m sessionRoot[33m.[39m[34mdispatch[39m(
[32m'syncPreviewModel'[39m[33m,[39m { structure })
    [90m900|[39m  }
[90m [2mтЭп[22m materializeRegistryHierarchy src/video-editor/dkt/runtime/cr
eateMiniCutDktRuntime.ts:[2m1132:4[22m[39m
[90m [2mтЭп[22m Object.replaceRegistryState src/video-editor/dkt/runtime/cre
ateMiniCutDktRuntime.ts:[2m771:3[22m[39m

[31mThis error originated in "[1msrc/video-editor/app/createVideoEditorHarnes
s.test.ts[22m" test file. It doesn't mean the error was thrown inside the file
 itself, but while it was running.[39m
[31mThe latest test that might've caused the error is "[1muses injected platf
orm adapters for media duration and object URL lifecycle[22m". It might mean o
ne of the following:
- The error was thrown, while Vitest was running this test.
- If the error occurred after the test had been completed, this was the last do
cumented test before it was thrown.[39m

[31mтОптОптОптОп[39m[1m[41m Unhandled Rejection [49m[22m[31mтОптОптОптОп
тОп[39m
[31m[1mReferenceError[22m: createPreviewStructureFromRegistry is not defined
[39m
[36m [2mтЭп[22m syncSessionDerivedState src/video-editor/dkt/runtime/createM
iniCutDktRuntime.ts:[2m898:21[22m[39m
    [90m896|[39m    [33m:[39m [35mnull[39m
    [90m897|[39m   const snapshot = await createRegistryFromModelTree(app.app
Model, actтАж
    [90m898|[39m   const structure = createPreviewStructureFromRegistry(snaps
hot, activтАж
    [90m   |[39m                     [31m^[39m
    [90m899|[39m   [35mawait[39m sessionRoot[33m.[39m[34mdispatch[39m(
[32m'syncPreviewModel'[39m[33m,[39m { structure })
    [90m900|[39m  }
[90m [2mтЭп[22m processTicksAndRejections node:internal/process/task_queues:
[2m104:5[22m[39m
[90m [2mтЭп[22m materializeRegistryHierarchy src/video-editor/dkt/runtime/cr
eateMiniCutDktRuntime.ts:[2m1132:4[22m[39m
[90m [2mтЭп[22m Object.replaceRegistryState src/video-editor/dkt/runtime/cre
ateMiniCutDktRuntime.ts:[2m771:3[22m[39m

[31mThis error originated in "[1msrc/video-editor/worker/fallbackAuthorityCli
ent.contract.test.ts[22m" test file. It doesn't mean the error was thrown insi
de the file itself, but while it was running.[39m

[31mтОптОптОптОп[39m[1m[41m Unhandled Rejection [49m[22m[31mтОптОптОптОп
тОп[39m
[31m[1mReferenceError[22m: createPreviewStructureFromRegistry is not defined
[39m
[36m [2mтЭп[22m syncSessionDerivedState src/video-editor/dkt/runtime/createM
iniCutDktRuntime.ts:[2m898:21[22m[39m
    [90m896|[39m    [33m:[39m [35mnull[39m
    [90m897|[39m   const snapshot = await createRegistryFromModelTree(app.app
Model, actтАж
    [90m898|[39m   const structure = createPreviewStructureFromRegistry(snaps
hot, activтАж
    [90m   |[39m                     [31m^[39m
    [90m899|[39m   [35mawait[39m sessionRoot[33m.[39m[34mdispatch[39m(
[32m'syncPreviewModel'[39m[33m,[39m { structure })
    [90m900|[39m  }
[90m [2mтЭп[22m processTicksAndRejections node:internal/process/task_queues:
[2m104:5[22m[39m
[90m [2mтЭп[22m materializeRegistryHierarchy src/video-editor/dkt/runtime/cr
eateMiniCutDktRuntime.ts:[2m1132:4[22m[39m
[90m [2mтЭп[22m Object.replaceRegistryState src/video-editor/dkt/runtime/cre
ateMiniCutDktRuntime.ts:[2m771:3[22m[39m

[31mThis error originated in "[1msrc/video-editor/worker/fallbackAuthorityCli
ent.contract.test.ts[22m" test file. It doesn't mean the error was thrown insi
de the file itself, but while it was running.[39m

[31mтОптОптОптОп[39m[1m[41m Unhandled Rejection [49m[22m[31mтОптОптОптОп
тОп[39m
[31m[1mReferenceError[22m: createPreviewStructureFromRegistry is not defined
[39m
[36m [2mтЭп[22m syncSessionDerivedState src/video-editor/dkt/runtime/createM
iniCutDktRuntime.ts:[2m898:21[22m[39m
    [90m896|[39m    [33m:[39m [35mnull[39m
    [90m897|[39m   const snapshot = await createRegistryFromModelTree(app.app
Model, actтАж
    [90m898|[39m   const structure = createPreviewStructureFromRegistry(snaps
hot, activтАж
    [90m   |[39m                     [31m^[39m
    [90m899|[39m   [35mawait[39m sessionRoot[33m.[39m[34mdispatch[39m(
[32m'syncPreviewModel'[39m[33m,[39m { structure })
    [90m900|[39m  }
[90m [2mтЭп[22m materializeRegistryHierarchy src/video-editor/dkt/runtime/cr
eateMiniCutDktRuntime.ts:[2m1132:4[22m[39m
[90m [2mтЭп[22m Object.replaceRegistryState src/video-editor/dkt/runtime/cre
ateMiniCutDktRuntime.ts:[2m771:3[22m[39m

[31mThis error originated in "[1msrc/video-editor/app/createVideoEditorHarnes
s.test.ts[22m" test file. It doesn't mean the error was thrown inside the file
 itself, but while it was running.[39m
[31mThe latest test that might've caused the error is "[1mauto-adds an import
ed sample only when the timeline is empty[22m". It might mean one of the follo
wing:
- The error was thrown, while Vitest was running this test.
- If the error occurred after the test had been completed, this was the last do
cumented test before it was thrown.[39m

[31mтОптОптОптОп[39m[1m[41m Unhandled Rejection [49m[22m[31mтОптОптОптОп
тОп[39m
[31m[1mReferenceError[22m: createPreviewStructureFromRegistry is not defined
[39m
[36m [2mтЭп[22m syncSessionDerivedState src/video-editor/dkt/runtime/createM
iniCutDktRuntime.ts:[2m898:21[22m[39m
    [90m896|[39m    [33m:[39m [35mnull[39m
    [90m897|[39m   const snapshot = await createRegistryFromModelTree(app.app
Model, actтАж
    [90m898|[39m   const structure = createPreviewStructureFromRegistry(snaps
hot, activтАж
    [90m   |[39m                     [31m^[39m
    [90m899|[39m   [35mawait[39m sessionRoot[33m.[39m[34mdispatch[39m(
[32m'syncPreviewModel'[39m[33m,[39m { structure })
    [90m900|[39m  }
[90m [2mтЭп[22m materializeRegistryHierarchy src/video-editor/dkt/runtime/cr
eateMiniCutDktRuntime.ts:[2m1132:4[22m[39m
[90m [2mтЭп[22m Object.replaceRegistryState src/video-editor/dkt/runtime/cre
ateMiniCutDktRuntime.ts:[2m771:3[22m[39m

[31mThis error originated in "[1msrc/video-editor/app/createVideoEditorHarnes
s.test.ts[22m" test file. It doesn't mean the error was thrown inside the file
 itself, but while it was running.[39m
[31mThe latest test that might've caused the error is "[1mscoped clip actions
 update the requested clip instead of the selected clip[22m". It might mean on
e of the following:
- The error was thrown, while Vitest was running this test.
- If the error occurred after the test had been completed, this was the last do
cumented test before it was thrown.[39m

[31mтОптОптОптОп[39m[1m[41m Unhandled Rejection [49m[22m[31mтОптОптОптОп
тОп[39m
[31m[1mReferenceError[22m: createPreviewStructureFromRegistry is not defined
[39m
[36m [2mтЭп[22m syncSessionDerivedState src/video-editor/dkt/runtime/createM
iniCutDktRuntime.ts:[2m898:21[22m[39m
    [90m896|[39m    [33m:[39m [35mnull[39m
    [90m897|[39m   const snapshot = await createRegistryFromModelTree(app.app
Model, actтАж
    [90m898|[39m   const structure = createPreviewStructureFromRegistry(snaps
hot, activтАж
    [90m   |[39m                     [31m^[39m
    [90m899|[39m   [35mawait[39m sessionRoot[33m.[39m[34mdispatch[39m(
[32m'syncPreviewModel'[39m[33m,[39m { structure })
    [90m900|[39m  }
[90m [2mтЭп[22m materializeRegistryHierarchy src/video-editor/dkt/runtime/cr
eateMiniCutDktRuntime.ts:[2m1132:4[22m[39m
[90m [2mтЭп[22m Object.replaceRegistryState src/video-editor/dkt/runtime/cre
ateMiniCutDktRuntime.ts:[2m771:3[22m[39m

[31mThis error originated in "[1msrc/video-editor/app/createVideoEditorHarnes
s.test.ts[22m" test file. It doesn't mean the error was thrown inside the file
 itself, but while it was running.[39m
[31mThe latest test that might've caused the error is "[1muses session active
ProjectId over registry activeProjectId when both are valid[22m". It might mea
n one of the following:
- The error was thrown, while Vitest was running this test.
- If the error occurred after the test had been completed, this was the last do
cumented test before it was thrown.[39m

[31mтОптОптОптОп[39m[1m[41m Unhandled Rejection [49m[22m[31mтОптОптОптОп
тОп[39m
[31m[1mReferenceError[22m: createPreviewStructureFromRegistry is not defined
[39m
[36m [2mтЭп[22m syncSessionDerivedState src/video-editor/dkt/runtime/createM
iniCutDktRuntime.ts:[2m898:21[22m[39m
    [90m896|[39m    [33m:[39m [35mnull[39m
    [90m897|[39m   const snapshot = await createRegistryFromModelTree(app.app
Model, actтАж
    [90m898|[39m   const structure = createPreviewStructureFromRegistry(snaps
hot, activтАж
    [90m   |[39m                     [31m^[39m
    [90m899|[39m   [35mawait[39m sessionRoot[33m.[39m[34mdispatch[39m(
[32m'syncPreviewModel'[39m[33m,[39m { structure })
    [90m900|[39m  }
[90m [2mтЭп[22m materializeRegistryHierarchy src/video-editor/dkt/runtime/cr
eateMiniCutDktRuntime.ts:[2m1132:4[22m[39m
[90m [2mтЭп[22m Object.replaceRegistryState src/video-editor/dkt/runtime/cre
ateMiniCutDktRuntime.ts:[2m771:3[22m[39m

[31mThis error originated in "[1msrc/video-editor/app/createVideoEditorHarnes
s.test.ts[22m" test file. It doesn't mean the error was thrown inside the file
 itself, but while it was running.[39m
[31mThe latest test that might've caused the error is "[1mfalls back to regis
try activeProjectId when session activeProjectId is stale[22m". It might mean 
one of the following:
- The error was thrown, while Vitest was running this test.
- If the error occurred after the test had been completed, this was the last do
cumented test before it was thrown.[39m

[31mтОптОптОптОп[39m[1m[41m Unhandled Rejection [49m[22m[31mтОптОптОптОп
тОп[39m
[31m[1mReferenceError[22m: createPreviewStructureFromRegistry is not defined
[39m
[36m [2mтЭп[22m syncSessionDerivedState src/video-editor/dkt/runtime/createM
iniCutDktRuntime.ts:[2m898:21[22m[39m
    [90m896|[39m    [33m:[39m [35mnull[39m
    [90m897|[39m   const snapshot = await createRegistryFromModelTree(app.app
Model, actтАж
    [90m898|[39m   const structure = createPreviewStructureFromRegistry(snaps
hot, activтАж
    [90m   |[39m                     [31m^[39m
    [90m899|[39m   [35mawait[39m sessionRoot[33m.[39m[34mdispatch[39m(
[32m'syncPreviewModel'[39m[33m,[39m { structure })
    [90m900|[39m  }
[90m [2mтЭп[22m materializeRegistryHierarchy src/video-editor/dkt/runtime/cr
eateMiniCutDktRuntime.ts:[2m1132:4[22m[39m
[90m [2mтЭп[22m Object.replaceRegistryState src/video-editor/dkt/runtime/cre
ateMiniCutDktRuntime.ts:[2m771:3[22m[39m

[31mThis error originated in "[1msrc/video-editor/app/createVideoEditorHarnes
s.test.ts[22m" test file. It doesn't mean the error was thrown inside the file
 itself, but while it was running.[39m
[31mThe latest test that might've caused the error is "[1mexports the selecte
d clip as a render manifest and revokes its download URL[22m". It might mean o
ne of the following:
- The error was thrown, while Vitest was running this test.
- If the error occurred after the test had been completed, this was the last do
cumented test before it was thrown.[39m

[31mтОптОптОптОп[39m[1m[41m Unhandled Rejection [49m[22m[31mтОптОптОптОп
тОп[39m
[31m[1mReferenceError[22m: createPreviewStructureFromRegistry is not defined
[39m
[36m [2mтЭп[22m syncSessionDerivedState src/video-editor/dkt/runtime/createM
iniCutDktRuntime.ts:[2m898:21[22m[39m
    [90m896|[39m    [33m:[39m [35mnull[39m
    [90m897|[39m   const snapshot = await createRegistryFromModelTree(app.app
Model, actтАж
    [90m898|[39m   const structure = createPreviewStructureFromRegistry(snaps
hot, activтАж
    [90m   |[39m                     [31m^[39m
    [90m899|[39m   [35mawait[39m sessionRoot[33m.[39m[34mdispatch[39m(
[32m'syncPreviewModel'[39m[33m,[39m { structure })
    [90m900|[39m  }
[90m [2mтЭп[22m runNextTicks node:internal/process/task_queues:[2m65:5[22m
[39m
[90m [2mтЭп[22m processTimers node:internal/timers:[2m538:9[22m[39m
[90m [2mтЭп[22m materializeRegistryHierarchy src/video-editor/dkt/runtime/cr
eateMiniCutDktRuntime.ts:[2m1132:4[22m[39m
[90m [2mтЭп[22m Object.replaceRegistryState src/video-editor/dkt/runtime/cre
ateMiniCutDktRuntime.ts:[2m771:3[22m[39m

[31mThis error originated in "[1msrc/video-editor/app/createVideoEditorHarnes
s.test.ts[22m" test file. It doesn't mean the error was thrown inside the file
 itself, but while it was running.[39m
[31mThe latest test that might've caused the error is "[1mexports the active 
project as a render manifest[22m". It might mean one of the following:
- The error was thrown, while Vitest was running this test.
- If the error occurred after the test had been completed, this was the last do
cumented test before it was thrown.[39m

[31mтОптОптОптОп[39m[1m[41m Unhandled Rejection [49m[22m[31mтОптОптОптОп
тОп[39m
[31m[1mReferenceError[22m: createPreviewStructureFromRegistry is not defined
[39m
[36m [2mтЭп[22m syncSessionDerivedState src/video-editor/dkt/runtime/createM
iniCutDktRuntime.ts:[2m898:21[22m[39m
    [90m896|[39m    [33m:[39m [35mnull[39m
    [90m897|[39m   const snapshot = await createRegistryFromModelTree(app.app
Model, actтАж
    [90m898|[39m   const structure = createPreviewStructureFromRegistry(snaps
hot, activтАж
    [90m   |[39m                     [31m^[39m
    [90m899|[39m   [35mawait[39m sessionRoot[33m.[39m[34mdispatch[39m(
[32m'syncPreviewModel'[39m[33m,[39m { structure })
    [90m900|[39m  }
[90m [2mтЭп[22m materializeRegistryHierarchy src/video-editor/dkt/runtime/cr
eateMiniCutDktRuntime.ts:[2m1132:4[22m[39m
[90m [2mтЭп[22m Object.replaceRegistryState src/video-editor/dkt/runtime/cre
ateMiniCutDktRuntime.ts:[2m771:3[22m[39m

[31mThis error originated in "[1msrc/video-editor/app/createVideoEditorHarnes
s.test.ts[22m" test file. It doesn't mean the error was thrown inside the file
 itself, but while it was running.[39m
[31mThe latest test that might've caused the error is "[1mrequests video-webm
 format from project export renderer[22m". It might mean one of the following:
- The error was thrown, while Vitest was running this test.
- If the error occurred after the test had been completed, this was the last do
cumented test before it was thrown.[39m

[31mтОптОптОптОп[39m[1m[41m Unhandled Rejection [49m[22m[31mтОптОптОптОп
тОп[39m
[31m[1mReferenceError[22m: createPreviewStructureFromRegistry is not defined
[39m
[36m [2mтЭп[22m syncSessionDerivedState src/video-editor/dkt/runtime/createM
iniCutDktRuntime.ts:[2m898:21[22m[39m
    [90m896|[39m    [33m:[39m [35mnull[39m
    [90m897|[39m   const snapshot = await createRegistryFromModelTree(app.app
Model, actтАж
    [90m898|[39m   const structure = createPreviewStructureFromRegistry(snaps
hot, activтАж
    [90m   |[39m                     [31m^[39m
    [90m899|[39m   [35mawait[39m sessionRoot[33m.[39m[34mdispatch[39m(
[32m'syncPreviewModel'[39m[33m,[39m { structure })
    [90m900|[39m  }
[90m [2mтЭп[22m materializeRegistryHierarchy src/video-editor/dkt/runtime/cr
eateMiniCutDktRuntime.ts:[2m1132:4[22m[39m
[90m [2mтЭп[22m Object.replaceRegistryState src/video-editor/dkt/runtime/cre
ateMiniCutDktRuntime.ts:[2m771:3[22m[39m

[31mThis error originated in "[1msrc/video-editor/app/createVideoEditorHarnes
s.test.ts[22m" test file. It doesn't mean the error was thrown inside the file
 itself, but while it was running.[39m
[31mThe latest test that might've caused the error is "[1mexports p2p resourc
es with resolved transfer URLs without mutating domain state[22m". It might me
an one of the following:
- The error was thrown, while Vitest was running this test.
- If the error occurred after the test had been completed, this was the last do
cumented test before it was thrown.[39m

[31mтОптОптОптОп[39m[1m[41m Unhandled Rejection [49m[22m[31mтОптОптОптОп
тОп[39m
[31m[1mReferenceError[22m: createPreviewStructureFromRegistry is not defined
[39m
[36m [2mтЭп[22m syncSessionDerivedState src/video-editor/dkt/runtime/createM
iniCutDktRuntime.ts:[2m898:21[22m[39m
    [90m896|[39m    [33m:[39m [35mnull[39m
    [90m897|[39m   const snapshot = await createRegistryFromModelTree(app.app
Model, actтАж
    [90m898|[39m   const structure = createPreviewStructureFromRegistry(snaps
hot, activтАж
    [90m   |[39m                     [31m^[39m
    [90m899|[39m   [35mawait[39m sessionRoot[33m.[39m[34mdispatch[39m(
[32m'syncPreviewModel'[39m[33m,[39m { structure })
    [90m900|[39m  }
[90m [2mтЭп[22m materializeRegistryHierarchy src/video-editor/dkt/runtime/cr
eateMiniCutDktRuntime.ts:[2m1132:4[22m[39m
[90m [2mтЭп[22m Object.replaceRegistryState src/video-editor/dkt/runtime/cre
ateMiniCutDktRuntime.ts:[2m771:3[22m[39m

[31mThis error originated in "[1msrc/video-editor/app/createVideoEditorHarnes
s.test.ts[22m" test file. It doesn't mean the error was thrown inside the file
 itself, but while it was running.[39m
[31mThe latest test that might've caused the error is "[1mtracks in-point and
 clamps trim start to keep positive duration[22m". It might mean one of the fo
llowing:
- The error was thrown, while Vitest was running this test.
- If the error occurred after the test had been completed, this was the last do
cumented test before it was thrown.[39m

[31mтОптОптОптОп[39m[1m[41m Unhandled Rejection [49m[22m[31mтОптОптОптОп
тОп[39m
[31m[1mReferenceError[22m: createPreviewStructureFromRegistry is not defined
[39m
[36m [2mтЭп[22m syncSessionDerivedState src/video-editor/dkt/runtime/createM
iniCutDktRuntime.ts:[2m898:21[22m[39m
    [90m896|[39m    [33m:[39m [35mnull[39m
    [90m897|[39m   const snapshot = await createRegistryFromModelTree(app.app
Model, actтАж
    [90m898|[39m   const structure = createPreviewStructureFromRegistry(snaps
hot, activтАж
    [90m   |[39m                     [31m^[39m
    [90m899|[39m   [35mawait[39m sessionRoot[33m.[39m[34mdispatch[39m(
[32m'syncPreviewModel'[39m[33m,[39m { structure })
    [90m900|[39m  }
[90m [2mтЭп[22m processTicksAndRejections node:internal/process/task_queues:
[2m104:5[22m[39m
[90m [2mтЭп[22m materializeRegistryHierarchy src/video-editor/dkt/runtime/cr
eateMiniCutDktRuntime.ts:[2m1132:4[22m[39m
[90m [2mтЭп[22m Object.replaceRegistryState src/video-editor/dkt/runtime/cre
ateMiniCutDktRuntime.ts:[2m771:3[22m[39m

[31mThis error originated in "[1msrc/video-editor/worker/memoryWorker.test.ts
[22m" test file. It doesn't mean the error was thrown inside the file itself, 
but while it was running.[39m
[31mThe latest test that might've caused the error is "[1mstreams project hie
rarchy to a page DKT replica over openDktTransport[22m". It might mean one of 
the following:
- The error was thrown, while Vitest was running this test.
- If the error occurred after the test had been completed, this was the last do
cumented test before it was thrown.[39m

[31mтОптОптОптОп[39m[1m[41m Unhandled Rejection [49m[22m[31mтОптОптОптОп
тОп[39m
[31m[1mReferenceError[22m: createPreviewStructureFromRegistry is not defined
[39m
[36m [2mтЭп[22m syncSessionDerivedState src/video-editor/dkt/runtime/createM
iniCutDktRuntime.ts:[2m898:21[22m[39m
    [90m896|[39m    [33m:[39m [35mnull[39m
    [90m897|[39m   const snapshot = await createRegistryFromModelTree(app.app
Model, actтАж
    [90m898|[39m   const structure = createPreviewStructureFromRegistry(snaps
hot, activтАж
    [90m   |[39m                     [31m^[39m
    [90m899|[39m   [35mawait[39m sessionRoot[33m.[39m[34mdispatch[39m(
[32m'syncPreviewModel'[39m[33m,[39m { structure })
    [90m900|[39m  }
[90m [2mтЭп[22m processTicksAndRejections node:internal/process/task_queues:
[2m104:5[22m[39m
[90m [2mтЭп[22m materializeRegistryHierarchy src/video-editor/dkt/runtime/cr
eateMiniCutDktRuntime.ts:[2m1132:4[22m[39m
[90m [2mтЭп[22m Object.replaceRegistryState src/video-editor/dkt/runtime/cre
ateMiniCutDktRuntime.ts:[2m771:3[22m[39m

[31mThis error originated in "[1msrc/video-editor/worker/memoryWorker.test.ts
[22m" test file. It doesn't mean the error was thrown inside the file itself, 
but while it was running.[39m
[31mThe latest test that might've caused the error is "[1mstreams project hie
rarchy to a page DKT replica over openDktTransport[22m". It might mean one of 
the following:
- The error was thrown, while Vitest was running this test.
- If the error occurred after the test had been completed, this was the last do
cumented test before it was thrown.[39m

[31mтОптОптОптОп[39m[1m[41m Unhandled Rejection [49m[22m[31mтОптОптОптОп
тОп[39m
[31m[1mReferenceError[22m: createPreviewStructureFromRegistry is not defined
[39m
[36m [2mтЭп[22m syncSessionDerivedState src/video-editor/dkt/runtime/createM
iniCutDktRuntime.ts:[2m898:21[22m[39m
    [90m896|[39m    [33m:[39m [35mnull[39m
    [90m897|[39m   const snapshot = await createRegistryFromModelTree(app.app
Model, actтАж
    [90m898|[39m   const structure = createPreviewStructureFromRegistry(snaps
hot, activтАж
    [90m   |[39m                     [31m^[39m
    [90m899|[39m   [35mawait[39m sessionRoot[33m.[39m[34mdispatch[39m(
[32m'syncPreviewModel'[39m[33m,[39m { structure })
    [90m900|[39m  }
[90m [2mтЭп[22m processTicksAndRejections node:internal/process/task_queues:
[2m104:5[22m[39m
[90m [2mтЭп[22m materializeRegistryHierarchy src/video-editor/dkt/runtime/cr
eateMiniCutDktRuntime.ts:[2m1132:4[22m[39m
[90m [2mтЭп[22m Object.replaceRegistryState src/video-editor/dkt/runtime/cre
ateMiniCutDktRuntime.ts:[2m771:3[22m[39m

[31mThis error originated in "[1msrc/video-editor/worker/memoryWorker.test.ts
[22m" test file. It doesn't mean the error was thrown inside the file itself, 
but while it was running.[39m
[31mThe latest test that might've caused the error is "[1mstreams project hie
rarchy to a page DKT replica over openDktTransport[22m". It might mean one of 
the following:
- The error was thrown, while Vitest was running this test.
- If the error occurred after the test had been completed, this was the last do
cumented test before it was thrown.[39m

[31mтОптОптОптОп[39m[1m[41m Unhandled Rejection [49m[22m[31mтОптОптОптОп
тОп[39m
[31m[1mReferenceError[22m: createPreviewStructureFromRegistry is not defined
[39m
[36m [2mтЭп[22m syncSessionDerivedState src/video-editor/dkt/runtime/createM
iniCutDktRuntime.ts:[2m898:21[22m[39m
    [90m896|[39m    [33m:[39m [35mnull[39m
    [90m897|[39m   const snapshot = await createRegistryFromModelTree(app.app
Model, actтАж
    [90m898|[39m   const structure = createPreviewStructureFromRegistry(snaps
hot, activтАж
    [90m   |[39m                     [31m^[39m
    [90m899|[39m   [35mawait[39m sessionRoot[33m.[39m[34mdispatch[39m(
[32m'syncPreviewModel'[39m[33m,[39m { structure })
    [90m900|[39m  }
[90m [2mтЭп[22m processTicksAndRejections node:internal/process/task_queues:
[2m104:5[22m[39m
[90m [2mтЭп[22m materializeRegistryHierarchy src/video-editor/dkt/runtime/cr
eateMiniCutDktRuntime.ts:[2m1132:4[22m[39m
[90m [2mтЭп[22m Object.replaceRegistryState src/video-editor/dkt/runtime/cre
ateMiniCutDktRuntime.ts:[2m771:3[22m[39m

[31mThis error originated in "[1msrc/video-editor/worker/memoryWorker.test.ts
[22m" test file. It doesn't mean the error was thrown inside the file itself, 
but while it was running.[39m
[31mThe latest test that might've caused the error is "[1mstreams project hie
rarchy to a page DKT replica over openDktTransport[22m". It might mean one of 
the following:
- The error was thrown, while Vitest was running this test.
- If the error occurred after the test had been completed, this was the last do
cumented test before it was thrown.[39m

[31mтОптОптОптОп[39m[1m[41m Unhandled Rejection [49m[22m[31mтОптОптОптОп
тОп[39m
[31m[1mReferenceError[22m: createPreviewStructureFromRegistry is not defined
[39m
[36m [2mтЭп[22m syncSessionDerivedState src/video-editor/dkt/runtime/createM
iniCutDktRuntime.ts:[2m898:21[22m[39m
    [90m896|[39m    [33m:[39m [35mnull[39m
    [90m897|[39m   const snapshot = await createRegistryFromModelTree(app.app
Model, actтАж
    [90m898|[39m   const structure = createPreviewStructureFromRegistry(snaps
hot, activтАж
    [90m   |[39m                     [31m^[39m
    [90m899|[39m   [35mawait[39m sessionRoot[33m.[39m[34mdispatch[39m(
[32m'syncPreviewModel'[39m[33m,[39m { structure })
    [90m900|[39m  }
[90m [2mтЭп[22m processTicksAndRejections node:internal/process/task_queues:
[2m104:5[22m[39m
[90m [2mтЭп[22m materializeRegistryHierarchy src/video-editor/dkt/runtime/cr
eateMiniCutDktRuntime.ts:[2m1132:4[22m[39m
[90m [2mтЭп[22m Object.replaceRegistryState src/video-editor/dkt/runtime/cre
ateMiniCutDktRuntime.ts:[2m771:3[22m[39m

[31mThis error originated in "[1msrc/video-editor/worker/memoryWorker.test.ts
[22m" test file. It doesn't mean the error was thrown inside the file itself, 
but while it was running.[39m
[31mThe latest test that might've caused the error is "[1mstreams project hie
rarchy to a page DKT replica over openDktTransport[22m". It might mean one of 
the following:
- The error was thrown, while Vitest was running this test.
- If the error occurred after the test had been completed, this was the last do
cumented test before it was thrown.[39m

[31mтОптОптОптОп[39m[1m[41m Unhandled Rejection [49m[22m[31mтОптОптОптОп
тОп[39m
[31m[1mReferenceError[22m: createPreviewStructureFromRegistry is not defined
[39m
[36m [2mтЭп[22m syncSessionDerivedState src/video-editor/dkt/runtime/createM
iniCutDktRuntime.ts:[2m898:21[22m[39m
    [90m896|[39m    [33m:[39m [35mnull[39m
    [90m897|[39m   const snapshot = await createRegistryFromModelTree(app.app
Model, actтАж
    [90m898|[39m   const structure = createPreviewStructureFromRegistry(snaps
hot, activтАж
    [90m   |[39m                     [31m^[39m
    [90m899|[39m   [35mawait[39m sessionRoot[33m.[39m[34mdispatch[39m(
[32m'syncPreviewModel'[39m[33m,[39m { structure })
    [90m900|[39m  }
[90m [2mтЭп[22m materializeRegistryHierarchy src/video-editor/dkt/runtime/cr
eateMiniCutDktRuntime.ts:[2m1132:4[22m[39m
[90m [2mтЭп[22m Object.replaceRegistryState src/video-editor/dkt/runtime/cre
ateMiniCutDktRuntime.ts:[2m771:3[22m[39m

[31mThis error originated in "[1msrc/video-editor/app/createVideoEditorHarnes
s.test.ts[22m" test file. It doesn't mean the error was thrown inside the file
 itself, but while it was running.[39m
[31mThe latest test that might've caused the error is "[1msplits selected cli
p at playhead and keeps resulting durations aligned[22m". It might mean one of
 the following:
- The error was thrown, while Vitest was running this test.
- If the error occurred after the test had been completed, this was the last do
cumented test before it was thrown.[39m

[31mтОптОптОптОп[39m[1m[41m Unhandled Rejection [49m[22m[31mтОптОптОптОп
тОп[39m
[31m[1mReferenceError[22m: createPreviewStructureFromRegistry is not defined
[39m
[36m [2mтЭп[22m syncSessionDerivedState src/video-editor/dkt/runtime/createM
iniCutDktRuntime.ts:[2m898:21[22m[39m
    [90m896|[39m    [33m:[39m [35mnull[39m
    [90m897|[39m   const snapshot = await createRegistryFromModelTree(app.app
Model, actтАж
    [90m898|[39m   const structure = createPreviewStructureFromRegistry(snaps
hot, activтАж
    [90m   |[39m                     [31m^[39m
    [90m899|[39m   [35mawait[39m sessionRoot[33m.[39m[34mdispatch[39m(
[32m'syncPreviewModel'[39m[33m,[39m { structure })
    [90m900|[39m  }
[90m [2mтЭп[22m processTicksAndRejections node:internal/process/task_queues:
[2m104:5[22m[39m
[90m [2mтЭп[22m materializeRegistryHierarchy src/video-editor/dkt/runtime/cr
eateMiniCutDktRuntime.ts:[2m1132:4[22m[39m
[90m [2mтЭп[22m Object.replaceRegistryState src/video-editor/dkt/runtime/cre
ateMiniCutDktRuntime.ts:[2m771:3[22m[39m

[31mThis error originated in "[1msrc/video-editor/worker/memoryWorker.test.ts
[22m" test file. It doesn't mean the error was thrown inside the file itself, 
but while it was running.[39m
[31mThe latest test that might've caused the error is "[1mstreams project hie
rarchy to a page DKT replica over openDktTransport[22m". It might mean one of 
the following:
- The error was thrown, while Vitest was running this test.
- If the error occurred after the test had been completed, this was the last do
cumented test before it was thrown.[39m

[31mтОптОптОптОп[39m[1m[41m Unhandled Rejection [49m[22m[31mтОптОптОптОп
тОп[39m
[31m[1mReferenceError[22m: createPreviewStructureFromRegistry is not defined
[39m
[36m [2mтЭп[22m syncSessionDerivedState src/video-editor/dkt/runtime/createM
iniCutDktRuntime.ts:[2m898:21[22m[39m
    [90m896|[39m    [33m:[39m [35mnull[39m
    [90m897|[39m   const snapshot = await createRegistryFromModelTree(app.app
Model, actтАж
    [90m898|[39m   const structure = createPreviewStructureFromRegistry(snaps
hot, activтАж
    [90m   |[39m                     [31m^[39m
    [90m899|[39m   [35mawait[39m sessionRoot[33m.[39m[34mdispatch[39m(
[32m'syncPreviewModel'[39m[33m,[39m { structure })
    [90m900|[39m  }
[90m [2mтЭп[22m processTicksAndRejections node:internal/process/task_queues:
[2m104:5[22m[39m
[90m [2mтЭп[22m materializeRegistryHierarchy src/video-editor/dkt/runtime/cr
eateMiniCutDktRuntime.ts:[2m1132:4[22m[39m
[90m [2mтЭп[22m Object.replaceRegistryState src/video-editor/dkt/runtime/cre
ateMiniCutDktRuntime.ts:[2m771:3[22m[39m

[31mThis error originated in "[1msrc/video-editor/worker/memoryWorker.test.ts
[22m" test file. It doesn't mean the error was thrown inside the file itself, 
but while it was running.[39m
[31mThe latest test that might've caused the error is "[1mstreams project hie
rarchy to a page DKT replica over openDktTransport[22m". It might mean one of 
the following:
- The error was thrown, while Vitest was running this test.
- If the error occurred after the test had been completed, this was the last do
cumented test before it was thrown.[39m

[31mтОптОптОптОп[39m[1m[41m Unhandled Rejection [49m[22m[31mтОптОптОптОп
тОп[39m
[31m[1mReferenceError[22m: createPreviewStructureFromRegistry is not defined
[39m
[36m [2mтЭп[22m syncSessionDerivedState src/video-editor/dkt/runtime/createM
iniCutDktRuntime.ts:[2m898:21[22m[39m
    [90m896|[39m    [33m:[39m [35mnull[39m
    [90m897|[39m   const snapshot = await createRegistryFromModelTree(app.app
Model, actтАж
    [90m898|[39m   const structure = createPreviewStructureFromRegistry(snaps
hot, activтАж
    [90m   |[39m                     [31m^[39m
    [90m899|[39m   [35mawait[39m sessionRoot[33m.[39m[34mdispatch[39m(
[32m'syncPreviewModel'[39m[33m,[39m { structure })
    [90m900|[39m  }
[90m [2mтЭп[22m processTicksAndRejections node:internal/process/task_queues:
[2m104:5[22m[39m
[90m [2mтЭп[22m materializeRegistryHierarchy src/video-editor/dkt/runtime/cr
eateMiniCutDktRuntime.ts:[2m1132:4[22m[39m
[90m [2mтЭп[22m Object.replaceRegistryState src/video-editor/dkt/runtime/cre
ateMiniCutDktRuntime.ts:[2m771:3[22m[39m

[31mThis error originated in "[1msrc/video-editor/worker/memoryWorker.test.ts
[22m" test file. It doesn't mean the error was thrown inside the file itself, 
but while it was running.[39m
[31mThe latest test that might've caused the error is "[1mstreams project hie
rarchy to a page DKT replica over openDktTransport[22m". It might mean one of 
the following:
- The error was thrown, while Vitest was running this test.
- If the error occurred after the test had been completed, this was the last do
cumented test before it was thrown.[39m

[31mтОптОптОптОп[39m[1m[41m Unhandled Rejection [49m[22m[31mтОптОптОптОп
тОп[39m
[31m[1mReferenceError[22m: createPreviewStructureFromRegistry is not defined
[39m
[36m [2mтЭп[22m syncSessionDerivedState src/video-editor/dkt/runtime/createM
iniCutDktRuntime.ts:[2m898:21[22m[39m
    [90m896|[39m    [33m:[39m [35mnull[39m
    [90m897|[39m   const snapshot = await createRegistryFromModelTree(app.app
Model, actтАж
    [90m898|[39m   const structure = createPreviewStructureFromRegistry(snaps
hot, activтАж
    [90m   |[39m                     [31m^[39m
    [90m899|[39m   [35mawait[39m sessionRoot[33m.[39m[34mdispatch[39m(
[32m'syncPreviewModel'[39m[33m,[39m { structure })
    [90m900|[39m  }
[90m [2mтЭп[22m processTicksAndRejections node:internal/process/task_queues:
[2m104:5[22m[39m
[90m [2mтЭп[22m materializeRegistryHierarchy src/video-editor/dkt/runtime/cr
eateMiniCutDktRuntime.ts:[2m1132:4[22m[39m
[90m [2mтЭп[22m Object.replaceRegistryState src/video-editor/dkt/runtime/cre
ateMiniCutDktRuntime.ts:[2m771:3[22m[39m

[31mThis error originated in "[1msrc/video-editor/worker/memoryWorker.test.ts
[22m" test file. It doesn't mean the error was thrown inside the file itself, 
but while it was running.[39m
[31mThe latest test that might've caused the error is "[1mstreams project hie
rarchy to a page DKT replica over openDktTransport[22m". It might mean one of 
the following:
- The error was thrown, while Vitest was running this test.
- If the error occurred after the test had been completed, this was the last do
cumented test before it was thrown.[39m

[31mтОптОптОптОп[39m[1m[41m Unhandled Rejection [49m[22m[31mтОптОптОптОп
тОп[39m
[31m[1mReferenceError[22m: createPreviewStructureFromRegistry is not defined
[39m
[36m [2mтЭп[22m syncSessionDerivedState src/video-editor/dkt/runtime/createM
iniCutDktRuntime.ts:[2m898:21[22m[39m
    [90m896|[39m    [33m:[39m [35mnull[39m
    [90m897|[39m   const snapshot = await createRegistryFromModelTree(app.app
Model, actтАж
    [90m898|[39m   const structure = createPreviewStructureFromRegistry(snaps
hot, activтАж
    [90m   |[39m                     [31m^[39m
    [90m899|[39m   [35mawait[39m sessionRoot[33m.[39m[34mdispatch[39m(
[32m'syncPreviewModel'[39m[33m,[39m { structure })
    [90m900|[39m  }
[90m [2mтЭп[22m materializeRegistryHierarchy src/video-editor/dkt/runtime/cr
eateMiniCutDktRuntime.ts:[2m1132:4[22m[39m
[90m [2mтЭп[22m Object.replaceRegistryState src/video-editor/dkt/runtime/cre
ateMiniCutDktRuntime.ts:[2m771:3[22m[39m

[31mThis error originated in "[1msrc/video-editor/app/createVideoEditorHarnes
s.test.ts[22m" test file. It doesn't mean the error was thrown inside the file
 itself, but while it was running.[39m
[31mThe latest test that might've caused the error is "[1mremoves a single ef
fect from selected clip[22m". It might mean one of the following:
- The error was thrown, while Vitest was running this test.
- If the error occurred after the test had been completed, this was the last do
cumented test before it was thrown.[39m

[31mтОптОптОптОп[39m[1m[41m Unhandled Rejection [49m[22m[31mтОптОптОптОп
тОп[39m
[31m[1mReferenceError[22m: createPreviewStructureFromRegistry is not defined
[39m
[36m [2mтЭп[22m syncSessionDerivedState src/video-editor/dkt/runtime/createM
iniCutDktRuntime.ts:[2m898:21[22m[39m
    [90m896|[39m    [33m:[39m [35mnull[39m
    [90m897|[39m   const snapshot = await createRegistryFromModelTree(app.app
Model, actтАж
    [90m898|[39m   const structure = createPreviewStructureFromRegistry(snaps
hot, activтАж
    [90m   |[39m                     [31m^[39m
    [90m899|[39m   [35mawait[39m sessionRoot[33m.[39m[34mdispatch[39m(
[32m'syncPreviewModel'[39m[33m,[39m { structure })
    [90m900|[39m  }
[90m [2mтЭп[22m materializeRegistryHierarchy src/video-editor/dkt/runtime/cr
eateMiniCutDktRuntime.ts:[2m1132:4[22m[39m
[90m [2mтЭп[22m Object.replaceRegistryState src/video-editor/dkt/runtime/cre
ateMiniCutDktRuntime.ts:[2m771:3[22m[39m

[31mThis error originated in "[1msrc/video-editor/app/createVideoEditorHarnes
s.test.ts[22m" test file. It doesn't mean the error was thrown inside the file
 itself, but while it was running.[39m
[31mThe latest test that might've caused the error is "[1mwraps cursor in tic
kPlayback and routes audio clips to the audio track[22m". It might mean one of
 the following:
- The error was thrown, while Vitest was running this test.
- If the error occurred after the test had been completed, this was the last do
cumented test before it was thrown.[39m

[31mтОптОптОптОп[39m[1m[41m Unhandled Rejection [49m[22m[31mтОптОптОптОп
тОп[39m
[31m[1mReferenceError[22m: createPreviewStructureFromRegistry is not defined
[39m
[36m [2mтЭп[22m syncSessionDerivedState src/video-editor/dkt/runtime/createM
iniCutDktRuntime.ts:[2m898:21[22m[39m
    [90m896|[39m    [33m:[39m [35mnull[39m
    [90m897|[39m   const snapshot = await createRegistryFromModelTree(app.app
Model, actтАж
    [90m898|[39m   const structure = createPreviewStructureFromRegistry(snaps
hot, activтАж
    [90m   |[39m                     [31m^[39m
    [90m899|[39m   [35mawait[39m sessionRoot[33m.[39m[34mdispatch[39m(
[32m'syncPreviewModel'[39m[33m,[39m { structure })
    [90m900|[39m  }
[90m [2mтЭп[22m materializeRegistryHierarchy src/video-editor/dkt/runtime/cr
eateMiniCutDktRuntime.ts:[2m1132:4[22m[39m
[90m [2mтЭп[22m Object.replaceRegistryState src/video-editor/dkt/runtime/cre
ateMiniCutDktRuntime.ts:[2m771:3[22m[39m

[31mThis error originated in "[1msrc/video-editor/app/createVideoEditorHarnes
s.test.ts[22m" test file. It doesn't mean the error was thrown inside the file
 itself, but while it was running.[39m
[31mThe latest test that might've caused the error is "[1mforwards project ex
port progress updates to callback[22m". It might mean one of the following:
- The error was thrown, while Vitest was running this test.
- If the error occurred after the test had been completed, this was the last do
cumented test before it was thrown.[39m

[31mтОптОптОптОп[39m[1m[41m Unhandled Rejection [49m[22m[31mтОптОптОптОп
тОп[39m
[31m[1mReferenceError[22m: createPreviewStructureFromRegistry is not defined
[39m
[36m [2mтЭп[22m syncSessionDerivedState src/video-editor/dkt/runtime/createM
iniCutDktRuntime.ts:[2m898:21[22m[39m
    [90m896|[39m    [33m:[39m [35mnull[39m
    [90m897|[39m   const snapshot = await createRegistryFromModelTree(app.app
Model, actтАж
    [90m898|[39m   const structure = createPreviewStructureFromRegistry(snaps
hot, activтАж
    [90m   |[39m                     [31m^[39m
    [90m899|[39m   [35mawait[39m sessionRoot[33m.[39m[34mdispatch[39m(
[32m'syncPreviewModel'[39m[33m,[39m { structure })
    [90m900|[39m  }
[90m [2mтЭп[22m processTicksAndRejections node:internal/process/task_queues:
[2m104:5[22m[39m
[90m [2mтЭп[22m materializeRegistryHierarchy src/video-editor/dkt/runtime/cr
eateMiniCutDktRuntime.ts:[2m1132:4[22m[39m
[90m [2mтЭп[22m Object.replaceRegistryState src/video-editor/dkt/runtime/cre
ateMiniCutDktRuntime.ts:[2m771:3[22m[39m

[31mThis error originated in "[1msrc/video-editor/worker/authorityRuntimePari
ty.test.ts[22m" test file. It doesn't mean the error was thrown inside the fil
e itself, but while it was running.[39m

[31mтОптОптОптОп[39m[1m[41m Unhandled Rejection [49m[22m[31mтОптОптОптОп
тОп[39m
[31m[1mReferenceError[22m: createPreviewStructureFromRegistry is not defined
[39m
[36m [2mтЭп[22m syncSessionDerivedState src/video-editor/dkt/runtime/createM
iniCutDktRuntime.ts:[2m898:21[22m[39m
    [90m896|[39m    [33m:[39m [35mnull[39m
    [90m897|[39m   const snapshot = await createRegistryFromModelTree(app.app
Model, actтАж
    [90m898|[39m   const structure = createPreviewStructureFromRegistry(snaps
hot, activтАж
    [90m   |[39m                     [31m^[39m
    [90m899|[39m   [35mawait[39m sessionRoot[33m.[39m[34mdispatch[39m(
[32m'syncPreviewModel'[39m[33m,[39m { structure })
    [90m900|[39m  }
[90m [2mтЭп[22m processTicksAndRejections node:internal/process/task_queues:
[2m104:5[22m[39m
[90m [2mтЭп[22m materializeRegistryHierarchy src/video-editor/dkt/runtime/cr
eateMiniCutDktRuntime.ts:[2m1132:4[22m[39m
[90m [2mтЭп[22m Object.replaceRegistryState src/video-editor/dkt/runtime/cre
ateMiniCutDktRuntime.ts:[2m771:3[22m[39m

[31mThis error originated in "[1msrc/video-editor/worker/authorityRuntimePari
ty.test.ts[22m" test file. It doesn't mean the error was thrown inside the fil
e itself, but while it was running.[39m

[31mтОптОптОптОп[39m[1m[41m Unhandled Rejection [49m[22m[31mтОптОптОптОп
тОп[39m
[31m[1mReferenceError[22m: createPreviewStructureFromRegistry is not defined
[39m
[36m [2mтЭп[22m syncSessionDerivedState src/video-editor/dkt/runtime/createM
iniCutDktRuntime.ts:[2m898:21[22m[39m
    [90m896|[39m    [33m:[39m [35mnull[39m
    [90m897|[39m   const snapshot = await createRegistryFromModelTree(app.app
Model, actтАж
    [90m898|[39m   const structure = createPreviewStructureFromRegistry(snaps
hot, activтАж
    [90m   |[39m                     [31m^[39m
    [90m899|[39m   [35mawait[39m sessionRoot[33m.[39m[34mdispatch[39m(
[32m'syncPreviewModel'[39m[33m,[39m { structure })
    [90m900|[39m  }
[90m [2mтЭп[22m processTicksAndRejections node:internal/process/task_queues:
[2m104:5[22m[39m
[90m [2mтЭп[22m materializeRegistryHierarchy src/video-editor/dkt/runtime/cr
eateMiniCutDktRuntime.ts:[2m1132:4[22m[39m
[90m [2mтЭп[22m Object.replaceRegistryState src/video-editor/dkt/runtime/cre
ateMiniCutDktRuntime.ts:[2m771:3[22m[39m

[31mThis error originated in "[1msrc/video-editor/tests/video-editor.happy-pa
th.test.tsx[22m" test file. It doesn't mean the error was thrown inside the fi
le itself, but while it was running.[39m
[31mThe latest test that might've caused the error is "[1mruns the happy path
: project -> import -> clip -> inspect -> split -> nudge[22m". It might mean o
ne of the following:
- The error was thrown, while Vitest was running this test.
- If the error occurred after the test had been completed, this was the last do
cumented test before it was thrown.[39m

[31mтОптОптОптОптОп[39m[1m[41m Uncaught Exception [49m[22m[31mтОптОптОпт
ОптОп[39m
[31m[1mTypeError[22m: Cannot read properties of undefined (reading 'createPr
oject')[39m
[36m [2mтЭп[22m onClick src/video-editor/components/ProjectDropdown.tsx:[2m
94:15[22m[39m
    [90m 92|[39m      [33mlabel[39m[33m=[39m[32m"New project"[39m
    [90m 93|[39m      [33monClick[39m[33m=[39m[33m{[39m() [33m=>[39m 
{
    [90m 94|[39m       actions[33m.[39m[34mcreateProject[39m()
    [90m   |[39m               [31m^[39m
    [90m 95|[39m       [34monClose[39m()
    [90m 96|[39m      }[33m}[39m
[90m [2mтЭп[22m executeDispatch node_modules/react-dom/cjs/react-dom-client.
development.js:[2m19116:9[22m[39m
[90m [2mтЭп[22m runWithFiberInDEV node_modules/react-dom/cjs/react-dom-clien
t.development.js:[2m874:13[22m[39m
[90m [2mтЭп[22m processDispatchQueue node_modules/react-dom/cjs/react-dom-cl
ient.development.js:[2m19166:19[22m[39m
[90m [2mтЭп[22m node_modules/react-dom/cjs/react-dom-client.development.js:
[2m19767:9[22m[39m
[90m [2mтЭп[22m batchedUpdates$1 node_modules/react-dom/cjs/react-dom-client
.development.js:[2m3255:40[22m[39m
[90m [2mтЭп[22m dispatchEventForPluginEventSystem node_modules/react-dom/cjs
/react-dom-client.development.js:[2m19320:7[22m[39m
[90m [2mтЭп[22m dispatchEvent node_modules/react-dom/cjs/react-dom-client.de
velopment.js:[2m23585:11[22m[39m
[90m [2mтЭп[22m dispatchDiscreteEvent node_modules/react-dom/cjs/react-dom-c
lient.development.js:[2m23553:11[22m[39m
[90m [2mтЭп[22m HTMLDivElement.callTheUserObjectsOperation node_modules/jsdo
m/lib/generated/idl/EventListener.js:[2m26:30[22m[39m

[31mThis error originated in "[1msrc/video-editor/tests/video-editor.happy-pa
th.test.tsx[22m" test file. It doesn't mean the error was thrown inside the fi
le itself, but while it was running.[39m
[31mThe latest test that might've caused the error is "[1mruns the happy path
: project -> import -> clip -> inspect -> split -> nudge[22m". It might mean o
ne of the following:
- The error was thrown, while Vitest was running this test.
- If the error occurred after the test had been completed, this was the last do
cumented test before it was thrown.[39m

[31mтОптОптОптОп[39m[1m[41m Unhandled Rejection [49m[22m[31mтОптОптОптОп
тОп[39m
[31m[1mReferenceError[22m: createPreviewStructureFromRegistry is not defined
[39m
[36m [2mтЭп[22m syncSessionDerivedState src/video-editor/dkt/runtime/createM
iniCutDktRuntime.ts:[2m898:21[22m[39m
    [90m896|[39m    [33m:[39m [35mnull[39m
    [90m897|[39m   const snapshot = await createRegistryFromModelTree(app.app
Model, actтАж
    [90m898|[39m   const structure = createPreviewStructureFromRegistry(snaps
hot, activтАж
    [90m   |[39m                     [31m^[39m
    [90m899|[39m   [35mawait[39m sessionRoot[33m.[39m[34mdispatch[39m(
[32m'syncPreviewModel'[39m[33m,[39m { structure })
    [90m900|[39m  }
[90m [2mтЭп[22m materializeRegistryHierarchy src/video-editor/dkt/runtime/cr
eateMiniCutDktRuntime.ts:[2m1132:4[22m[39m
[90m [2mтЭп[22m Object.replaceRegistryState src/video-editor/dkt/runtime/cre
ateMiniCutDktRuntime.ts:[2m771:3[22m[39m

[31mThis error originated in "[1msrc/video-editor/tests/video-editor.happy-pa
th.test.tsx[22m" test file. It doesn't mean the error was thrown inside the fi
le itself, but while it was running.[39m
[31mThe latest test that might've caused the error is "[1msplits clip at play
head and updates timeline clip widths from resulting durations[22m". It might 
mean one of the following:
- The error was thrown, while Vitest was running this test.
- If the error occurred after the test had been completed, this was the last do
cumented test before it was thrown.[39m

[31mтОптОптОптОптОп[39m[1m[41m Uncaught Exception [49m[22m[31mтОптОптОпт
ОптОп[39m
[31m[1mTypeError[22m: Cannot read properties of undefined (reading 'createPr
oject')[39m
[36m [2mтЭп[22m onClick src/video-editor/components/ProjectDropdown.tsx:[2m
94:15[22m[39m
    [90m 92|[39m      [33mlabel[39m[33m=[39m[32m"New project"[39m
    [90m 93|[39m      [33monClick[39m[33m=[39m[33m{[39m() [33m=>[39m 
{
    [90m 94|[39m       actions[33m.[39m[34mcreateProject[39m()
    [90m   |[39m               [31m^[39m
    [90m 95|[39m       [34monClose[39m()
    [90m 96|[39m      }[33m}[39m
[90m [2mтЭп[22m executeDispatch node_modules/react-dom/cjs/react-dom-client.
development.js:[2m19116:9[22m[39m
[90m [2mтЭп[22m runWithFiberInDEV node_modules/react-dom/cjs/react-dom-clien
t.development.js:[2m874:13[22m[39m
[90m [2mтЭп[22m processDispatchQueue node_modules/react-dom/cjs/react-dom-cl
ient.development.js:[2m19166:19[22m[39m
[90m [2mтЭп[22m node_modules/react-dom/cjs/react-dom-client.development.js:
[2m19767:9[22m[39m
[90m [2mтЭп[22m batchedUpdates$1 node_modules/react-dom/cjs/react-dom-client
.development.js:[2m3255:40[22m[39m
[90m [2mтЭп[22m dispatchEventForPluginEventSystem node_modules/react-dom/cjs
/react-dom-client.development.js:[2m19320:7[22m[39m
[90m [2mтЭп[22m dispatchEvent node_modules/react-dom/cjs/react-dom-client.de
velopment.js:[2m23585:11[22m[39m
[90m [2mтЭп[22m dispatchDiscreteEvent node_modules/react-dom/cjs/react-dom-c
lient.development.js:[2m23553:11[22m[39m
[90m [2mтЭп[22m HTMLDivElement.callTheUserObjectsOperation node_modules/jsdo
m/lib/generated/idl/EventListener.js:[2m26:30[22m[39m

[31mThis error originated in "[1msrc/video-editor/tests/video-editor.happy-pa
th.test.tsx[22m" test file. It doesn't mean the error was thrown inside the fi
le itself, but while it was running.[39m
[31mThe latest test that might've caused the error is "[1msplits clip at play
head and updates timeline clip widths from resulting durations[22m". It might 
mean one of the following:
- The error was thrown, while Vitest was running this test.
- If the error occurred after the test had been completed, this was the last do
cumented test before it was thrown.[39m

[31mтОптОптОптОп[39m[1m[41m Unhandled Rejection [49m[22m[31mтОптОптОптОп
тОп[39m
[31m[1mReferenceError[22m: createPreviewStructureFromRegistry is not defined
[39m
[36m [2mтЭп[22m syncSessionDerivedState src/video-editor/dkt/runtime/createM
iniCutDktRuntime.ts:[2m898:21[22m[39m
    [90m896|[39m    [33m:[39m [35mnull[39m
    [90m897|[39m   const snapshot = await createRegistryFromModelTree(app.app
Model, actтАж
    [90m898|[39m   const structure = createPreviewStructureFromRegistry(snaps
hot, activтАж
    [90m   |[39m                     [31m^[39m
    [90m899|[39m   [35mawait[39m sessionRoot[33m.[39m[34mdispatch[39m(
[32m'syncPreviewModel'[39m[33m,[39m { structure })
    [90m900|[39m  }
[90m [2mтЭп[22m materializeRegistryHierarchy src/video-editor/dkt/runtime/cr
eateMiniCutDktRuntime.ts:[2m1132:4[22m[39m
[90m [2mтЭп[22m Object.replaceRegistryState src/video-editor/dkt/runtime/cre
ateMiniCutDktRuntime.ts:[2m771:3[22m[39m

[31mThis error originated in "[1msrc/video-editor/tests/video-editor.happy-pa
th.test.tsx[22m" test file. It doesn't mean the error was thrown inside the fi
le itself, but while it was running.[39m
[31mThe latest test that might've caused the error is "[1mshows project expor
t progress in toolbar while rendering[22m". It might mean one of the following
:
- The error was thrown, while Vitest was running this test.
- If the error occurred after the test had been completed, this was the last do
cumented test before it was thrown.[39m

[31mтОптОптОптОптОп[39m[1m[41m Uncaught Exception [49m[22m[31mтОптОптОпт
ОптОп[39m
[31m[1mTypeError[22m: Cannot read properties of undefined (reading 'createPr
oject')[39m
[36m [2mтЭп[22m onClick src/video-editor/components/ProjectDropdown.tsx:[2m
94:15[22m[39m
    [90m 92|[39m      [33mlabel[39m[33m=[39m[32m"New project"[39m
    [90m 93|[39m      [33monClick[39m[33m=[39m[33m{[39m() [33m=>[39m 
{
    [90m 94|[39m       actions[33m.[39m[34mcreateProject[39m()
    [90m   |[39m               [31m^[39m
    [90m 95|[39m       [34monClose[39m()
    [90m 96|[39m      }[33m}[39m
[90m [2mтЭп[22m executeDispatch node_modules/react-dom/cjs/react-dom-client.
development.js:[2m19116:9[22m[39m
[90m [2mтЭп[22m runWithFiberInDEV node_modules/react-dom/cjs/react-dom-clien
t.development.js:[2m874:13[22m[39m
[90m [2mтЭп[22m processDispatchQueue node_modules/react-dom/cjs/react-dom-cl
ient.development.js:[2m19166:19[22m[39m
[90m [2mтЭп[22m node_modules/react-dom/cjs/react-dom-client.development.js:
[2m19767:9[22m[39m
[90m [2mтЭп[22m batchedUpdates$1 node_modules/react-dom/cjs/react-dom-client
.development.js:[2m3255:40[22m[39m
[90m [2mтЭп[22m dispatchEventForPluginEventSystem node_modules/react-dom/cjs
/react-dom-client.development.js:[2m19320:7[22m[39m
[90m [2mтЭп[22m dispatchEvent node_modules/react-dom/cjs/react-dom-client.de
velopment.js:[2m23585:11[22m[39m
[90m [2mтЭп[22m dispatchDiscreteEvent node_modules/react-dom/cjs/react-dom-c
lient.development.js:[2m23553:11[22m[39m
[90m [2mтЭп[22m HTMLDivElement.callTheUserObjectsOperation node_modules/jsdo
m/lib/generated/idl/EventListener.js:[2m26:30[22m[39m

[31mThis error originated in "[1msrc/video-editor/tests/video-editor.happy-pa
th.test.tsx[22m" test file. It doesn't mean the error was thrown inside the fi
le itself, but while it was running.[39m
[31mThe latest test that might've caused the error is "[1mshows project expor
t progress in toolbar while rendering[22m". It might mean one of the following
:
- The error was thrown, while Vitest was running this test.
- If the error occurred after the test had been completed, this was the last do
cumented test before it was thrown.[39m

[31mтОптОптОптОп[39m[1m[41m Unhandled Rejection [49m[22m[31mтОптОптОптОп
тОп[39m
[31m[1mReferenceError[22m: createPreviewStructureFromRegistry is not defined
[39m
[36m [2mтЭп[22m syncSessionDerivedState src/video-editor/dkt/runtime/createM
iniCutDktRuntime.ts:[2m898:21[22m[39m
    [90m896|[39m    [33m:[39m [35mnull[39m
    [90m897|[39m   const snapshot = await createRegistryFromModelTree(app.app
Model, actтАж
    [90m898|[39m   const structure = createPreviewStructureFromRegistry(snaps
hot, activтАж
    [90m   |[39m                     [31m^[39m
    [90m899|[39m   [35mawait[39m sessionRoot[33m.[39m[34mdispatch[39m(
[32m'syncPreviewModel'[39m[33m,[39m { structure })
    [90m900|[39m  }
[90m [2mтЭп[22m materializeRegistryHierarchy src/video-editor/dkt/runtime/cr
eateMiniCutDktRuntime.ts:[2m1132:4[22m[39m
[90m [2mтЭп[22m Object.replaceRegistryState src/video-editor/dkt/runtime/cre
ateMiniCutDktRuntime.ts:[2m771:3[22m[39m

[31mThis error originated in "[1msrc/video-editor/tests/video-editor.happy-pa
th.test.tsx[22m" test file. It doesn't mean the error was thrown inside the fi
le itself, but while it was running.[39m
[31mThe latest test that might've caused the error is "[1mresizes a clip from
 its timeline edges[22m". It might mean one of the following:
- The error was thrown, while Vitest was running this test.
- If the error occurred after the test had been completed, this was the last do
cumented test before it was thrown.[39m

[31mтОптОптОптОптОп[39m[1m[41m Uncaught Exception [49m[22m[31mтОптОптОпт
ОптОп[39m
[31m[1mTypeError[22m: Cannot read properties of undefined (reading 'createPr
oject')[39m
[36m [2mтЭп[22m onClick src/video-editor/components/ProjectDropdown.tsx:[2m
94:15[22m[39m
    [90m 92|[39m      [33mlabel[39m[33m=[39m[32m"New project"[39m
    [90m 93|[39m      [33monClick[39m[33m=[39m[33m{[39m() [33m=>[39m 
{
    [90m 94|[39m       actions[33m.[39m[34mcreateProject[39m()
    [90m   |[39m               [31m^[39m
    [90m 95|[39m       [34monClose[39m()
    [90m 96|[39m      }[33m}[39m
[90m [2mтЭп[22m executeDispatch node_modules/react-dom/cjs/react-dom-client.
development.js:[2m19116:9[22m[39m
[90m [2mтЭп[22m runWithFiberInDEV node_modules/react-dom/cjs/react-dom-clien
t.development.js:[2m874:13[22m[39m
[90m [2mтЭп[22m processDispatchQueue node_modules/react-dom/cjs/react-dom-cl
ient.development.js:[2m19166:19[22m[39m
[90m [2mтЭп[22m node_modules/react-dom/cjs/react-dom-client.development.js:
[2m19767:9[22m[39m
[90m [2mтЭп[22m batchedUpdates$1 node_modules/react-dom/cjs/react-dom-client
.development.js:[2m3255:40[22m[39m
[90m [2mтЭп[22m dispatchEventForPluginEventSystem node_modules/react-dom/cjs
/react-dom-client.development.js:[2m19320:7[22m[39m
[90m [2mтЭп[22m dispatchEvent node_modules/react-dom/cjs/react-dom-client.de
velopment.js:[2m23585:11[22m[39m
[90m [2mтЭп[22m dispatchDiscreteEvent node_modules/react-dom/cjs/react-dom-c
lient.development.js:[2m23553:11[22m[39m
[90m [2mтЭп[22m HTMLDivElement.callTheUserObjectsOperation node_modules/jsdo
m/lib/generated/idl/EventListener.js:[2m26:30[22m[39m

[31mThis error originated in "[1msrc/video-editor/tests/video-editor.happy-pa
th.test.tsx[22m" test file. It doesn't mean the error was thrown inside the fi
le itself, but while it was running.[39m
[31mThe latest test that might've caused the error is "[1mresizes a clip from
 its timeline edges[22m". It might mean one of the following:
- The error was thrown, while Vitest was running this test.
- If the error occurred after the test had been completed, this was the last do
cumented test before it was thrown.[39m

[31mтОптОптОптОп[39m[1m[41m Unhandled Rejection [49m[22m[31mтОптОптОптОп
тОп[39m
[31m[1mReferenceError[22m: createPreviewStructureFromRegistry is not defined
[39m
[36m [2mтЭп[22m syncSessionDerivedState src/video-editor/dkt/runtime/createM
iniCutDktRuntime.ts:[2m898:21[22m[39m
    [90m896|[39m    [33m:[39m [35mnull[39m
    [90m897|[39m   const snapshot = await createRegistryFromModelTree(app.app
Model, actтАж
    [90m898|[39m   const structure = createPreviewStructureFromRegistry(snaps
hot, activтАж
    [90m   |[39m                     [31m^[39m
    [90m899|[39m   [35mawait[39m sessionRoot[33m.[39m[34mdispatch[39m(
[32m'syncPreviewModel'[39m[33m,[39m { structure })
    [90m900|[39m  }
[90m [2mтЭп[22m materializeRegistryHierarchy src/video-editor/dkt/runtime/cr
eateMiniCutDktRuntime.ts:[2m1132:4[22m[39m
[90m [2mтЭп[22m Object.replaceRegistryState src/video-editor/dkt/runtime/cre
ateMiniCutDktRuntime.ts:[2m771:3[22m[39m

[31mThis error originated in "[1msrc/video-editor/tests/video-editor.happy-pa
th.test.tsx[22m" test file. It doesn't mean the error was thrown inside the fi
le itself, but while it was running.[39m
[31mThe latest test that might've caused the error is "[1mdeletes selected cl
ips through the timeline clip actions[22m". It might mean one of the following
:
- The error was thrown, while Vitest was running this test.
- If the error occurred after the test had been completed, this was the last do
cumented test before it was thrown.[39m

[31mтОптОптОптОптОп[39m[1m[41m Uncaught Exception [49m[22m[31mтОптОптОпт
ОптОп[39m
[31m[1mTypeError[22m: Cannot read properties of undefined (reading 'createPr
oject')[39m
[36m [2mтЭп[22m onClick src/video-editor/components/ProjectDropdown.tsx:[2m
94:15[22m[39m
    [90m 92|[39m      [33mlabel[39m[33m=[39m[32m"New project"[39m
    [90m 93|[39m      [33monClick[39m[33m=[39m[33m{[39m() [33m=>[39m 
{
    [90m 94|[39m       actions[33m.[39m[34mcreateProject[39m()
    [90m   |[39m               [31m^[39m
    [90m 95|[39m       [34monClose[39m()
    [90m 96|[39m      }[33m}[39m
[90m [2mтЭп[22m executeDispatch node_modules/react-dom/cjs/react-dom-client.
development.js:[2m19116:9[22m[39m
[90m [2mтЭп[22m runWithFiberInDEV node_modules/react-dom/cjs/react-dom-clien
t.development.js:[2m874:13[22m[39m
[90m [2mтЭп[22m processDispatchQueue node_modules/react-dom/cjs/react-dom-cl
ient.development.js:[2m19166:19[22m[39m
[90m [2mтЭп[22m node_modules/react-dom/cjs/react-dom-client.development.js:
[2m19767:9[22m[39m
[90m [2mтЭп[22m batchedUpdates$1 node_modules/react-dom/cjs/react-dom-client
.development.js:[2m3255:40[22m[39m
[90m [2mтЭп[22m dispatchEventForPluginEventSystem node_modules/react-dom/cjs
/react-dom-client.development.js:[2m19320:7[22m[39m
[90m [2mтЭп[22m dispatchEvent node_modules/react-dom/cjs/react-dom-client.de
velopment.js:[2m23585:11[22m[39m
[90m [2mтЭп[22m dispatchDiscreteEvent node_modules/react-dom/cjs/react-dom-c
lient.development.js:[2m23553:11[22m[39m
[90m [2mтЭп[22m HTMLDivElement.callTheUserObjectsOperation node_modules/jsdo
m/lib/generated/idl/EventListener.js:[2m26:30[22m[39m

[31mThis error originated in "[1msrc/video-editor/tests/video-editor.happy-pa
th.test.tsx[22m" test file. It doesn't mean the error was thrown inside the fi
le itself, but while it was running.[39m
[31mThe latest test that might've caused the error is "[1mdeletes selected cl
ips through the timeline clip actions[22m". It might mean one of the following
:
- The error was thrown, while Vitest was running this test.
- If the error occurred after the test had been completed, this was the last do
cumented test before it was thrown.[39m

[31mтОптОптОптОп[39m[1m[41m Unhandled Rejection [49m[22m[31mтОптОптОптОп
тОп[39m
[31m[1mReferenceError[22m: createPreviewStructureFromRegistry is not defined
[39m
[36m [2mтЭп[22m syncSessionDerivedState src/video-editor/dkt/runtime/createM
iniCutDktRuntime.ts:[2m898:21[22m[39m
    [90m896|[39m    [33m:[39m [35mnull[39m
    [90m897|[39m   const snapshot = await createRegistryFromModelTree(app.app
Model, actтАж
    [90m898|[39m   const structure = createPreviewStructureFromRegistry(snaps
hot, activтАж
    [90m   |[39m                     [31m^[39m
    [90m899|[39m   [35mawait[39m sessionRoot[33m.[39m[34mdispatch[39m(
[32m'syncPreviewModel'[39m[33m,[39m { structure })
    [90m900|[39m  }
[90m [2mтЭп[22m materializeRegistryHierarchy src/video-editor/dkt/runtime/cr
eateMiniCutDktRuntime.ts:[2m1132:4[22m[39m
[90m [2mтЭп[22m Object.replaceRegistryState src/video-editor/dkt/runtime/cre
ateMiniCutDktRuntime.ts:[2m771:3[22m[39m

[31mThis error originated in "[1msrc/video-editor/tests/video-editor.happy-pa
th.test.tsx[22m" test file. It doesn't mean the error was thrown inside the fi
le itself, but while it was running.[39m
[31mThe latest test that might've caused the error is "[1mapplies clip color 
to timeline accent and renderer frame[22m". It might mean one of the following
:
- The error was thrown, while Vitest was running this test.
- If the error occurred after the test had been completed, this was the last do
cumented test before it was thrown.[39m

[31mтОптОптОптОптОп[39m[1m[41m Uncaught Exception [49m[22m[31mтОптОптОпт
ОптОп[39m
[31m[1mTypeError[22m: Cannot read properties of undefined (reading 'createPr
oject')[39m
[36m [2mтЭп[22m onClick src/video-editor/components/ProjectDropdown.tsx:[2m
94:15[22m[39m
    [90m 92|[39m      [33mlabel[39m[33m=[39m[32m"New project"[39m
    [90m 93|[39m      [33monClick[39m[33m=[39m[33m{[39m() [33m=>[39m 
{
    [90m 94|[39m       actions[33m.[39m[34mcreateProject[39m()
    [90m   |[39m               [31m^[39m
    [90m 95|[39m       [34monClose[39m()
    [90m 96|[39m      }[33m}[39m
[90m [2mтЭп[22m executeDispatch node_modules/react-dom/cjs/react-dom-client.
development.js:[2m19116:9[22m[39m
[90m [2mтЭп[22m runWithFiberInDEV node_modules/react-dom/cjs/react-dom-clien
t.development.js:[2m874:13[22m[39m
[90m [2mтЭп[22m processDispatchQueue node_modules/react-dom/cjs/react-dom-cl
ient.development.js:[2m19166:19[22m[39m
[90m [2mтЭп[22m node_modules/react-dom/cjs/react-dom-client.development.js:
[2m19767:9[22m[39m
[90m [2mтЭп[22m batchedUpdates$1 node_modules/react-dom/cjs/react-dom-client
.development.js:[2m3255:40[22m[39m
[90m [2mтЭп[22m dispatchEventForPluginEventSystem node_modules/react-dom/cjs
/react-dom-client.development.js:[2m19320:7[22m[39m
[90m [2mтЭп[22m dispatchEvent node_modules/react-dom/cjs/react-dom-client.de
velopment.js:[2m23585:11[22m[39m
[90m [2mтЭп[22m dispatchDiscreteEvent node_modules/react-dom/cjs/react-dom-c
lient.development.js:[2m23553:11[22m[39m
[90m [2mтЭп[22m HTMLDivElement.callTheUserObjectsOperation node_modules/jsdo
m/lib/generated/idl/EventListener.js:[2m26:30[22m[39m

[31mThis error originated in "[1msrc/video-editor/tests/video-editor.happy-pa
th.test.tsx[22m" test file. It doesn't mean the error was thrown inside the fi
le itself, but while it was running.[39m
[31mThe latest test that might've caused the error is "[1mapplies clip color 
to timeline accent and renderer frame[22m". It might mean one of the following
:
- The error was thrown, while Vitest was running this test.
- If the error occurred after the test had been completed, this was the last do
cumented test before it was thrown.[39m

[31mтОптОптОптОп[39m[1m[41m Unhandled Rejection [49m[22m[31mтОптОптОптОп
тОп[39m
[31m[1mReferenceError[22m: createPreviewStructureFromRegistry is not defined
[39m
[36m [2mтЭп[22m syncSessionDerivedState src/video-editor/dkt/runtime/createM
iniCutDktRuntime.ts:[2m898:21[22m[39m
    [90m896|[39m    [33m:[39m [35mnull[39m
    [90m897|[39m   const snapshot = await createRegistryFromModelTree(app.app
Model, actтАж
    [90m898|[39m   const structure = createPreviewStructureFromRegistry(snaps
hot, activтАж
    [90m   |[39m                     [31m^[39m
    [90m899|[39m   [35mawait[39m sessionRoot[33m.[39m[34mdispatch[39m(
[32m'syncPreviewModel'[39m[33m,[39m { structure })
    [90m900|[39m  }
[90m [2mтЭп[22m materializeRegistryHierarchy src/video-editor/dkt/runtime/cr
eateMiniCutDktRuntime.ts:[2m1132:4[22m[39m
[90m [2mтЭп[22m Object.replaceRegistryState src/video-editor/dkt/runtime/cre
ateMiniCutDktRuntime.ts:[2m771:3[22m[39m

[31mThis error originated in "[1msrc/video-editor/tests/video-editor.happy-pa
th.test.tsx[22m" test file. It doesn't mean the error was thrown inside the fi
le itself, but while it was running.[39m
[31mThe latest test that might've caused the error is "[1madds and edits prim
ary color correction from the color inspector[22m". It might mean one of the f
ollowing:
- The error was thrown, while Vitest was running this test.
- If the error occurred after the test had been completed, this was the last do
cumented test before it was thrown.[39m

[31mтОптОптОптОптОп[39m[1m[41m Uncaught Exception [49m[22m[31mтОптОптОпт
ОптОп[39m
[31m[1mTypeError[22m: Cannot read properties of undefined (reading 'createPr
oject')[39m
[36m [2mтЭп[22m onClick src/video-editor/components/ProjectDropdown.tsx:[2m
94:15[22m[39m
    [90m 92|[39m      [33mlabel[39m[33m=[39m[32m"New project"[39m
    [90m 93|[39m      [33monClick[39m[33m=[39m[33m{[39m() [33m=>[39m 
{
    [90m 94|[39m       actions[33m.[39m[34mcreateProject[39m()
    [90m   |[39m               [31m^[39m
    [90m 95|[39m       [34monClose[39m()
    [90m 96|[39m      }[33m}[39m
[90m [2mтЭп[22m executeDispatch node_modules/react-dom/cjs/react-dom-client.
development.js:[2m19116:9[22m[39m
[90m [2mтЭп[22m runWithFiberInDEV node_modules/react-dom/cjs/react-dom-clien
t.development.js:[2m874:13[22m[39m
[90m [2mтЭп[22m processDispatchQueue node_modules/react-dom/cjs/react-dom-cl
ient.development.js:[2m19166:19[22m[39m
[90m [2mтЭп[22m node_modules/react-dom/cjs/react-dom-client.development.js:
[2m19767:9[22m[39m
[90m [2mтЭп[22m batchedUpdates$1 node_modules/react-dom/cjs/react-dom-client
.development.js:[2m3255:40[22m[39m
[90m [2mтЭп[22m dispatchEventForPluginEventSystem node_modules/react-dom/cjs
/react-dom-client.development.js:[2m19320:7[22m[39m
[90m [2mтЭп[22m dispatchEvent node_modules/react-dom/cjs/react-dom-client.de
velopment.js:[2m23585:11[22m[39m
[90m [2mтЭп[22m dispatchDiscreteEvent node_modules/react-dom/cjs/react-dom-c
lient.development.js:[2m23553:11[22m[39m
[90m [2mтЭп[22m HTMLDivElement.callTheUserObjectsOperation node_modules/jsdo
m/lib/generated/idl/EventListener.js:[2m26:30[22m[39m

[31mThis error originated in "[1msrc/video-editor/tests/video-editor.happy-pa
th.test.tsx[22m" test file. It doesn't mean the error was thrown inside the fi
le itself, but while it was running.[39m
[31mThe latest test that might've caused the error is "[1madds and edits prim
ary color correction from the color inspector[22m". It might mean one of the f
ollowing:
- The error was thrown, while Vitest was running this test.
- If the error occurred after the test had been completed, this was the last do
cumented test before it was thrown.[39m

[31mтОптОптОптОп[39m[1m[41m Unhandled Rejection [49m[22m[31mтОптОптОптОп
тОп[39m
[31m[1mReferenceError[22m: createPreviewStructureFromRegistry is not defined
[39m
[36m [2mтЭп[22m syncSessionDerivedState src/video-editor/dkt/runtime/createM
iniCutDktRuntime.ts:[2m898:21[22m[39m
    [90m896|[39m    [33m:[39m [35mnull[39m
    [90m897|[39m   const snapshot = await createRegistryFromModelTree(app.app
Model, actтАж
    [90m898|[39m   const structure = createPreviewStructureFromRegistry(snaps
hot, activтАж
    [90m   |[39m                     [31m^[39m
    [90m899|[39m   [35mawait[39m sessionRoot[33m.[39m[34mdispatch[39m(
[32m'syncPreviewModel'[39m[33m,[39m { structure })
    [90m900|[39m  }
[90m [2mтЭп[22m materializeRegistryHierarchy src/video-editor/dkt/runtime/cr
eateMiniCutDktRuntime.ts:[2m1132:4[22m[39m
[90m [2mтЭп[22m Object.replaceRegistryState src/video-editor/dkt/runtime/cre
ateMiniCutDktRuntime.ts:[2m771:3[22m[39m

[31mThis error originated in "[1msrc/video-editor/tests/video-editor.happy-pa
th.test.tsx[22m" test file. It doesn't mean the error was thrown inside the fi
le itself, but while it was running.[39m
[31mThe latest test that might've caused the error is "[1madds a text clip an
d edits text content from the inspector[22m". It might mean one of the followi
ng:
- The error was thrown, while Vitest was running this test.
- If the error occurred after the test had been completed, this was the last do
cumented test before it was thrown.[39m

[31mтОптОптОптОптОп[39m[1m[41m Uncaught Exception [49m[22m[31mтОптОптОпт
ОптОп[39m
[31m[1mTypeError[22m: Cannot read properties of undefined (reading 'createPr
oject')[39m
[36m [2mтЭп[22m onClick src/video-editor/components/ProjectDropdown.tsx:[2m
94:15[22m[39m
    [90m 92|[39m      [33mlabel[39m[33m=[39m[32m"New project"[39m
    [90m 93|[39m      [33monClick[39m[33m=[39m[33m{[39m() [33m=>[39m 
{
    [90m 94|[39m       actions[33m.[39m[34mcreateProject[39m()
    [90m   |[39m               [31m^[39m
    [90m 95|[39m       [34monClose[39m()
    [90m 96|[39m      }[33m}[39m
[90m [2mтЭп[22m executeDispatch node_modules/react-dom/cjs/react-dom-client.
development.js:[2m19116:9[22m[39m
[90m [2mтЭп[22m runWithFiberInDEV node_modules/react-dom/cjs/react-dom-clien
t.development.js:[2m874:13[22m[39m
[90m [2mтЭп[22m processDispatchQueue node_modules/react-dom/cjs/react-dom-cl
ient.development.js:[2m19166:19[22m[39m
[90m [2mтЭп[22m node_modules/react-dom/cjs/react-dom-client.development.js:
[2m19767:9[22m[39m
[90m [2mтЭп[22m batchedUpdates$1 node_modules/react-dom/cjs/react-dom-client
.development.js:[2m3255:40[22m[39m
[90m [2mтЭп[22m dispatchEventForPluginEventSystem node_modules/react-dom/cjs
/react-dom-client.development.js:[2m19320:7[22m[39m
[90m [2mтЭп[22m dispatchEvent node_modules/react-dom/cjs/react-dom-client.de
velopment.js:[2m23585:11[22m[39m
[90m [2mтЭп[22m dispatchDiscreteEvent node_modules/react-dom/cjs/react-dom-c
lient.development.js:[2m23553:11[22m[39m
[90m [2mтЭп[22m HTMLDivElement.callTheUserObjectsOperation node_modules/jsdo
m/lib/generated/idl/EventListener.js:[2m26:30[22m[39m

[31mThis error originated in "[1msrc/video-editor/tests/video-editor.happy-pa
th.test.tsx[22m" test file. It doesn't mean the error was thrown inside the fi
le itself, but while it was running.[39m
[31mThe latest test that might've caused the error is "[1madds a text clip an
d edits text content from the inspector[22m". It might mean one of the followi
ng:
- The error was thrown, while Vitest was running this test.
- If the error occurred after the test had been completed, this was the last do
cumented test before it was thrown.[39m

[31mтОптОптОптОп[39m[1m[41m Unhandled Rejection [49m[22m[31mтОптОптОптОп
тОп[39m
[31m[1mReferenceError[22m: createPreviewStructureFromRegistry is not defined
[39m
[36m [2mтЭп[22m syncSessionDerivedState src/video-editor/dkt/runtime/createM
iniCutDktRuntime.ts:[2m898:21[22m[39m
    [90m896|[39m    [33m:[39m [35mnull[39m
    [90m897|[39m   const snapshot = await createRegistryFromModelTree(app.app
Model, actтАж
    [90m898|[39m   const structure = createPreviewStructureFromRegistry(snaps
hot, activтАж
    [90m   |[39m                     [31m^[39m
    [90m899|[39m   [35mawait[39m sessionRoot[33m.[39m[34mdispatch[39m(
[32m'syncPreviewModel'[39m[33m,[39m { structure })
    [90m900|[39m  }
[90m [2mтЭп[22m materializeRegistryHierarchy src/video-editor/dkt/runtime/cr
eateMiniCutDktRuntime.ts:[2m1132:4[22m[39m
[90m [2mтЭп[22m Object.replaceRegistryState src/video-editor/dkt/runtime/cre
ateMiniCutDktRuntime.ts:[2m771:3[22m[39m

[31mThis error originated in "[1msrc/video-editor/tests/video-editor.happy-pa
th.test.tsx[22m" test file. It doesn't mean the error was thrown inside the fi
le itself, but while it was running.[39m
[31mThe latest test that might've caused the error is "[1minterpolates keyfra
med opacity and transform values in the renderer[22m". It might mean one of th
e following:
- The error was thrown, while Vitest was running this test.
- If the error occurred after the test had been completed, this was the last do
cumented test before it was thrown.[39m

[31mтОптОптОптОптОп[39m[1m[41m Uncaught Exception [49m[22m[31mтОптОптОпт
ОптОп[39m
[31m[1mTypeError[22m: Cannot read properties of undefined (reading 'createPr
oject')[39m
[36m [2mтЭп[22m onClick src/video-editor/components/ProjectDropdown.tsx:[2m
94:15[22m[39m
    [90m 92|[39m      [33mlabel[39m[33m=[39m[32m"New project"[39m
    [90m 93|[39m      [33monClick[39m[33m=[39m[33m{[39m() [33m=>[39m 
{
    [90m 94|[39m       actions[33m.[39m[34mcreateProject[39m()
    [90m   |[39m               [31m^[39m
    [90m 95|[39m       [34monClose[39m()
    [90m 96|[39m      }[33m}[39m
[90m [2mтЭп[22m executeDispatch node_modules/react-dom/cjs/react-dom-client.
development.js:[2m19116:9[22m[39m
[90m [2mтЭп[22m runWithFiberInDEV node_modules/react-dom/cjs/react-dom-clien
t.development.js:[2m874:13[22m[39m
[90m [2mтЭп[22m processDispatchQueue node_modules/react-dom/cjs/react-dom-cl
ient.development.js:[2m19166:19[22m[39m
[90m [2mтЭп[22m node_modules/react-dom/cjs/react-dom-client.development.js:
[2m19767:9[22m[39m
[90m [2mтЭп[22m batchedUpdates$1 node_modules/react-dom/cjs/react-dom-client
.development.js:[2m3255:40[22m[39m
[90m [2mтЭп[22m dispatchEventForPluginEventSystem node_modules/react-dom/cjs
/react-dom-client.development.js:[2m19320:7[22m[39m
[90m [2mтЭп[22m dispatchEvent node_modules/react-dom/cjs/react-dom-client.de
velopment.js:[2m23585:11[22m[39m
[90m [2mтЭп[22m dispatchDiscreteEvent node_modules/react-dom/cjs/react-dom-c
lient.development.js:[2m23553:11[22m[39m
[90m [2mтЭп[22m HTMLDivElement.callTheUserObjectsOperation node_modules/jsdo
m/lib/generated/idl/EventListener.js:[2m26:30[22m[39m

[31mThis error originated in "[1msrc/video-editor/tests/video-editor.happy-pa
th.test.tsx[22m" test file. It doesn't mean the error was thrown inside the fi
le itself, but while it was running.[39m
[31mThe latest test that might've caused the error is "[1minterpolates keyfra
med opacity and transform values in the renderer[22m". It might mean one of th
e following:
- The error was thrown, while Vitest was running this test.
- If the error occurred after the test had been completed, this was the last do
cumented test before it was thrown.[39m

[31mтОптОптОптОп[39m[1m[41m Unhandled Rejection [49m[22m[31mтОптОптОптОп
тОп[39m
[31m[1mReferenceError[22m: createPreviewStructureFromRegistry is not defined
[39m
[36m [2mтЭп[22m syncSessionDerivedState src/video-editor/dkt/runtime/createM
iniCutDktRuntime.ts:[2m898:21[22m[39m
    [90m896|[39m    [33m:[39m [35mnull[39m
    [90m897|[39m   const snapshot = await createRegistryFromModelTree(app.app
Model, actтАж
    [90m898|[39m   const structure = createPreviewStructureFromRegistry(snaps
hot, activтАж
    [90m   |[39m                     [31m^[39m
    [90m899|[39m   [35mawait[39m sessionRoot[33m.[39m[34mdispatch[39m(
[32m'syncPreviewModel'[39m[33m,[39m { structure })
    [90m900|[39m  }
[90m [2mтЭп[22m materializeRegistryHierarchy src/video-editor/dkt/runtime/cr
eateMiniCutDktRuntime.ts:[2m1132:4[22m[39m
[90m [2mтЭп[22m Object.replaceRegistryState src/video-editor/dkt/runtime/cre
ateMiniCutDktRuntime.ts:[2m771:3[22m[39m

[31mThis error originated in "[1msrc/video-editor/tests/video-editor.happy-pa
th.test.tsx[22m" test file. It doesn't mean the error was thrown inside the fi
le itself, but while it was running.[39m
[31mThe latest test that might've caused the error is "[1medits clip fade in 
and fade out controls and previews faded opacity[22m". It might mean one of th
e following:
- The error was thrown, while Vitest was running this test.
- If the error occurred after the test had been completed, this was the last do
cumented test before it was thrown.[39m

[31mтОптОптОптОптОп[39m[1m[41m Uncaught Exception [49m[22m[31mтОптОптОпт
ОптОп[39m
[31m[1mTypeError[22m: Cannot read properties of undefined (reading 'createPr
oject')[39m
[36m [2mтЭп[22m onClick src/video-editor/components/ProjectDropdown.tsx:[2m
94:15[22m[39m
    [90m 92|[39m      [33mlabel[39m[33m=[39m[32m"New project"[39m
    [90m 93|[39m      [33monClick[39m[33m=[39m[33m{[39m() [33m=>[39m 
{
    [90m 94|[39m       actions[33m.[39m[34mcreateProject[39m()
    [90m   |[39m               [31m^[39m
    [90m 95|[39m       [34monClose[39m()
    [90m 96|[39m      }[33m}[39m
[90m [2mтЭп[22m executeDispatch node_modules/react-dom/cjs/react-dom-client.
development.js:[2m19116:9[22m[39m
[90m [2mтЭп[22m runWithFiberInDEV node_modules/react-dom/cjs/react-dom-clien
t.development.js:[2m874:13[22m[39m
[90m [2mтЭп[22m processDispatchQueue node_modules/react-dom/cjs/react-dom-cl
ient.development.js:[2m19166:19[22m[39m
[90m [2mтЭп[22m node_modules/react-dom/cjs/react-dom-client.development.js:
[2m19767:9[22m[39m
[90m [2mтЭп[22m batchedUpdates$1 node_modules/react-dom/cjs/react-dom-client
.development.js:[2m3255:40[22m[39m
[90m [2mтЭп[22m dispatchEventForPluginEventSystem node_modules/react-dom/cjs
/react-dom-client.development.js:[2m19320:7[22m[39m
[90m [2mтЭп[22m dispatchEvent node_modules/react-dom/cjs/react-dom-client.de
velopment.js:[2m23585:11[22m[39m
[90m [2mтЭп[22m dispatchDiscreteEvent node_modules/react-dom/cjs/react-dom-c
lient.development.js:[2m23553:11[22m[39m
[90m [2mтЭп[22m HTMLDivElement.callTheUserObjectsOperation node_modules/jsdo
m/lib/generated/idl/EventListener.js:[2m26:30[22m[39m

[31mThis error originated in "[1msrc/video-editor/tests/video-editor.happy-pa
th.test.tsx[22m" test file. It doesn't mean the error was thrown inside the fi
le itself, but while it was running.[39m
[31mThe latest test that might've caused the error is "[1medits clip fade in 
and fade out controls and previews faded opacity[22m". It might mean one of th
e following:
- The error was thrown, while Vitest was running this test.
- If the error occurred after the test had been completed, this was the last do
cumented test before it was thrown.[39m

[31mтОптОптОптОп[39m[1m[41m Unhandled Rejection [49m[22m[31mтОптОптОптОп
тОп[39m
[31m[1mReferenceError[22m: createPreviewStructureFromRegistry is not defined
[39m
[36m [2mтЭп[22m syncSessionDerivedState src/video-editor/dkt/runtime/createM
iniCutDktRuntime.ts:[2m898:21[22m[39m
    [90m896|[39m    [33m:[39m [35mnull[39m
    [90m897|[39m   const snapshot = await createRegistryFromModelTree(app.app
Model, actтАж
    [90m898|[39m   const structure = createPreviewStructureFromRegistry(snaps
hot, activтАж
    [90m   |[39m                     [31m^[39m
    [90m899|[39m   [35mawait[39m sessionRoot[33m.[39m[34mdispatch[39m(
[32m'syncPreviewModel'[39m[33m,[39m { structure })
    [90m900|[39m  }
[90m [2mтЭп[22m materializeRegistryHierarchy src/video-editor/dkt/runtime/cr
eateMiniCutDktRuntime.ts:[2m1132:4[22m[39m
[90m [2mтЭп[22m Object.replaceRegistryState src/video-editor/dkt/runtime/cre
ateMiniCutDktRuntime.ts:[2m771:3[22m[39m

[31mThis error originated in "[1msrc/video-editor/tests/video-editor.happy-pa
th.test.tsx[22m" test file. It doesn't mean the error was thrown inside the fi
le itself, but while it was running.[39m
[31mThe latest test that might've caused the error is "[1mapplies every color
 preset button in inspector[22m". It might mean one of the following:
- The error was thrown, while Vitest was running this test.
- If the error occurred after the test had been completed, this was the last do
cumented test before it was thrown.[39m

[31mтОптОптОптОптОп[39m[1m[41m Uncaught Exception [49m[22m[31mтОптОптОпт
ОптОп[39m
[31m[1mTypeError[22m: Cannot read properties of undefined (reading 'createPr
oject')[39m
[36m [2mтЭп[22m onClick src/video-editor/components/ProjectDropdown.tsx:[2m
94:15[22m[39m
    [90m 92|[39m      [33mlabel[39m[33m=[39m[32m"New project"[39m
    [90m 93|[39m      [33monClick[39m[33m=[39m[33m{[39m() [33m=>[39m 
{
    [90m 94|[39m       actions[33m.[39m[34mcreateProject[39m()
    [90m   |[39m               [31m^[39m
    [90m 95|[39m       [34monClose[39m()
    [90m 96|[39m      }[33m}[39m
[90m [2mтЭп[22m executeDispatch node_modules/react-dom/cjs/react-dom-client.
development.js:[2m19116:9[22m[39m
[90m [2mтЭп[22m runWithFiberInDEV node_modules/react-dom/cjs/react-dom-clien
t.development.js:[2m874:13[22m[39m
[90m [2mтЭп[22m processDispatchQueue node_modules/react-dom/cjs/react-dom-cl
ient.development.js:[2m19166:19[22m[39m
[90m [2mтЭп[22m node_modules/react-dom/cjs/react-dom-client.development.js:
[2m19767:9[22m[39m
[90m [2mтЭп[22m batchedUpdates$1 node_modules/react-dom/cjs/react-dom-client
.development.js:[2m3255:40[22m[39m
[90m [2mтЭп[22m dispatchEventForPluginEventSystem node_modules/react-dom/cjs
/react-dom-client.development.js:[2m19320:7[22m[39m
[90m [2mтЭп[22m dispatchEvent node_modules/react-dom/cjs/react-dom-client.de
velopment.js:[2m23585:11[22m[39m
[90m [2mтЭп[22m dispatchDiscreteEvent node_modules/react-dom/cjs/react-dom-c
lient.development.js:[2m23553:11[22m[39m
[90m [2mтЭп[22m HTMLDivElement.callTheUserObjectsOperation node_modules/jsdo
m/lib/generated/idl/EventListener.js:[2m26:30[22m[39m

[31mThis error originated in "[1msrc/video-editor/tests/video-editor.happy-pa
th.test.tsx[22m" test file. It doesn't mean the error was thrown inside the fi
le itself, but while it was running.[39m
[31mThe latest test that might've caused the error is "[1mapplies every color
 preset button in inspector[22m". It might mean one of the following:
- The error was thrown, while Vitest was running this test.
- If the error occurred after the test had been completed, this was the last do
cumented test before it was thrown.[39m

[31mтОптОптОптОп[39m[1m[41m Unhandled Rejection [49m[22m[31mтОптОптОптОп
тОп[39m
[31m[1mReferenceError[22m: createPreviewStructureFromRegistry is not defined
[39m
[36m [2mтЭп[22m syncSessionDerivedState src/video-editor/dkt/runtime/createM
iniCutDktRuntime.ts:[2m898:21[22m[39m
    [90m896|[39m    [33m:[39m [35mnull[39m
    [90m897|[39m   const snapshot = await createRegistryFromModelTree(app.app
Model, actтАж
    [90m898|[39m   const structure = createPreviewStructureFromRegistry(snaps
hot, activтАж
    [90m   |[39m                     [31m^[39m
    [90m899|[39m   [35mawait[39m sessionRoot[33m.[39m[34mdispatch[39m(
[32m'syncPreviewModel'[39m[33m,[39m { structure })
    [90m900|[39m  }
[90m [2mтЭп[22m materializeRegistryHierarchy src/video-editor/dkt/runtime/cr
eateMiniCutDktRuntime.ts:[2m1132:4[22m[39m
[90m [2mтЭп[22m Object.replaceRegistryState src/video-editor/dkt/runtime/cre
ateMiniCutDktRuntime.ts:[2m771:3[22m[39m

[31mThis error originated in "[1msrc/video-editor/tests/video-editor.happy-pa
th.test.tsx[22m" test file. It doesn't mean the error was thrown inside the fi
le itself, but while it was running.[39m
[31mThe latest test that might've caused the error is "[1medits clip name, di
rect color input, and every transform input[22m". It might mean one of the fol
lowing:
- The error was thrown, while Vitest was running this test.
- If the error occurred after the test had been completed, this was the last do
cumented test before it was thrown.[39m

[31mтОптОптОптОптОп[39m[1m[41m Uncaught Exception [49m[22m[31mтОптОптОпт
ОптОп[39m
[31m[1mTypeError[22m: Cannot read properties of undefined (reading 'createPr
oject')[39m
[36m [2mтЭп[22m onClick src/video-editor/components/ProjectDropdown.tsx:[2m
94:15[22m[39m
    [90m 92|[39m      [33mlabel[39m[33m=[39m[32m"New project"[39m
    [90m 93|[39m      [33monClick[39m[33m=[39m[33m{[39m() [33m=>[39m 
{
    [90m 94|[39m       actions[33m.[39m[34mcreateProject[39m()
    [90m   |[39m               [31m^[39m
    [90m 95|[39m       [34monClose[39m()
    [90m 96|[39m      }[33m}[39m
[90m [2mтЭп[22m executeDispatch node_modules/react-dom/cjs/react-dom-client.
development.js:[2m19116:9[22m[39m
[90m [2mтЭп[22m runWithFiberInDEV node_modules/react-dom/cjs/react-dom-clien
t.development.js:[2m874:13[22m[39m
[90m [2mтЭп[22m processDispatchQueue node_modules/react-dom/cjs/react-dom-cl
ient.development.js:[2m19166:19[22m[39m
[90m [2mтЭп[22m node_modules/react-dom/cjs/react-dom-client.development.js:
[2m19767:9[22m[39m
[90m [2mтЭп[22m batchedUpdates$1 node_modules/react-dom/cjs/react-dom-client
.development.js:[2m3255:40[22m[39m
[90m [2mтЭп[22m dispatchEventForPluginEventSystem node_modules/react-dom/cjs
/react-dom-client.development.js:[2m19320:7[22m[39m
[90m [2mтЭп[22m dispatchEvent node_modules/react-dom/cjs/react-dom-client.de
velopment.js:[2m23585:11[22m[39m
[90m [2mтЭп[22m dispatchDiscreteEvent node_modules/react-dom/cjs/react-dom-c
lient.development.js:[2m23553:11[22m[39m
[90m [2mтЭп[22m HTMLDivElement.callTheUserObjectsOperation node_modules/jsdo
m/lib/generated/idl/EventListener.js:[2m26:30[22m[39m

[31mThis error originated in "[1msrc/video-editor/tests/video-editor.happy-pa
th.test.tsx[22m" test file. It doesn't mean the error was thrown inside the fi
le itself, but while it was running.[39m
[31mThe latest test that might've caused the error is "[1medits clip name, di
rect color input, and every transform input[22m". It might mean one of the fol
lowing:
- The error was thrown, while Vitest was running this test.
- If the error occurred after the test had been completed, this was the last do
cumented test before it was thrown.[39m

[31mтОптОптОптОп[39m[1m[41m Unhandled Rejection [49m[22m[31mтОптОптОптОп
тОп[39m
[31m[1mReferenceError[22m: createPreviewStructureFromRegistry is not defined
[39m
[36m [2mтЭп[22m syncSessionDerivedState src/video-editor/dkt/runtime/createM
iniCutDktRuntime.ts:[2m898:21[22m[39m
    [90m896|[39m    [33m:[39m [35mnull[39m
    [90m897|[39m   const snapshot = await createRegistryFromModelTree(app.app
Model, actтАж
    [90m898|[39m   const structure = createPreviewStructureFromRegistry(snaps
hot, activтАж
    [90m   |[39m                     [31m^[39m
    [90m899|[39m   [35mawait[39m sessionRoot[33m.[39m[34mdispatch[39m(
[32m'syncPreviewModel'[39m[33m,[39m { structure })
    [90m900|[39m  }
[90m [2mтЭп[22m materializeRegistryHierarchy src/video-editor/dkt/runtime/cr
eateMiniCutDktRuntime.ts:[2m1132:4[22m[39m
[90m [2mтЭп[22m Object.replaceRegistryState src/video-editor/dkt/runtime/cre
ateMiniCutDktRuntime.ts:[2m771:3[22m[39m

[31mThis error originated in "[1msrc/video-editor/tests/video-editor.happy-pa
th.test.tsx[22m" test file. It doesn't mean the error was thrown inside the fi
le itself, but while it was running.[39m
[31mThe latest test that might've caused the error is "[1mkeeps projects isol
ated when switching active project[22m". It might mean one of the following:
- The error was thrown, while Vitest was running this test.
- If the error occurred after the test had been completed, this was the last do
cumented test before it was thrown.[39m

[31mтОптОптОптОптОп[39m[1m[41m Uncaught Exception [49m[22m[31mтОптОптОпт
ОптОп[39m
[31m[1mTypeError[22m: Cannot read properties of undefined (reading 'createPr
oject')[39m
[36m [2mтЭп[22m onClick src/video-editor/components/ProjectDropdown.tsx:[2m
94:15[22m[39m
    [90m 92|[39m      [33mlabel[39m[33m=[39m[32m"New project"[39m
    [90m 93|[39m      [33monClick[39m[33m=[39m[33m{[39m() [33m=>[39m 
{
    [90m 94|[39m       actions[33m.[39m[34mcreateProject[39m()
    [90m   |[39m               [31m^[39m
    [90m 95|[39m       [34monClose[39m()
    [90m 96|[39m      }[33m}[39m
[90m [2mтЭп[22m executeDispatch node_modules/react-dom/cjs/react-dom-client.
development.js:[2m19116:9[22m[39m
[90m [2mтЭп[22m runWithFiberInDEV node_modules/react-dom/cjs/react-dom-clien
t.development.js:[2m874:13[22m[39m
[90m [2mтЭп[22m processDispatchQueue node_modules/react-dom/cjs/react-dom-cl
ient.development.js:[2m19166:19[22m[39m
[90m [2mтЭп[22m node_modules/react-dom/cjs/react-dom-client.development.js:
[2m19767:9[22m[39m
[90m [2mтЭп[22m batchedUpdates$1 node_modules/react-dom/cjs/react-dom-client
.development.js:[2m3255:40[22m[39m
[90m [2mтЭп[22m dispatchEventForPluginEventSystem node_modules/react-dom/cjs
/react-dom-client.development.js:[2m19320:7[22m[39m
[90m [2mтЭп[22m dispatchEvent node_modules/react-dom/cjs/react-dom-client.de
velopment.js:[2m23585:11[22m[39m
[90m [2mтЭп[22m dispatchDiscreteEvent node_modules/react-dom/cjs/react-dom-c
lient.development.js:[2m23553:11[22m[39m
[90m [2mтЭп[22m HTMLDivElement.callTheUserObjectsOperation node_modules/jsdo
m/lib/generated/idl/EventListener.js:[2m26:30[22m[39m

[31mThis error originated in "[1msrc/video-editor/tests/video-editor.happy-pa
th.test.tsx[22m" test file. It doesn't mean the error was thrown inside the fi
le itself, but while it was running.[39m
[31mThe latest test that might've caused the error is "[1mkeeps projects isol
ated when switching active project[22m". It might mean one of the following:
- The error was thrown, while Vitest was running this test.
- If the error occurred after the test had been completed, this was the last do
cumented test before it was thrown.[39m

[31mтОптОптОптОп[39m[1m[41m Unhandled Rejection [49m[22m[31mтОптОптОптОп
тОп[39m
[31m[1mReferenceError[22m: createPreviewStructureFromRegistry is not defined
[39m
[36m [2mтЭп[22m syncSessionDerivedState src/video-editor/dkt/runtime/createM
iniCutDktRuntime.ts:[2m898:21[22m[39m
    [90m896|[39m    [33m:[39m [35mnull[39m
    [90m897|[39m   const snapshot = await createRegistryFromModelTree(app.app
Model, actтАж
    [90m898|[39m   const structure = createPreviewStructureFromRegistry(snaps
hot, activтАж
    [90m   |[39m                     [31m^[39m
    [90m899|[39m   [35mawait[39m sessionRoot[33m.[39m[34mdispatch[39m(
[32m'syncPreviewModel'[39m[33m,[39m { structure })
    [90m900|[39m  }
[90m [2mтЭп[22m materializeRegistryHierarchy src/video-editor/dkt/runtime/cr
eateMiniCutDktRuntime.ts:[2m1132:4[22m[39m
[90m [2mтЭп[22m Object.replaceRegistryState src/video-editor/dkt/runtime/cre
ateMiniCutDktRuntime.ts:[2m771:3[22m[39m

[31mThis error originated in "[1msrc/video-editor/tests/video-editor.happy-pa
th.test.tsx[22m" test file. It doesn't mean the error was thrown inside the fi
le itself, but while it was running.[39m
[31mThe latest test that might've caused the error is "[1mshows project items
 in dropdown after opening switcher[22m". It might mean one of the following:
- The error was thrown, while Vitest was running this test.
- If the error occurred after the test had been completed, this was the last do
cumented test before it was thrown.[39m

[31mтОптОптОптОптОп[39m[1m[41m Uncaught Exception [49m[22m[31mтОптОптОпт
ОптОп[39m
[31m[1mTypeError[22m: Cannot read properties of undefined (reading 'createPr
oject')[39m
[36m [2mтЭп[22m onClick src/video-editor/components/ProjectDropdown.tsx:[2m
94:15[22m[39m
    [90m 92|[39m      [33mlabel[39m[33m=[39m[32m"New project"[39m
    [90m 93|[39m      [33monClick[39m[33m=[39m[33m{[39m() [33m=>[39m 
{
    [90m 94|[39m       actions[33m.[39m[34mcreateProject[39m()
    [90m   |[39m               [31m^[39m
    [90m 95|[39m       [34monClose[39m()
    [90m 96|[39m      }[33m}[39m
[90m [2mтЭп[22m executeDispatch node_modules/react-dom/cjs/react-dom-client.
development.js:[2m19116:9[22m[39m
[90m [2mтЭп[22m runWithFiberInDEV node_modules/react-dom/cjs/react-dom-clien
t.development.js:[2m874:13[22m[39m
[90m [2mтЭп[22m processDispatchQueue node_modules/react-dom/cjs/react-dom-cl
ient.development.js:[2m19166:19[22m[39m
[90m [2mтЭп[22m node_modules/react-dom/cjs/react-dom-client.development.js:
[2m19767:9[22m[39m
[90m [2mтЭп[22m batchedUpdates$1 node_modules/react-dom/cjs/react-dom-client
.development.js:[2m3255:40[22m[39m
[90m [2mтЭп[22m dispatchEventForPluginEventSystem node_modules/react-dom/cjs
/react-dom-client.development.js:[2m19320:7[22m[39m
[90m [2mтЭп[22m dispatchEvent node_modules/react-dom/cjs/react-dom-client.de
velopment.js:[2m23585:11[22m[39m
[90m [2mтЭп[22m dispatchDiscreteEvent node_modules/react-dom/cjs/react-dom-c
lient.development.js:[2m23553:11[22m[39m
[90m [2mтЭп[22m HTMLDivElement.callTheUserObjectsOperation node_modules/jsdo
m/lib/generated/idl/EventListener.js:[2m26:30[22m[39m

[31mThis error originated in "[1msrc/video-editor/tests/video-editor.happy-pa
th.test.tsx[22m" test file. It doesn't mean the error was thrown inside the fi
le itself, but while it was running.[39m
[31mThe latest test that might've caused the error is "[1mshows project items
 in dropdown after opening switcher[22m". It might mean one of the following:
- The error was thrown, while Vitest was running this test.
- If the error occurred after the test had been completed, this was the last do
cumented test before it was thrown.[39m

[31mтОптОптОптОп[39m[1m[41m Unhandled Rejection [49m[22m[31mтОптОптОптОп
тОп[39m
[31m[1mReferenceError[22m: createPreviewStructureFromRegistry is not defined
[39m
[36m [2mтЭп[22m syncSessionDerivedState src/video-editor/dkt/runtime/createM
iniCutDktRuntime.ts:[2m898:21[22m[39m
    [90m896|[39m    [33m:[39m [35mnull[39m
    [90m897|[39m   const snapshot = await createRegistryFromModelTree(app.app
Model, actтАж
    [90m898|[39m   const structure = createPreviewStructureFromRegistry(snaps
hot, activтАж
    [90m   |[39m                     [31m^[39m
    [90m899|[39m   [35mawait[39m sessionRoot[33m.[39m[34mdispatch[39m(
[32m'syncPreviewModel'[39m[33m,[39m { structure })
    [90m900|[39m  }
[90m [2mтЭп[22m materializeRegistryHierarchy src/video-editor/dkt/runtime/cr
eateMiniCutDktRuntime.ts:[2m1132:4[22m[39m
[90m [2mтЭп[22m Object.replaceRegistryState src/video-editor/dkt/runtime/cre
ateMiniCutDktRuntime.ts:[2m771:3[22m[39m

[31mThis error originated in "[1msrc/video-editor/tests/video-editor.happy-pa
th.test.tsx[22m" test file. It doesn't mean the error was thrown inside the fi
le itself, but while it was running.[39m
[31mThe latest test that might've caused the error is "[1mcovers toolbar expo
rt, media controls, and timeline tool toggles[22m". It might mean one of the f
ollowing:
- The error was thrown, while Vitest was running this test.
- If the error occurred after the test had been completed, this was the last do
cumented test before it was thrown.[39m

[31mтОптОптОптОптОп[39m[1m[41m Uncaught Exception [49m[22m[31mтОптОптОпт
ОптОп[39m
[31m[1mTypeError[22m: Cannot read properties of undefined (reading 'createPr
oject')[39m
[36m [2mтЭп[22m onClick src/video-editor/components/ProjectDropdown.tsx:[2m
94:15[22m[39m
    [90m 92|[39m      [33mlabel[39m[33m=[39m[32m"New project"[39m
    [90m 93|[39m      [33monClick[39m[33m=[39m[33m{[39m() [33m=>[39m 
{
    [90m 94|[39m       actions[33m.[39m[34mcreateProject[39m()
    [90m   |[39m               [31m^[39m
    [90m 95|[39m       [34monClose[39m()
    [90m 96|[39m      }[33m}[39m
[90m [2mтЭп[22m executeDispatch node_modules/react-dom/cjs/react-dom-client.
development.js:[2m19116:9[22m[39m
[90m [2mтЭп[22m runWithFiberInDEV node_modules/react-dom/cjs/react-dom-clien
t.development.js:[2m874:13[22m[39m
[90m [2mтЭп[22m processDispatchQueue node_modules/react-dom/cjs/react-dom-cl
ient.development.js:[2m19166:19[22m[39m
[90m [2mтЭп[22m node_modules/react-dom/cjs/react-dom-client.development.js:
[2m19767:9[22m[39m
[90m [2mтЭп[22m batchedUpdates$1 node_modules/react-dom/cjs/react-dom-client
.development.js:[2m3255:40[22m[39m
[90m [2mтЭп[22m dispatchEventForPluginEventSystem node_modules/react-dom/cjs
/react-dom-client.development.js:[2m19320:7[22m[39m
[90m [2mтЭп[22m dispatchEvent node_modules/react-dom/cjs/react-dom-client.de
velopment.js:[2m23585:11[22m[39m
[90m [2mтЭп[22m dispatchDiscreteEvent node_modules/react-dom/cjs/react-dom-c
lient.development.js:[2m23553:11[22m[39m
[90m [2mтЭп[22m HTMLDivElement.callTheUserObjectsOperation node_modules/jsdo
m/lib/generated/idl/EventListener.js:[2m26:30[22m[39m

[31mThis error originated in "[1msrc/video-editor/tests/video-editor.happy-pa
th.test.tsx[22m" test file. It doesn't mean the error was thrown inside the fi
le itself, but while it was running.[39m
[31mThe latest test that might've caused the error is "[1mcovers toolbar expo
rt, media controls, and timeline tool toggles[22m". It might mean one of the f
ollowing:
- The error was thrown, while Vitest was running this test.
- If the error occurred after the test had been completed, this was the last do
cumented test before it was thrown.[39m

[31mтОптОптОптОп[39m[1m[41m Unhandled Rejection [49m[22m[31mтОптОптОптОп
тОп[39m
[31m[1mReferenceError[22m: createPreviewStructureFromRegistry is not defined
[39m
[36m [2mтЭп[22m syncSessionDerivedState src/video-editor/dkt/runtime/createM
iniCutDktRuntime.ts:[2m898:21[22m[39m
    [90m896|[39m    [33m:[39m [35mnull[39m
    [90m897|[39m   const snapshot = await createRegistryFromModelTree(app.app
Model, actтАж
    [90m898|[39m   const structure = createPreviewStructureFromRegistry(snaps
hot, activтАж
    [90m   |[39m                     [31m^[39m
    [90m899|[39m   [35mawait[39m sessionRoot[33m.[39m[34mdispatch[39m(
[32m'syncPreviewModel'[39m[33m,[39m { structure })
    [90m900|[39m  }
[90m [2mтЭп[22m materializeRegistryHierarchy src/video-editor/dkt/runtime/cr
eateMiniCutDktRuntime.ts:[2m1132:4[22m[39m
[90m [2mтЭп[22m Object.replaceRegistryState src/video-editor/dkt/runtime/cre
ateMiniCutDktRuntime.ts:[2m771:3[22m[39m

[31mThis error originated in "[1msrc/video-editor/tests/video-editor.happy-pa
th.test.tsx[22m" test file. It doesn't mean the error was thrown inside the fi
le itself, but while it was running.[39m
[31mThe latest test that might've caused the error is "[1mswitches inspector 
tabs for clip editing modes[22m". It might mean one of the following:
- The error was thrown, while Vitest was running this test.
- If the error occurred after the test had been completed, this was the last do
cumented test before it was thrown.[39m

[31mтОптОптОптОптОп[39m[1m[41m Uncaught Exception [49m[22m[31mтОптОптОпт
ОптОп[39m
[31m[1mTypeError[22m: Cannot read properties of undefined (reading 'createPr
oject')[39m
[36m [2mтЭп[22m onClick src/video-editor/components/ProjectDropdown.tsx:[2m
94:15[22m[39m
    [90m 92|[39m      [33mlabel[39m[33m=[39m[32m"New project"[39m
    [90m 93|[39m      [33monClick[39m[33m=[39m[33m{[39m() [33m=>[39m 
{
    [90m 94|[39m       actions[33m.[39m[34mcreateProject[39m()
    [90m   |[39m               [31m^[39m
    [90m 95|[39m       [34monClose[39m()
    [90m 96|[39m      }[33m}[39m
[90m [2mтЭп[22m executeDispatch node_modules/react-dom/cjs/react-dom-client.
development.js:[2m19116:9[22m[39m
[90m [2mтЭп[22m runWithFiberInDEV node_modules/react-dom/cjs/react-dom-clien
t.development.js:[2m874:13[22m[39m
[90m [2mтЭп[22m processDispatchQueue node_modules/react-dom/cjs/react-dom-cl
ient.development.js:[2m19166:19[22m[39m
[90m [2mтЭп[22m node_modules/react-dom/cjs/react-dom-client.development.js:
[2m19767:9[22m[39m
[90m [2mтЭп[22m batchedUpdates$1 node_modules/react-dom/cjs/react-dom-client
.development.js:[2m3255:40[22m[39m
[90m [2mтЭп[22m dispatchEventForPluginEventSystem node_modules/react-dom/cjs
/react-dom-client.development.js:[2m19320:7[22m[39m
[90m [2mтЭп[22m dispatchEvent node_modules/react-dom/cjs/react-dom-client.de
velopment.js:[2m23585:11[22m[39m
[90m [2mтЭп[22m dispatchDiscreteEvent node_modules/react-dom/cjs/react-dom-c
lient.development.js:[2m23553:11[22m[39m
[90m [2mтЭп[22m HTMLDivElement.callTheUserObjectsOperation node_modules/jsdo
m/lib/generated/idl/EventListener.js:[2m26:30[22m[39m

[31mThis error originated in "[1msrc/video-editor/tests/video-editor.happy-pa
th.test.tsx[22m" test file. It doesn't mean the error was thrown inside the fi
le itself, but while it was running.[39m
[31mThe latest test that might've caused the error is "[1mswitches inspector 
tabs for clip editing modes[22m". It might mean one of the following:
- The error was thrown, while Vitest was running this test.
- If the error occurred after the test had been completed, this was the last do
cumented test before it was thrown.[39m

[31mтОптОптОптОп[39m[1m[41m Unhandled Rejection [49m[22m[31mтОптОптОптОп
тОп[39m
[31m[1mReferenceError[22m: createPreviewStructureFromRegistry is not defined
[39m
[36m [2mтЭп[22m syncSessionDerivedState src/video-editor/dkt/runtime/createM
iniCutDktRuntime.ts:[2m898:21[22m[39m
    [90m896|[39m    [33m:[39m [35mnull[39m
    [90m897|[39m   const snapshot = await createRegistryFromModelTree(app.app
Model, actтАж
    [90m898|[39m   const structure = createPreviewStructureFromRegistry(snaps
hot, activтАж
    [90m   |[39m                     [31m^[39m
    [90m899|[39m   [35mawait[39m sessionRoot[33m.[39m[34mdispatch[39m(
[32m'syncPreviewModel'[39m[33m,[39m { structure })
    [90m900|[39m  }
[90m [2mтЭп[22m materializeRegistryHierarchy src/video-editor/dkt/runtime/cr
eateMiniCutDktRuntime.ts:[2m1132:4[22m[39m
[90m [2mтЭп[22m Object.replaceRegistryState src/video-editor/dkt/runtime/cre
ateMiniCutDktRuntime.ts:[2m771:3[22m[39m

[31mThis error originated in "[1msrc/video-editor/tests/video-editor.happy-pa
th.test.tsx[22m" test file. It doesn't mean the error was thrown inside the fi
le itself, but while it was running.[39m
[31mThe latest test that might've caused the error is "[1mcontrols cursor fro
m the timeline and syncs preview state[22m". It might mean one of the followin
g:
- The error was thrown, while Vitest was running this test.
- If the error occurred after the test had been completed, this was the last do
cumented test before it was thrown.[39m

[31mтОптОптОптОптОп[39m[1m[41m Uncaught Exception [49m[22m[31mтОптОптОпт
ОптОп[39m
[31m[1mTypeError[22m: Cannot read properties of undefined (reading 'createPr
oject')[39m
[36m [2mтЭп[22m onClick src/video-editor/components/ProjectDropdown.tsx:[2m
94:15[22m[39m
    [90m 92|[39m      [33mlabel[39m[33m=[39m[32m"New project"[39m
    [90m 93|[39m      [33monClick[39m[33m=[39m[33m{[39m() [33m=>[39m 
{
    [90m 94|[39m       actions[33m.[39m[34mcreateProject[39m()
    [90m   |[39m               [31m^[39m
    [90m 95|[39m       [34monClose[39m()
    [90m 96|[39m      }[33m}[39m
[90m [2mтЭп[22m executeDispatch node_modules/react-dom/cjs/react-dom-client.
development.js:[2m19116:9[22m[39m
[90m [2mтЭп[22m runWithFiberInDEV node_modules/react-dom/cjs/react-dom-clien
t.development.js:[2m874:13[22m[39m
[90m [2mтЭп[22m processDispatchQueue node_modules/react-dom/cjs/react-dom-cl
ient.development.js:[2m19166:19[22m[39m
[90m [2mтЭп[22m node_modules/react-dom/cjs/react-dom-client.development.js:
[2m19767:9[22m[39m
[90m [2mтЭп[22m batchedUpdates$1 node_modules/react-dom/cjs/react-dom-client
.development.js:[2m3255:40[22m[39m
[90m [2mтЭп[22m dispatchEventForPluginEventSystem node_modules/react-dom/cjs
/react-dom-client.development.js:[2m19320:7[22m[39m
[90m [2mтЭп[22m dispatchEvent node_modules/react-dom/cjs/react-dom-client.de
velopment.js:[2m23585:11[22m[39m
[90m [2mтЭп[22m dispatchDiscreteEvent node_modules/react-dom/cjs/react-dom-c
lient.development.js:[2m23553:11[22m[39m
[90m [2mтЭп[22m HTMLDivElement.callTheUserObjectsOperation node_modules/jsdo
m/lib/generated/idl/EventListener.js:[2m26:30[22m[39m

[31mThis error originated in "[1msrc/video-editor/tests/video-editor.happy-pa
th.test.tsx[22m" test file. It doesn't mean the error was thrown inside the fi
le itself, but while it was running.[39m
[31mThe latest test that might've caused the error is "[1mcontrols cursor fro
m the timeline and syncs preview state[22m". It might mean one of the followin
g:
- The error was thrown, while Vitest was running this test.
- If the error occurred after the test had been completed, this was the last do
cumented test before it was thrown.[39m

[31mтОптОптОптОп[39m[1m[41m Unhandled Rejection [49m[22m[31mтОптОптОптОп
тОп[39m
[31m[1mReferenceError[22m: createPreviewStructureFromRegistry is not defined
[39m
[36m [2mтЭп[22m syncSessionDerivedState src/video-editor/dkt/runtime/createM
iniCutDktRuntime.ts:[2m898:21[22m[39m
    [90m896|[39m    [33m:[39m [35mnull[39m
    [90m897|[39m   const snapshot = await createRegistryFromModelTree(app.app
Model, actтАж
    [90m898|[39m   const structure = createPreviewStructureFromRegistry(snaps
hot, activтАж
    [90m   |[39m                     [31m^[39m
    [90m899|[39m   [35mawait[39m sessionRoot[33m.[39m[34mdispatch[39m(
[32m'syncPreviewModel'[39m[33m,[39m { structure })
    [90m900|[39m  }
[90m [2mтЭп[22m materializeRegistryHierarchy src/video-editor/dkt/runtime/cr
eateMiniCutDktRuntime.ts:[2m1132:4[22m[39m
[90m [2mтЭп[22m Object.replaceRegistryState src/video-editor/dkt/runtime/cre
ateMiniCutDktRuntime.ts:[2m771:3[22m[39m

[31mThis error originated in "[1msrc/video-editor/tests/video-editor.happy-pa
th.test.tsx[22m" test file. It doesn't mean the error was thrown inside the fi
le itself, but while it was running.[39m
[31mThe latest test that might've caused the error is "[1mhandles empty timel
ine and renders a large number of clips without UI breakage[22m". It might mea
n one of the following:
- The error was thrown, while Vitest was running this test.
- If the error occurred after the test had been completed, this was the last do
cumented test before it was thrown.[39m

[31mтОптОптОптОптОп[39m[1m[41m Uncaught Exception [49m[22m[31mтОптОптОпт
ОптОп[39m

[2m Test Files [22m [1m[31m10 failed[39m[22m[2m | [22m[1m[32m54 passed[39m[22m[90m (64)[39m
[2m      Tests [22m [1m[31m52 failed[39m[22m[2m | [22m[1m[32m256 passed[39m[22m[90m (308)[39m
[2m     Errors [22m [1m[31m78 errors[39m[22m
[2m   Start at [22m 12:51:22
[2m   Duration [22m 100.71s[2m (transform 27.71s, setup 23.02s, import 48.78s, tests 103.28s, environment 128.58s)[22m

[31m[1mTypeError[22m: Cannot read properties of undefined (reading 'createPr
oject')[39m
[36m [2mтЭп[22m onClick src/video-editor/components/ProjectDropdown.tsx:[2m
94:15[22m[39m
    [90m 92|[39m      [33mlabel[39m[33m=[39m[32m"New project"[39m
    [90m 93|[39m      [33monClick[39m[33m=[39m[33m{[39m() [33m=>[39m 
{
    [90m 94|[39m       actions[33m.[39m[34mcreateProject[39m()
    [90m   |[39m               [31m^[39m
    [90m 95|[39m       [34monClose[39m()
    [90m 96|[39m      }[33m}[39m
[90m [2mтЭп[22m executeDispatch node_modules/react-dom/cjs/react-dom-client.
development.js:[2m19116:9[22m[39m
[90m [2mтЭп[22m runWithFiberInDEV node_modules/react-dom/cjs/react-dom-clien
t.development.js:[2m874:13[22m[39m
[90m [2mтЭп[22m processDispatchQueue node_modules/react-dom/cjs/react-dom-cl
ient.development.js:[2m19166:19[22m[39m
[90m [2mтЭп[22m node_modules/react-dom/cjs/react-dom-client.development.js:
[2m19767:9[22m[39m
[90m [2mтЭп[22m batchedUpdates$1 node_modules/react-dom/cjs/react-dom-client
.development.js:[2m3255:40[22m[39m
[90m [2mтЭп[22m dispatchEventForPluginEventSystem node_modules/react-dom/cjs
/react-dom-client.development.js:[2m19320:7[22m[39m
[90m [2mтЭп[22m dispatchEvent node_modules/react-dom/cjs/react-dom-client.de
velopment.js:[2m23585:11[22m[39m
[90m [2mтЭп[22m dispatchDiscreteEvent node_modules/react-dom/cjs/react-dom-c
lient.development.js:[2m23553:11[22m[39m
[90m [2mтЭп[22m HTMLDivElement.callTheUserObjectsOperation node_modules/jsdo
m/lib/generated/idl/EventListener.js:[2m26:30[22m[39m

[31mThis error originated in "[1msrc/video-editor/tests/video-editor.happy-pa
th.test.tsx[22m" test file. It doesn't mean the error was thrown inside the fi
le itself, but while it was running.[39m
[31mThe latest test that might've caused the error is "[1mhandles empty timel
ine and renders a large number of clips without UI breakage[22m". It might mea
n one of the following:
- The error was thrown, while Vitest was running this test.
- If the error occurred after the test had been completed, this was the last do
cumented test before it was thrown.[39m
[31mтОптОптОптОптОптОптОптОптОптОптОптОптОптОптОптОптОптОптОптОптОптОптОптОптО
птОптОптОптОптОп[39m

